Component: ARM Compiler 5.06 update 7 (build 960) Tool: armlink [4d3601]

==============================================================================

Section Cross References

    main.o(i.advertising_init) refers to memseta.o(.text) for __aeabi_memclr4
    main.o(i.advertising_init) refers to ble_advdata.o(i.ble_advdata_encode) for ble_advdata_encode
    main.o(i.advertising_init) refers to app_error.o(i.app_error_handler_bare) for app_error_handler_bare
    main.o(i.advertising_init) refers to main.o(.data) for .data
    main.o(i.advertising_init) refers to main.o(.bss) for .bss
    main.o(i.assert_nrf_callback) refers to app_error_handler_keil.o(.emb_text) for app_error_handler
    main.o(i.in_pin_handler) refers to nrfx_gpiote.o(i.nrfx_gpiote_out_toggle) for nrfx_gpiote_out_toggle
    main.o(i.main) refers to nrf_log_frontend.o(i.nrf_log_init) for nrf_log_init
    main.o(i.main) refers to app_error.o(i.app_error_handler_bare) for app_error_handler_bare
    main.o(i.main) refers to nrf_log_default_backends.o(i.nrf_log_default_backends_init) for nrf_log_default_backends_init
    main.o(i.main) refers to app_timer2.o(i.app_timer_init) for app_timer_init
    main.o(i.main) refers to bsp.o(i.bsp_init) for bsp_init
    main.o(i.main) refers to nrf_pwr_mgmt.o(i.nrf_pwr_mgmt_init) for nrf_pwr_mgmt_init
    main.o(i.main) refers to nrf_sdh.o(i.nrf_sdh_enable_request) for nrf_sdh_enable_request
    main.o(i.main) refers to nrf_sdh_ble.o(i.nrf_sdh_ble_default_cfg_set) for nrf_sdh_ble_default_cfg_set
    main.o(i.main) refers to nrf_sdh_ble.o(i.nrf_sdh_ble_enable) for nrf_sdh_ble_enable
    main.o(i.main) refers to main.o(i.advertising_init) for advertising_init
    main.o(i.main) refers to nrf_log_frontend.o(i.nrf_log_frontend_std_0) for nrf_log_frontend_std_0
    main.o(i.main) refers to bsp.o(i.bsp_indication_set) for bsp_indication_set
    main.o(i.main) refers to nrf_log_frontend.o(i.nrf_log_frontend_dequeue) for nrf_log_frontend_dequeue
    main.o(i.main) refers to nrf_pwr_mgmt.o(i.nrf_pwr_mgmt_run) for nrf_pwr_mgmt_run
    main.o(i.main) refers to nrf_log_frontend.o(log_const_data) for m_nrf_log_app_logs_data_const
    main.o(i.main) refers to main.o(.data) for .data
    main.o(.data) refers to main.o(.bss) for m_enc_advdata
    boards.o(i.bsp_board_button_idx_to_pin) refers to boards.o(.constdata) for .constdata
    boards.o(i.bsp_board_button_state_get) refers to boards.o(.constdata) for .constdata
    boards.o(i.bsp_board_init) refers to boards.o(i.nrf_gpio_cfg) for nrf_gpio_cfg
    boards.o(i.bsp_board_init) refers to boards.o(i.bsp_board_leds_off) for bsp_board_leds_off
    boards.o(i.bsp_board_init) refers to boards.o(.constdata) for .constdata
    boards.o(i.bsp_board_led_idx_to_pin) refers to boards.o(.constdata) for .constdata
    boards.o(i.bsp_board_led_invert) refers to boards.o(.constdata) for .constdata
    boards.o(i.bsp_board_led_off) refers to boards.o(i.nrf_gpio_pin_write) for nrf_gpio_pin_write
    boards.o(i.bsp_board_led_off) refers to boards.o(.constdata) for .constdata
    boards.o(i.bsp_board_led_on) refers to boards.o(i.nrf_gpio_pin_write) for nrf_gpio_pin_write
    boards.o(i.bsp_board_led_on) refers to boards.o(.constdata) for .constdata
    boards.o(i.bsp_board_led_state_get) refers to boards.o(.constdata) for .constdata
    boards.o(i.bsp_board_leds_off) refers to boards.o(i.bsp_board_led_off) for bsp_board_led_off
    boards.o(i.bsp_board_leds_on) refers to boards.o(i.bsp_board_led_on) for bsp_board_led_on
    boards.o(i.bsp_board_pin_to_button_idx) refers to boards.o(.constdata) for .constdata
    boards.o(i.bsp_board_pin_to_led_idx) refers to boards.o(.constdata) for .constdata
    bsp.o(i.alert_timer_handler) refers to boards.o(i.bsp_board_led_invert) for bsp_board_led_invert
    bsp.o(i.bsp_button_event_handler) refers to boards.o(i.bsp_board_pin_to_button_idx) for bsp_board_pin_to_button_idx
    bsp.o(i.bsp_button_event_handler) refers to app_timer2.o(i.app_timer_start) for app_timer_start
    bsp.o(i.bsp_button_event_handler) refers to app_timer2.o(i.app_timer_stop) for app_timer_stop
    bsp.o(i.bsp_button_event_handler) refers to bsp.o(.constdata) for .constdata
    bsp.o(i.bsp_button_event_handler) refers to bsp.o(.data) for .data
    bsp.o(i.bsp_button_event_handler) refers to bsp.o(.bss) for .bss
    bsp.o(i.bsp_button_is_pressed) refers to boards.o(i.bsp_board_button_state_get) for bsp_board_button_state_get
    bsp.o(i.bsp_buttons_disable) refers to app_button.o(i.app_button_disable) for app_button_disable
    bsp.o(i.bsp_buttons_enable) refers to app_button.o(i.app_button_enable) for app_button_enable
    bsp.o(i.bsp_event_to_button_action_assign) refers to bsp.o(.bss) for .bss
    bsp.o(i.bsp_indication_set) refers to bsp.o(i.bsp_led_indication) for bsp_led_indication
    bsp.o(i.bsp_indication_set) refers to bsp.o(.data) for .data
    bsp.o(i.bsp_init) refers to bsp.o(i.bsp_event_to_button_action_assign) for bsp_event_to_button_action_assign
[...]
    .constdata                               0x00004954   Section      129  ctype_o.o(.constdata)
    .constdata                               0x000049d8   Section        4  ctype_o.o(.constdata)
    table                                    0x000049d8   Data           4  ctype_o.o(.constdata)
    .conststring                             0x000049dc   Section     1003  nrf_strerror.o(.conststring)
    .conststring                             0x00004dc8   Section      102  nrf_log_str_formatter.o(.conststring)
    .conststring                             0x00004e30   Section      392  nrf_sdh_ble.o(.conststring)
    .conststrlit                             0x00004fb8   Section        6  nrf_drv_clock.o(.conststrlit)
    .conststrlit                             0x00004fc0   Section        6  nrfx_clock.o(.conststrlit)
    .conststrlit                             0x00004fc8   Section        7  nrfx_gpiote.o(.conststrlit)
    .conststrlit                             0x00004fd0   Section        4  nrfx_prs.o(.conststrlit)
    .conststrlit                             0x00004fd4   Section        5  nrfx_uart.o(.conststrlit)
    .conststrlit                             0x00004fdc   Section        6  nrfx_uarte.o(.conststrlit)
    .conststrlit                             0x00004fe4   Section       11  app_button.o(.conststrlit)
    .conststrlit                             0x00004ff0   Section       10  app_timer2.o(.conststrlit)
    .conststrlit                             0x00004ffc   Section        9  nrf_pwr_mgmt.o(.conststrlit)
    .conststrlit                             0x00005008   Section        9  nrf_sortlist.o(.conststrlit)
    .conststrlit                             0x00005014   Section       17  nrf_log_default_backends.o(.conststrlit)
    .conststrlit                             0x00005028   Section        4  nrf_log_frontend.o(.conststrlit)
    .conststrlit                             0x0000502c   Section        8  nrf_sdh.o(.conststrlit)
    .conststrlit                             0x00005034   Section       12  nrf_sdh_ble.o(.conststrlit)
    .conststrlit                             0x00005040   Section       12  nrf_sdh_soc.o(.conststrlit)
    log_backends                             0x0000506c   Section       16  nrf_log_default_backends.o(log_backends)
    __tagsym$$used                           0x0000506c   Number         0  nrf_log_default_backends.o(log_backends)
    uart_log_backend                         0x0000506c   Data          16  nrf_log_default_backends.o(log_backends)
    log_const_data                           0x0000507c   Section        8  nrf_drv_clock.o(log_const_data)
    __tagsym$$used                           0x0000507c   Number         0  nrf_drv_clock.o(log_const_data)
    log_const_data                           0x00005084   Section        8  nrfx_clock.o(log_const_data)
    __tagsym$$used                           0x00005084   Number         0  nrfx_clock.o(log_const_data)
    log_const_data                           0x0000508c   Section        8  nrfx_gpiote.o(log_const_data)
    __tagsym$$used                           0x0000508c   Number         0  nrfx_gpiote.o(log_const_data)
    log_const_data                           0x00005094   Section        8  nrfx_prs.o(log_const_data)
    __tagsym$$used                           0x00005094   Number         0  nrfx_prs.o(log_const_data)
    log_const_data                           0x0000509c   Section        8  nrfx_uart.o(log_const_data)
    __tagsym$$used                           0x0000509c   Number         0  nrfx_uart.o(log_const_data)
    log_const_data                           0x000050a4   Section        8  nrfx_uarte.o(log_const_data)
    __tagsym$$used                           0x000050a4   Number         0  nrfx_uarte.o(log_const_data)
    log_const_data                           0x000050ac   Section        8  app_button.o(log_const_data)
    __tagsym$$used                           0x000050ac   Number         0  app_button.o(log_const_data)
    log_const_data                           0x000050b4   Section        8  app_timer2.o(log_const_data)
    __tagsym$$used                           0x000050b4   Number         0  app_timer2.o(log_const_data)
    log_const_data                           0x000050bc   Section        8  nrf_pwr_mgmt.o(log_const_data)
    __tagsym$$used                           0x000050bc   Number         0  nrf_pwr_mgmt.o(log_const_data)
    log_const_data                           0x000050c4   Section        8  nrf_sortlist.o(log_const_data)
    __tagsym$$used                           0x000050c4   Number         0  nrf_sortlist.o(log_const_data)
    log_const_data                           0x000050cc   Section        8  nrf_log_frontend.o(log_const_data)
    __tagsym$$used                           0x000050cc   Number         0  nrf_log_frontend.o(log_const_data)
    log_const_data                           0x000050d4   Section        8  nrf_sdh.o(log_const_data)
    __tagsym$$used                           0x000050d4   Number         0  nrf_sdh.o(log_const_data)
    log_const_data                           0x000050dc   Section        8  nrf_sdh_ble.o(log_const_data)
    __tagsym$$used                           0x000050dc   Number         0  nrf_sdh_ble.o(log_const_data)
    log_const_data                           0x000050e4   Section        8  nrf_sdh_soc.o(log_const_data)
    __tagsym$$used                           0x000050e4   Number         0  nrf_sdh_soc.o(log_const_data)
    nrf_balloc                               0x000050ec   Section       20  nrf_log_frontend.o(nrf_balloc)
    __tagsym$$used                           0x000050ec   Number         0  nrf_log_frontend.o(nrf_balloc)
    sdh_soc_observers0                       0x00005100   Section        8  nrf_drv_clock.o(sdh_soc_observers0)
    __tagsym$$used                           0x00005100   Number         0  nrf_drv_clock.o(sdh_soc_observers0)
    m_soc_evt_observer                       0x00005100   Data           8  nrf_drv_clock.o(sdh_soc_observers0)
    sdh_stack_observers0                     0x00005108   Section        8  nrf_sdh_ble.o(sdh_stack_observers0)
    __tagsym$$used                           0x00005108   Number         0  nrf_sdh_ble.o(sdh_stack_observers0)
    m_nrf_sdh_ble_evts_poll                  0x00005108   Data           8  nrf_sdh_ble.o(sdh_stack_observers0)
    sdh_stack_observers0                     0x00005110   Section        8  nrf_sdh_soc.o(sdh_stack_observers0)
    __tagsym$$used                           0x00005110   Number         0  nrf_sdh_soc.o(sdh_stack_observers0)
    m_nrf_sdh_soc_evts_poll                  0x00005110   Data           8  nrf_sdh_soc.o(sdh_stack_observers0)
    sdh_state_observers0                     0x00005118   Section        8  nrf_drv_clock.o(sdh_state_observers0)
    __tagsym$$used                           0x00005118   Number         0  nrf_drv_clock.o(sdh_state_observers0)
    m_sd_state_observer                      0x00005118   Data           8  nrf_drv_clock.o(sdh_state_observers0)
    .data                                    0x02000000   Section       43  main.o(.data)
    m_adv_handle                             0x02000000   Data           1  main.o(.data)
    m_adv_data                               0x02000004   Data          16  main.o(.data)
    m_beacon_info                            0x02000014   Data          23  main.o(.data)
    .data                                    0x0200002c   Section       16  bsp.o(.data)
    m_stable_state                           0x0200002c   Data           1  bsp.o(.data)
    m_leds_clear                             0x0200002d   Data           1  bsp.o(.data)
    m_alert_on                               0x0200002e   Data           1  bsp.o(.data)
    current_long_push_pin_no                 0x0200002f   Data           1  bsp.o(.data)
    m_indication_type                        0x02000030   Data           4  bsp.o(.data)
    m_registered_callback                    0x02000034   Data           4  bsp.o(.data)
    release_event_at_push                    0x02000038   Data           4  bsp.o(.data)
    .data                                    0x02000040   Section       32  bsp.o(.data)
    m_bsp_leds_tmr_data                      0x02000040   Data          32  bsp.o(.data)
    .data                                    0x02000060   Section       32  bsp.o(.data)
    m_bsp_alert_tmr_data                     0x02000060   Data          32  bsp.o(.data)
    .data                                    0x02000080   Section       32  bsp.o(.data)
    m_bsp_button_tmr_data                    0x02000080   Data          32  bsp.o(.data)
    .data                                    0x020000a0   Section       12  nrf_drv_uart.o(.data)
    m_handlers                               0x020000a4   Data           4  nrf_drv_uart.o(.data)
    m_contexts                               0x020000a8   Data           4  nrf_drv_uart.o(.data)
    .data                                    0x020000ac   Section        8  nrfx_clock.o(.data)
    m_clock_cb                               0x020000ac   Data           8  nrfx_clock.o(.data)
    .data                                    0x020000b4   Section        8  nrfx_prs.o(.data)
    m_prs_box_2                              0x020000b4   Data           8  nrfx_prs.o(.data)
    .data                                    0x020000c0   Section       24  app_button.o(.data)
    m_button_count                           0x020000c0   Data           1  app_button.o(.data)
    mp_buttons                               0x020000c4   Data           4  app_button.o(.data)
    m_detection_delay                        0x020000c8   Data           4  app_button.o(.data)
    m_pin_active                             0x020000d0   Data           8  app_button.o(.data)
    .data                                    0x020000d8   Section       32  app_button.o(.data)
    m_detection_delay_timer_id_data          0x020000d8   Data          32  app_button.o(.data)
    .data                                    0x020000f8   Section       32  app_timer2.o(.data)
    m_global_active                          0x020000f8   Data           1  app_timer2.o(.data)
    mp_active_timer                          0x020000fc   Data           4  app_timer2.o(.data)
    m_rtc_inst                               0x02000100   Data           8  app_timer2.o(.data)
    m_base_counter                           0x02000108   Data           8  app_timer2.o(.data)
    m_stamp64                                0x02000110   Data           8  app_timer2.o(.data)
    .data                                    0x02000118   Section        4  app_timer2.o(.data)
    m_app_timer_sortlist_sortlist_cb         0x02000118   Data           4  app_timer2.o(.data)
    .data                                    0x0200011c   Section       12  drv_rtc.o(.data)
    m_handlers                               0x0200011c   Data           4  drv_rtc.o(.data)
    m_cb                                     0x02000120   Data           8  drv_rtc.o(.data)
    .data                                    0x02000128   Section        8  nrf_pwr_mgmt.o(.data)
    m_pwr_mgmt_evt                           0x02000128   Data           1  nrf_pwr_mgmt.o(.data)
    m_shutdown_started                       0x02000129   Data           1  nrf_pwr_mgmt.o(.data)
    m_sysoff_mtx                             0x0200012c   Data           4  nrf_pwr_mgmt.o(.data)
    .data                                    0x02000130   Section       24  nrf_log_backend_uart.o(.data)
    m_xfer_done                              0x02000130   Data           1  nrf_log_backend_uart.o(.data)
    m_async_mode                             0x02000131   Data           1  nrf_log_backend_uart.o(.data)
    .data                                    0x02000148   Section        8  nrf_log_default_backends.o(.data)
    log_backend_cb_uart_log_backend          0x02000148   Data           8  nrf_log_default_backends.o(.data)
    .data                                    0x02000150   Section        4  nrf_log_frontend.o(.data)
    m_buffer_mask                            0x02000150   Data           4  nrf_log_frontend.o(.data)
    .data                                    0x02000154   Section        8  nrf_log_frontend.o(.data)
    log_mempool_nrf_balloc_pool_stack        0x02000154   Data           8  nrf_log_frontend.o(.data)
    .data                                    0x0200015c   Section        8  nrf_log_frontend.o(.data)
    log_mempool_nrf_balloc_cb                0x0200015c   Data           8  nrf_log_frontend.o(.data)
    .data                                    0x02000164   Section       64  nrf_log_str_formatter.o(.data)
    m_freq                                   0x02000164   Data           4  nrf_log_str_formatter.o(.data)
    m_timestamp_div                          0x02000168   Data           4  nrf_log_str_formatter.o(.data)
    severity_names                           0x0200016c   Data          20  nrf_log_str_formatter.o(.data)
    m_colors                                 0x02000180   Data          36  nrf_log_str_formatter.o(.data)
    .data                                    0x020001a4   Section        3  nrf_sdh.o(.data)
    m_nrf_sdh_enabled                        0x020001a4   Data           1  nrf_sdh.o(.data)
    m_nrf_sdh_suspended                      0x020001a5   Data           1  nrf_sdh.o(.data)
    m_nrf_sdh_continue                       0x020001a6   Data           1  nrf_sdh.o(.data)
    .data                                    0x020001a7   Section        1  nrf_sdh_ble.o(.data)
    m_stack_is_enabled                       0x020001a7   Data           1  nrf_sdh_ble.o(.data)
    .data                                    0x020001a8   Section        4  system_nrf52_1.o(.data)
    __tagsym$$used                           0x020001a8   Number         0  system_nrf52_1.o(.data)
    .bss                                     0x020001ac   Section       24  main.o(.bss)
    m_adv_params                             0x020001ac   Data          24  main.o(.bss)
    .bss                                     0x020001c4   Section       31  main.o(.bss)
    m_enc_advdata                            0x020001c4   Data          31  main.o(.bss)
    .bss                                     0x020001e3   Section       12  bsp.o(.bss)
    m_events_list                            0x020001e3   Data          12  bsp.o(.bss)
    .bss                                     0x020001f0   Section       20  nrf_drv_clock.o(.bss)
    m_clock_cb                               0x020001f0   Data          20  nrf_drv_clock.o(.bss)
    .bss                                     0x02000204   Section       92  nrfx_gpiote.o(.bss)
    m_cb                                     0x02000204   Data          92  nrfx_gpiote.o(.bss)
    .bss                                     0x02000260   Section       44  nrfx_uart.o(.bss)
    m_cb                                     0x02000260   Data          44  nrfx_uart.o(.bss)
    .bss                                     0x0200028c   Section       36  nrfx_uarte.o(.bss)
    m_cb                                     0x0200028c   Data          36  nrfx_uarte.o(.bss)
    .bss                                     0x020002b0   Section       16  app_button.o(.bss)
    m_pin_states                             0x020002b0   Data          16  app_button.o(.bss)
    .bss                                     0x020002c0   Section       16  app_timer2.o(.bss)
    m_req_fifo_inst                          0x020002c0   Data          16  app_timer2.o(.bss)
    .bss                                     0x020002d0   Section       88  app_timer2.o(.bss)
    m_req_fifo_data                          0x020002d0   Data          88  app_timer2.o(.bss)
    .bss                                     0x02000328   Section       12  app_util_platform.o(.bss)
    .bss                                     0x02000334   Section       12  nrf_pwr_mgmt.o(.bss)
    m_handlers_iter                          0x02000334   Data          12  nrf_pwr_mgmt.o(.bss)
    .bss                                     0x02000340   Section       64  nrf_log_backend_uart.o(.bss)
    m_string_buff                            0x02000340   Data          64  nrf_log_backend_uart.o(.bss)
    .bss                                     0x02000380   Section      192  nrf_log_frontend.o(.bss)
    log_mempool_nrf_balloc_pool_mem          0x02000380   Data         192  nrf_log_frontend.o(.bss)
    .bss                                     0x02000440   Section      128  nrf_log_frontend.o(.bss)
    m_log_push_ringbuf_buf                   0x02000440   Data         128  nrf_log_frontend.o(.bss)
    .bss                                     0x020004c0   Section       24  nrf_log_frontend.o(.bss)
    m_log_push_ringbuf_cb                    0x020004c0   Data          24  nrf_log_frontend.o(.bss)
    .bss                                     0x020004d8   Section     1056  nrf_log_frontend.o(.bss)
    m_log_data                               0x020004d8   Data        1056  nrf_log_frontend.o(.bss)
    STACK                                    0x020008f8   Section     2048  arm_startup_nrf52805.o(STACK)

    Global Symbols

    Symbol Name                              Value     Ov Type        Size  Object(Section)

    BuildAttributes$$THM_ISAv4$E$P$D$K$B$S$7EM$PE$A:L22UL41UL21$X:L11$S22US41US21$IEEE1$IW$USESV6$~STKCKD$USESV7$~SHL$OSPACE$EBA8$MICROLIB$REQ8$EABIv2 0x00000000   Number         0  anon$$obj.o ABSOLUTE
    __ARM_use_no_argv                        0x00000000   Number         0  main.o ABSOLUTE
    __Vectors                                0x00000000   Data           4  arm_startup_nrf52805.o(RESET)
    __use_no_errno                           0x00000000   Number         0  useno.o ABSOLUTE
    __use_no_exception_handling              0x00000000   Number         0  useno.o ABSOLUTE
    __use_no_fp                              0x00000000   Number         0  useno.o ABSOLUTE
    __use_no_heap                            0x00000000   Number         0  useno.o ABSOLUTE
    __use_no_heap_region                     0x00000000   Number         0  useno.o ABSOLUTE
    __use_no_semihosting                     0x00000000   Number         0  useno.o ABSOLUTE
    __use_no_semihosting_swi                 0x00000000   Number         0  useno.o ABSOLUTE
    __use_no_signal_handling                 0x00000000   Number         0  useno.o ABSOLUTE
    __arm_fini_                               - Undefined Weak Reference
    __cpp_initialize__aeabi_                  - Undefined Weak Reference
    __cxa_finalize                            - Undefined Weak Reference
    _clock_init                               - Undefined Weak Reference
    _microlib_exit                            - Undefined Weak Reference
    log_dynamic_data$$Base                    - Undefined Reference
    pwr_mgmt_data0$$Base                      - Undefined Reference
    pwr_mgmt_data0$$Limit                     - Undefined Reference
    pwr_mgmt_data1$$Base                      - Undefined Reference
    pwr_mgmt_data1$$Limit                     - Undefined Reference
    pwr_mgmt_data2$$Base                      - Undefined Reference
    pwr_mgmt_data2$$Limit                     - Undefined Reference
    sdh_ble_observers0$$Base                  - Undefined Reference
    sdh_ble_observers0$$Limit                 - Undefined Reference
    sdh_ble_observers1$$Base                  - Undefined Reference
    sdh_ble_observers1$$Limit                 - Undefined Reference
    sdh_ble_observers2$$Base                  - Undefined Reference
    sdh_ble_observers2$$Limit                 - Undefined Reference
    sdh_ble_observers3$$Base                  - Undefined Reference
    sdh_ble_observers3$$Limit                 - Undefined Reference
    sdh_req_observers0$$Base                  - Undefined Reference
    sdh_req_observers0$$Limit                 - Undefined Reference
    sdh_req_observers1$$Base                  - Undefined Reference
    sdh_req_observers1$$Limit                 - Undefined Reference
    sdh_soc_observers1$$Base                  - Undefined Reference
    sdh_soc_observers1$$Limit                 - Undefined Reference
    sdh_stack_observers1$$Base                - Undefined Reference
    sdh_stack_observers1$$Limit               - Undefined Reference
    sdh_state_observers1$$Base                - Undefined Reference
    sdh_state_observers1$$Limit               - Undefined Reference
    __Vectors_End                            0x00000200   Data           0  arm_startup_nrf52805.o(RESET)
    __Vectors_Size                           0x00000200   Number         0  arm_startup_nrf52805.o ABSOLUTE
    __main                                   0x00000201   Thumb Code     0  entry.o(.ARM.Collect$$$$00000000)
    _main_stk                                0x00000201   Thumb Code     0  entry2.o(.ARM.Collect$$$$00000001)
    _main_scatterload                        0x00000205   Thumb Code     0  entry5.o(.ARM.Collect$$$$00000004)
    __main_after_scatterload                 0x00000209   Thumb Code     0  entry5.o(.ARM.Collect$$$$00000004)
    _main_clock                              0x00000209   Thumb Code     0  entry7b.o(.ARM.Collect$$$$00000008)
    _main_cpp_init                           0x00000209   Thumb Code     0  entry8b.o(.ARM.Collect$$$$0000000A)
    _main_init                               0x00000209   Thumb Code     0  entry9a.o(.ARM.Collect$$$$0000000B)
    __rt_lib_shutdown_fini                   0x00000211   Thumb Code     0  entry12b.o(.ARM.Collect$$$$0000000E)
    __rt_final_cpp                           0x00000215   Thumb Code     0  entry10a.o(.ARM.Collect$$$$0000000F)
    __rt_final_exit                          0x00000215   Thumb Code     0  entry11a.o(.ARM.Collect$$$$00000011)
    __asm___12_nrf_atfifo_c_51f461e1__nrf_atfifo_wspace_req 0x00000219   Thumb Code    56  nrf_atfifo.o(.emb_text)
    __asm___12_nrf_atfifo_c_51f461e1__nrf_atfifo_wspace_close 0x00000251   Thumb Code    18  nrf_atfifo.o(.emb_text)
    __asm___12_nrf_atfifo_c_51f461e1__nrf_atfifo_rspace_req 0x00000263   Thumb Code    58  nrf_atfifo.o(.emb_text)
    __asm___12_nrf_atfifo_c_51f461e1__nrf_atfifo_rspace_close 0x0000029d   Thumb Code    18  nrf_atfifo.o(.emb_text)
    __asm___12_nrf_atfifo_c_51f461e1__nrf_atfifo_space_clear 0x000002af   Thumb Code    50  nrf_atfifo.o(.emb_text)
    __asm___12_nrf_atomic_c_85ca2469__nrf_atomic_internal_mov 0x000002e1   Thumb Code    24  nrf_atomic.o(.emb_text)
    __asm___12_nrf_atomic_c_85ca2469__nrf_atomic_internal_orr 0x000002f9   Thumb Code    26  nrf_atomic.o(.emb_text)
    __asm___12_nrf_atomic_c_85ca2469__nrf_atomic_internal_and 0x00000313   Thumb Code    26  nrf_atomic.o(.emb_text)
    __asm___12_nrf_atomic_c_85ca2469__nrf_atomic_internal_eor 0x0000032d   Thumb Code    26  nrf_atomic.o(.emb_text)
    __asm___12_nrf_atomic_c_85ca2469__nrf_atomic_internal_add 0x00000347   Thumb Code    26  nrf_atomic.o(.emb_text)
    __asm___12_nrf_atomic_c_85ca2469__nrf_atomic_internal_sub 0x00000361   Thumb Code    26  nrf_atomic.o(.emb_text)
    __asm___12_nrf_atomic_c_85ca2469__nrf_atomic_internal_cmp_exch 0x0000037b   Thumb Code    42  nrf_atomic.o(.emb_text)
    __asm___12_nrf_atomic_c_85ca2469__nrf_atomic_internal_sub_hs 0x000003a5   Thumb Code    30  nrf_atomic.o(.emb_text)
    Reset_Handler                            0x000003c5   Thumb Code     8  arm_startup_nrf52805.o(.text)
    NMI_Handler                              0x000003cd   Thumb Code     2  arm_startup_nrf52805.o(.text)
    HardFault_Handler                        0x000003cf   Thumb Code     2  arm_startup_nrf52805.o(.text)
    MemoryManagement_Handler                 0x000003d1   Thumb Code     2  arm_startup_nrf52805.o(.text)
    BusFault_Handler                         0x000003d3   Thumb Code     2  arm_startup_nrf52805.o(.text)
    UsageFault_Handler                       0x000003d5   Thumb Code     2  arm_startup_nrf52805.o(.text)
    SVC_Handler                              0x000003d7   Thumb Code     2  arm_startup_nrf52805.o(.text)
    DebugMon_Handler                         0x000003d9   Thumb Code     2  arm_startup_nrf52805.o(.text)
    PendSV_Handler                           0x000003db   Thumb Code     2  arm_startup_nrf52805.o(.text)
    SysTick_Handler                          0x000003dd   Thumb Code     2  arm_startup_nrf52805.o(.text)
    CCM_AAR_IRQHandler                       0x000003df   Thumb Code     0  arm_startup_nrf52805.o(.text)
    ECB_IRQHandler                           0x000003df   Thumb Code     0  arm_startup_nrf52805.o(.text)
    QDEC_IRQHandler                          0x000003df   Thumb Code     0  arm_startup_nrf52805.o(.text)
    RADIO_IRQHandler                         0x000003df   Thumb Code     0  arm_startup_nrf52805.o(.text)
    RNG_IRQHandler                           0x000003df   Thumb Code     0  arm_startup_nrf52805.o(.text)
    RTC0_IRQHandler                          0x000003df   Thumb Code     0  arm_startup_nrf52805.o(.text)
    SAADC_IRQHandler                         0x000003df   Thumb Code     0  arm_startup_nrf52805.o(.text)
    SPIM0_SPIS0_SPI0_IRQHandler              0x000003df   Thumb Code     0  arm_startup_nrf52805.o(.text)
    SWI0_EGU0_IRQHandler                     0x000003df   Thumb Code     0  arm_startup_nrf52805.o(.text)
    SWI1_EGU1_IRQHandler                     0x000003df   Thumb Code     0  arm_startup_nrf52805.o(.text)
    SWI3_IRQHandler                          0x000003df   Thumb Code     0  arm_startup_nrf52805.o(.text)
    SWI4_IRQHandler                          0x000003df   Thumb Code     0  arm_startup_nrf52805.o(.text)
    SWI5_IRQHandler                          0x000003df   Thumb Code     0  arm_startup_nrf52805.o(.text)
    TEMP_IRQHandler                          0x000003df   Thumb Code     0  arm_startup_nrf52805.o(.text)
    TIMER0_IRQHandler                        0x000003df   Thumb Code     0  arm_startup_nrf52805.o(.text)
    TIMER1_IRQHandler                        0x000003df   Thumb Code     0  arm_startup_nrf52805.o(.text)
    TIMER2_IRQHandler                        0x000003df   Thumb Code     0  arm_startup_nrf52805.o(.text)
    TWIM0_TWIS0_TWI0_IRQHandler              0x000003df   Thumb Code     0  arm_startup_nrf52805.o(.text)
    WDT_IRQHandler                           0x000003df   Thumb Code     0  arm_startup_nrf52805.o(.text)
    __aeabi_uldivmod                         0x000003e9   Thumb Code    98  uldiv.o(.text)
    __aeabi_llsl                             0x0000044b   Thumb Code    30  llshl.o(.text)
    _ll_shift_l                              0x0000044b   Thumb Code     0  llshl.o(.text)
    __rt_ctype_table                         0x00000469   Thumb Code     4  ctype_o.o(.text)
    __aeabi_memcpy                           0x00000471   Thumb Code    36  memcpya.o(.text)
    __aeabi_memcpy4                          0x00000471   Thumb Code     0  memcpya.o(.text)
    __aeabi_memcpy8                          0x00000471   Thumb Code     0  memcpya.o(.text)
    __aeabi_memset                           0x00000495   Thumb Code    14  memseta.o(.text)
    __aeabi_memset4                          0x00000495   Thumb Code     0  memseta.o(.text)
    __aeabi_memset8                          0x00000495   Thumb Code     0  memseta.o(.text)
    __aeabi_memclr                           0x000004a3   Thumb Code     4  memseta.o(.text)
    __aeabi_memclr4                          0x000004a3   Thumb Code     0  memseta.o(.text)
    __aeabi_memclr8                          0x000004a3   Thumb Code     0  memseta.o(.text)
    _memset$wrapper                          0x000004a7   Thumb Code    18  memseta.o(.text)
    strlen                                   0x000004b9   Thumb Code    14  strlen.o(.text)
    __aeabi_llsr                             0x000004c7   Thumb Code    32  llushr.o(.text)
    _ll_ushift_r                             0x000004c7   Thumb Code     0  llushr.o(.text)
    __scatterload                            0x000004e9   Thumb Code    28  init.o(.text)
    __scatterload_rt2                        0x000004e9   Thumb Code     0  init.o(.text)
    __decompress                             0x0000050d   Thumb Code     0  __dczerorl2.o(.text)
    __decompress1                            0x0000050d   Thumb Code    86  __dczerorl2.o(.text)
    GPIOTE_IRQHandler                        0x00000565   Thumb Code   154  nrfx_gpiote.o(i.GPIOTE_IRQHandler)
    POWER_CLOCK_IRQHandler                   0x00000609   Thumb Code    74  nrfx_clock.o(i.POWER_CLOCK_IRQHandler)
    RTC1_IRQHandler                          0x00000659   Thumb Code    12  drv_rtc.o(i.RTC1_IRQHandler)
    SWI2_IRQHandler                          0x00000669   Thumb Code     4  nrf_sdh.o(i.SWI2_IRQHandler)
    SystemInit                               0x0000066d   Thumb Code   576  system_nrf52_1.o(i.SystemInit)
    UARTE0_UART0_IRQHandler                  0x000008f1   Thumb Code     6  nrfx_prs.o(i.UARTE0_UART0_IRQHandler)
    __scatterload_copy                       0x000008fd   Thumb Code    14  handlers.o(i.__scatterload_copy)
    __scatterload_null                       0x0000090b   Thumb Code     2  handlers.o(i.__scatterload_null)
    __scatterload_zeroinit                   0x0000090d   Thumb Code    14  handlers.o(i.__scatterload_zeroinit)
    app_button_enable                        0x000009bd   Thumb Code    32  app_button.o(i.app_button_enable)
    app_button_init                          0x000009e1   Thumb Code   106  app_button.o(i.app_button_init)
    app_error_fault_handler                  0x00000a61   Thumb Code    86  app_error_weak.o(i.app_error_fault_handler)
    app_error_handler_bare                   0x00000ae5   Thumb Code    22  app_error.o(i.app_error_handler_bare)
    app_timer_cnt_get                        0x00000afd   Thumb Code     6  app_timer2.o(i.app_timer_cnt_get)
    app_timer_create                         0x00000b09   Thumb Code    32  app_timer2.o(i.app_timer_create)
    app_timer_init                           0x00000b29   Thumb Code    70  app_timer2.o(i.app_timer_init)
    app_timer_start                          0x00000b85   Thumb Code    84  app_timer2.o(i.app_timer_start)
    app_timer_stop                           0x00000bd9   Thumb Code    68  app_timer2.o(i.app_timer_stop)
    app_util_critical_region_enter           0x00000c1d   Thumb Code    64  app_util_platform.o(i.app_util_critical_region_enter)
    app_util_critical_region_exit            0x00000c65   Thumb Code    46  app_util_platform.o(i.app_util_critical_region_exit)
    ble_advdata_encode                       0x00000da9   Thumb Code   386  ble_advdata.o(i.ble_advdata_encode)
    bsp_board_init                           0x00000f8d   Thumb Code    80  boards.o(i.bsp_board_init)
    bsp_board_led_invert                     0x00000fe1   Thumb Code    32  boards.o(i.bsp_board_led_invert)
    bsp_board_led_off                        0x00001005   Thumb Code    10  boards.o(i.bsp_board_led_off)
    bsp_board_led_on                         0x00001015   Thumb Code    10  boards.o(i.bsp_board_led_on)
    bsp_board_led_state_get                  0x00001025   Thumb Code    28  boards.o(i.bsp_board_led_state_get)
    bsp_board_leds_off                       0x00001045   Thumb Code    18  boards.o(i.bsp_board_leds_off)
    bsp_board_leds_on                        0x00001057   Thumb Code    18  boards.o(i.bsp_board_leds_on)
    bsp_board_pin_to_button_idx              0x00001069   Thumb Code    30  boards.o(i.bsp_board_pin_to_button_idx)
    bsp_event_to_button_action_assign        0x0000111d   Thumb Code    64  bsp.o(i.bsp_event_to_button_action_assign)
    bsp_indication_set                       0x00001161   Thumb Code    20  bsp.o(i.bsp_indication_set)
    bsp_init                                 0x00001179   Thumb Code   128  bsp.o(i.bsp_init)
    buffer_is_empty                          0x00001499   Thumb Code    18  nrf_log_frontend.o(i.buffer_is_empty)
    drv_rtc_compare_disable                  0x00001695   Thumb Code    20  drv_rtc.o(i.drv_rtc_compare_disable)
    drv_rtc_compare_pending                  0x000016a9   Thumb Code    14  drv_rtc.o(i.drv_rtc_compare_pending)
    drv_rtc_compare_set                      0x000016b7   Thumb Code    80  drv_rtc.o(i.drv_rtc_compare_set)
    drv_rtc_counter_get                      0x00001707   Thumb Code     8  drv_rtc.o(i.drv_rtc_counter_get)
    drv_rtc_init                             0x00001711   Thumb Code   148  drv_rtc.o(i.drv_rtc_init)
    drv_rtc_irq_trigger                      0x000017e9   Thumb Code    30  drv_rtc.o(i.drv_rtc_irq_trigger)
    drv_rtc_overflow_enable                  0x00001807   Thumb Code     8  drv_rtc.o(i.drv_rtc_overflow_enable)
    drv_rtc_overflow_pending                 0x0000180f   Thumb Code     8  drv_rtc.o(i.drv_rtc_overflow_pending)
    drv_rtc_start                            0x00001817   Thumb Code     8  drv_rtc.o(i.drv_rtc_start)
    drv_rtc_stop                             0x0000181f   Thumb Code     8  drv_rtc.o(i.drv_rtc_stop)
    drv_rtc_windowed_compare_set             0x00001827   Thumb Code   222  drv_rtc.o(i.drv_rtc_windowed_compare_set)
    evt_handle                               0x00001919   Thumb Code   216  app_button.o(i.evt_handle)
    log_pending_hook                         0x00001c19   Thumb Code     2  nrf_log_frontend.o(i.log_pending_hook)
    main                                     0x00001cc1   Thumb Code   174  main.o(i.main)
    nrf_atfifo_init                          0x00002005   Thumb Code    38  nrf_atfifo.o(i.nrf_atfifo_init)
    nrf_atfifo_item_alloc                    0x0000202b   Thumb Code    22  nrf_atfifo.o(i.nrf_atfifo_item_alloc)
    nrf_atfifo_item_free                     0x00002041   Thumb Code    22  nrf_atfifo.o(i.nrf_atfifo_item_free)
    nrf_atfifo_item_get                      0x00002057   Thumb Code    22  nrf_atfifo.o(i.nrf_atfifo_item_get)
    nrf_atfifo_item_put                      0x0000206d   Thumb Code    22  nrf_atfifo.o(i.nrf_atfifo_item_put)
    nrf_atomic_flag_clear_fetch              0x00002083   Thumb Code     6  nrf_atomic.o(i.nrf_atomic_flag_clear_fetch)
    nrf_atomic_flag_set                      0x00002089   Thumb Code     6  nrf_atomic.o(i.nrf_atomic_flag_set)
    nrf_atomic_u32_add                       0x0000208f   Thumb Code    12  nrf_atomic.o(i.nrf_atomic_u32_add)
    nrf_atomic_u32_fetch_and                 0x0000209b   Thumb Code    10  nrf_atomic.o(i.nrf_atomic_u32_fetch_and)
    nrf_atomic_u32_fetch_store               0x000020a5   Thumb Code    10  nrf_atomic.o(i.nrf_atomic_u32_fetch_store)
    nrf_atomic_u32_or                        0x000020af   Thumb Code    12  nrf_atomic.o(i.nrf_atomic_u32_or)
    nrf_atomic_u32_sub                       0x000020bb   Thumb Code    12  nrf_atomic.o(i.nrf_atomic_u32_sub)
    nrf_balloc_alloc                         0x000020c7   Thumb Code    68  nrf_balloc.o(i.nrf_balloc_alloc)
    nrf_balloc_free                          0x0000210b   Thumb Code    48  nrf_balloc.o(i.nrf_balloc_free)
    nrf_balloc_init                          0x0000213b   Thumb Code    48  nrf_balloc.o(i.nrf_balloc_init)
    nrf_drv_clock_init                       0x00002199   Thumb Code    56  nrf_drv_clock.o(i.nrf_drv_clock_init)
    nrf_drv_clock_lfclk_release              0x000021d9   Thumb Code    48  nrf_drv_clock.o(i.nrf_drv_clock_lfclk_release)
    nrf_drv_uart_init                        0x0000220d   Thumb Code    90  nrf_drv_uart.o(i.nrf_drv_uart_init)
    nrf_fprintf                              0x00002275   Thumb Code    26  nrf_fprintf.o(i.nrf_fprintf)
    nrf_fprintf_buffer_flush                 0x0000228f   Thumb Code    24  nrf_fprintf.o(i.nrf_fprintf_buffer_flush)
    nrf_fprintf_fmt                          0x000022a7   Thumb Code   474  nrf_fprintf_format.o(i.nrf_fprintf_fmt)
    nrf_log_backend_add                      0x00002629   Thumb Code    86  nrf_log_frontend.o(i.nrf_log_backend_add)
    nrf_log_backend_serial_put               0x00002685   Thumb Code   194  nrf_log_backend_serial.o(i.nrf_log_backend_serial_put)
    nrf_log_backend_uart_init                0x00002749   Thumb Code     6  nrf_log_backend_uart.o(i.nrf_log_backend_uart_init)
    nrf_log_color_id_get                     0x00002795   Thumb Code    42  nrf_log_frontend.o(i.nrf_log_color_id_get)
    nrf_log_default_backends_init            0x000027c5   Thumb Code    24  nrf_log_default_backends.o(i.nrf_log_default_backends_init)
    nrf_log_frontend_dequeue                 0x000027e1   Thumb Code   524  nrf_log_frontend.o(i.nrf_log_frontend_dequeue)
    nrf_log_frontend_std_0                   0x00002a15   Thumb Code     8  nrf_log_frontend.o(i.nrf_log_frontend_std_0)
    nrf_log_frontend_std_1                   0x00002a1d   Thumb Code    14  nrf_log_frontend.o(i.nrf_log_frontend_std_1)
    nrf_log_frontend_std_2                   0x00002a2b   Thumb Code    16  nrf_log_frontend.o(i.nrf_log_frontend_std_2)
    nrf_log_hexdump_entry_process            0x00002a3d   Thumb Code   150  nrf_log_str_formatter.o(i.nrf_log_hexdump_entry_process)
    nrf_log_init                             0x00002aed   Thumb Code    28  nrf_log_frontend.o(i.nrf_log_init)
    nrf_log_module_cnt_get                   0x00002b15   Thumb Code    10  nrf_log_frontend.o(i.nrf_log_module_cnt_get)
    nrf_log_module_name_get                  0x00002b29   Thumb Code    24  nrf_log_frontend.o(i.nrf_log_module_name_get)
    nrf_log_panic                            0x00002b45   Thumb Code    36  nrf_log_frontend.o(i.nrf_log_panic)
    nrf_log_std_entry_process                0x00002b6d   Thumb Code   182  nrf_log_str_formatter.o(i.nrf_log_std_entry_process)
    nrf_memobj_alloc                         0x00002c23   Thumb Code    96  nrf_memobj.o(i.nrf_memobj_alloc)
    nrf_memobj_free                          0x00002c83   Thumb Code    50  nrf_memobj.o(i.nrf_memobj_free)
    nrf_memobj_get                           0x00002cb5   Thumb Code     8  nrf_memobj.o(i.nrf_memobj_get)
    nrf_memobj_pool_init                     0x00002cbd   Thumb Code     4  nrf_memobj.o(i.nrf_memobj_pool_init)
    nrf_memobj_put                           0x00002cc1   Thumb Code    30  nrf_memobj.o(i.nrf_memobj_put)
    nrf_memobj_read                          0x00002cdf   Thumb Code    16  nrf_memobj.o(i.nrf_memobj_read)
    nrf_memobj_write                         0x00002cef   Thumb Code    16  nrf_memobj.o(i.nrf_memobj_write)
    nrf_pwr_mgmt_init                        0x00002d01   Thumb Code    28  nrf_pwr_mgmt.o(i.nrf_pwr_mgmt_init)
    nrf_pwr_mgmt_run                         0x00002d29   Thumb Code    20  nrf_pwr_mgmt.o(i.nrf_pwr_mgmt_run)
    nrf_ringbuf_init                         0x00002d3d   Thumb Code    28  nrf_ringbuf.o(i.nrf_ringbuf_init)
    nrf_sdh_ble_app_ram_start_get            0x00002d65   Thumb Code    16  nrf_sdh_ble.o(i.nrf_sdh_ble_app_ram_start_get)
    nrf_sdh_ble_default_cfg_set              0x00002d79   Thumb Code   216  nrf_sdh_ble.o(i.nrf_sdh_ble_default_cfg_set)
    nrf_sdh_ble_enable                       0x00002e6d   Thumb Code   116  nrf_sdh_ble.o(i.nrf_sdh_ble_enable)
    nrf_sdh_enable_request                   0x00002ff9   Thumb Code   102  nrf_sdh.o(i.nrf_sdh_enable_request)
    nrf_sdh_evts_poll                        0x0000306d   Thumb Code    32  nrf_sdh.o(i.nrf_sdh_evts_poll)
    nrf_sdh_is_enabled                       0x00003091   Thumb Code     6  nrf_sdh.o(i.nrf_sdh_is_enabled)
    nrf_section_iter_init                    0x000030d9   Thumb Code    10  nrf_section_iter.o(i.nrf_section_iter_init)
    nrf_section_iter_next                    0x00003107   Thumb Code    32  nrf_section_iter.o(i.nrf_section_iter_next)
    nrf_sortlist_add                         0x00003127   Thumb Code    34  nrf_sortlist.o(i.nrf_sortlist_add)
    nrf_sortlist_peek                        0x00003149   Thumb Code     6  nrf_sortlist.o(i.nrf_sortlist_peek)
    nrf_sortlist_pop                         0x0000314f   Thumb Code    14  nrf_sortlist.o(i.nrf_sortlist_pop)
    nrf_sortlist_remove                      0x0000315d   Thumb Code    30  nrf_sortlist.o(i.nrf_sortlist_remove)
    nrf_strerror_find                        0x0000317d   Thumb Code    52  nrf_strerror.o(i.nrf_strerror_find)
    nrf_strerror_get                         0x000031b5   Thumb Code    14  nrf_strerror.o(i.nrf_strerror_get)
    nrfx_clock_enable                        0x00003211   Thumb Code    34  nrfx_clock.o(i.nrfx_clock_enable)
    nrfx_clock_init                          0x0000323d   Thumb Code    22  nrfx_clock.o(i.nrfx_clock_init)
    nrfx_clock_lfclk_stop                    0x00003259   Thumb Code    38  nrfx_clock.o(i.nrfx_clock_lfclk_stop)
    nrfx_gpiote_in_event_enable              0x00003299   Thumb Code   152  nrfx_gpiote.o(i.nrfx_gpiote_in_event_enable)
    nrfx_gpiote_in_init                      0x00003339   Thumb Code   190  nrfx_gpiote.o(i.nrfx_gpiote_in_init)
    nrfx_gpiote_in_is_set                    0x00003405   Thumb Code    20  nrfx_gpiote.o(i.nrfx_gpiote_in_is_set)
    nrfx_gpiote_init                         0x00003419   Thumb Code   102  nrfx_gpiote.o(i.nrfx_gpiote_init)
    nrfx_gpiote_is_init                      0x0000348d   Thumb Code    14  nrfx_gpiote.o(i.nrfx_gpiote_is_init)
    nrfx_prs_acquire                         0x000034b1   Thumb Code    58  nrfx_prs.o(i.nrfx_prs_acquire)
    nrfx_prs_release                         0x000034eb   Thumb Code    18  nrfx_prs.o(i.nrfx_prs_release)
    nrfx_uart_0_irq_handler                  0x000034fd   Thumb Code     8  nrfx_uart.o(i.nrfx_uart_0_irq_handler)
    nrfx_uart_init                           0x0000350d   Thumb Code   200  nrfx_uart.o(i.nrfx_uart_init)
    nrfx_uart_tx                             0x000035e1   Thumb Code   162  nrfx_uart.o(i.nrfx_uart_tx)
    nrfx_uart_tx_in_progress                 0x00003689   Thumb Code    26  nrfx_uart.o(i.nrfx_uart_tx_in_progress)
    nrfx_uart_uninit                         0x000036a9   Thumb Code   182  nrfx_uart.o(i.nrfx_uart_uninit)
    nrfx_uarte_0_irq_handler                 0x00003769   Thumb Code     8  nrfx_uarte.o(i.nrfx_uarte_0_irq_handler)
    nrfx_uarte_init                          0x00003779   Thumb Code   100  nrfx_uarte.o(i.nrfx_uarte_init)
    nrfx_uarte_tx                            0x000037e5   Thumb Code   166  nrfx_uarte.o(i.nrfx_uarte_tx)
    nrfx_uarte_tx_in_progress                0x00003891   Thumb Code    22  nrfx_uarte.o(i.nrfx_uarte_tx_in_progress)
    nrfx_uarte_uninit                        0x000038ad   Thumb Code   254  nrfx_uarte.o(i.nrfx_uarte_uninit)
    nvmc_config                              0x000039b5   Thumb Code    14  system_nrf52_1.o(i.nvmc_config)
    nrf_log_backend_uart_api                 0x00004878   Data          12  nrf_log_backend_uart.o(.constdata)
    m_ram_start                              0x00004928   Data           4  nrf_sdh_ble.o(.constdata)
    __ctype_table                            0x00004954   Data         129  ctype_o.o(.constdata)
    Region$$Table$$Base                      0x0000504c   Number         0  anon$$obj.o(Region$$Table)
    Region$$Table$$Limit                     0x0000506c   Number         0  anon$$obj.o(Region$$Table)
    log_const_data$$Base                     0x0000507c   Number         0  nrf_drv_clock.o(log_const_data)
    m_nrf_log_clock_logs_data_const          0x0000507c   Data           8  nrf_drv_clock.o(log_const_data)
    m_nrf_log_CLOCK_logs_data_const          0x00005084   Data           8  nrfx_clock.o(log_const_data)
    m_nrf_log_GPIOTE_logs_data_const         0x0000508c   Data           8  nrfx_gpiote.o(log_const_data)
    m_nrf_log_PRS_logs_data_const            0x00005094   Data           8  nrfx_prs.o(log_const_data)
    m_nrf_log_UART_logs_data_const           0x0000509c   Data           8  nrfx_uart.o(log_const_data)
    m_nrf_log_UARTE_logs_data_const          0x000050a4   Data           8  nrfx_uarte.o(log_const_data)
    m_nrf_log_app_button_logs_data_const     0x000050ac   Data           8  app_button.o(log_const_data)
    m_nrf_log_app_timer_logs_data_const      0x000050b4   Data           8  app_timer2.o(log_const_data)
    m_nrf_log_pwr_mgmt_logs_data_const       0x000050bc   Data           8  nrf_pwr_mgmt.o(log_const_data)
    m_nrf_log_sortlist_logs_data_const       0x000050c4   Data           8  nrf_sortlist.o(log_const_data)
    m_nrf_log_app_logs_data_const            0x000050cc   Data           8  nrf_log_frontend.o(log_const_data)
    m_nrf_log_nrf_sdh_logs_data_const        0x000050d4   Data           8  nrf_sdh.o(log_const_data)
    m_nrf_log_nrf_sdh_ble_logs_data_const    0x000050dc   Data           8  nrf_sdh_ble.o(log_const_data)
    m_nrf_log_nrf_sdh_soc_logs_data_const    0x000050e4   Data           8  nrf_sdh_soc.o(log_const_data)
    log_const_data$$Limit                    0x000050ec   Number         0  nrf_sdh_soc.o(log_const_data)
    log_mempool                              0x000050ec   Data          20  nrf_log_frontend.o(nrf_balloc)
    sdh_soc_observers0$$Base                 0x00005100   Number         0  nrf_drv_clock.o(sdh_soc_observers0)
    sdh_soc_observers0$$Limit                0x00005108   Number         0  nrf_drv_clock.o(sdh_soc_observers0)
    sdh_stack_observers0$$Base               0x00005108   Number         0  nrf_sdh_ble.o(sdh_stack_observers0)
    sdh_stack_observers0$$Limit              0x00005118   Number         0  nrf_sdh_soc.o(sdh_stack_observers0)
    sdh_state_observers0$$Base               0x00005118   Number         0  nrf_drv_clock.o(sdh_state_observers0)
    sdh_state_observers0$$Limit              0x00005120   Number         0  nrf_drv_clock.o(sdh_state_observers0)
    Image$$RW_IRAM1$$Base                    0x02000000   Number         0  anon$$obj.o ABSOLUTE
    nrf_drv_uart_use_easy_dma                0x020000a0   Data           1  nrf_drv_uart.o(.data)
    m_uart                                   0x02000134   Data          20  nrf_log_backend_uart.o(.data)
    SystemCoreClock                          0x020001a8   Data           4  system_nrf52_1.o(.data)
    nrf_nvic_state                           0x02000328   Data          12  app_util_platform.o(.bss)
    __initial_sp                             0x020010f8   Data           0  arm_startup_nrf52805.o(STACK)



==============================================================================

Memory Map of the image

  Image Entry point : 0x00000201

  Load Region LR_IROM1 (Base: 0x00000000, Size: 0x000052cc, Max: 0x00030000, ABSOLUTE, COMPRESSED[0x00005190])

    Execution Region ER_IROM1 (Exec base: 0x00000000, Load base: 0x00000000, Size: 0x00005120, Max: 0x00030000, ABSOLUTE)

    Exec Addr    Load Addr    Size         Type   Attr      Idx    E Section Name        Object

    0x00000000   0x00000000   0x00000200   Data   RO         4293    RESET               arm_startup_nrf52805.o
    0x00000200   0x00000200   0x00000000   Code   RO         4385  * .ARM.Collect$$$$00000000  mc_w.l(entry.o)
    0x00000200   0x00000200   0x00000004   Code   RO         4439    .ARM.Collect$$$$00000001  mc_w.l(entry2.o)
    0x00000204   0x00000204   0x00000004   Code   RO         4442    .ARM.Collect$$$$00000004  mc_w.l(entry5.o)
    0x00000208   0x00000208   0x00000000   Code   RO         4444    .ARM.Collect$$$$00000008  mc_w.l(entry7b.o)
    0x00000208   0x00000208   0x00000000   Code   RO         4446    .ARM.Collect$$$$0000000A  mc_w.l(entry8b.o)
    0x00000208   0x00000208   0x00000008   Code   RO         4447    .ARM.Collect$$$$0000000B  mc_w.l(entry9a.o)
    0x00000210   0x00000210   0x00000004   Code   RO         4454    .ARM.Collect$$$$0000000E  mc_w.l(entry12b.o)
    0x00000214   0x00000214   0x00000000   Code   RO         4449    .ARM.Collect$$$$0000000F  mc_w.l(entry10a.o)
    0x00000214   0x00000214   0x00000000   Code   RO         4451    .ARM.Collect$$$$00000011  mc_w.l(entry11a.o)
    0x00000214   0x00000214   0x00000004   Code   RO         4440    .ARM.Collect$$$$00002712  mc_w.l(entry2.o)
    0x00000218   0x00000218   0x000000c8   Code   RO         2651    .emb_text           nrf_atfifo.o
    0x000002e0   0x000002e0   0x000000e2   Code   RO         2721    .emb_text           nrf_atomic.o
    0x000003c2   0x000003c2   0x00000002   PAD
    0x000003c4   0x000003c4   0x00000024   Code   RO         4294    .text               arm_startup_nrf52805.o
    0x000003e8   0x000003e8   0x00000062   Code   RO         4393    .text               mc_w.l(uldiv.o)
    0x0000044a   0x0000044a   0x0000001e   Code   RO         4395    .text               mc_w.l(llshl.o)
    0x00000468   0x00000468   0x00000008   Code   RO         4397    .text               mc_w.l(ctype_o.o)
    0x00000470   0x00000470   0x00000024   Code   RO         4425    .text               mc_w.l(memcpya.o)
    0x00000494   0x00000494   0x00000024   Code   RO         4427    .text               mc_w.l(memseta.o)
    0x000004b8   0x000004b8   0x0000000e   Code   RO         4429    .text               mc_w.l(strlen.o)
    0x000004c6   0x000004c6   0x00000020   Code   RO         4456    .text               mc_w.l(llushr.o)
    0x000004e6   0x000004e6   0x00000002   PAD
    0x000004e8   0x000004e8   0x00000024   Code   RO         4459    .text               mc_w.l(init.o)
    0x0000050c   0x0000050c   0x00000056   Code   RO         4469    .text               mc_w.l(__dczerorl2.o)
    0x00000562   0x00000562   0x00000002   PAD
    0x00000564   0x00000564   0x000000a4   Code   RO         1269    i.GPIOTE_IRQHandler  nrfx_gpiote.o
    0x00000608   0x00000608   0x00000050   Code   RO         1130    i.POWER_CLOCK_IRQHandler  nrfx_clock.o
    0x00000658   0x00000658   0x00000010   Code   RO         2437    i.RTC1_IRQHandler   drv_rtc.o
    0x00000668   0x00000668   0x00000004   Code   RO         4084    i.SWI2_IRQHandler   nrf_sdh.o
    0x0000066c   0x0000066c   0x00000284   Code   RO         4302    i.SystemInit        system_nrf52_1.o
    0x000008f0   0x000008f0   0x0000000c   Code   RO         1574    i.UARTE0_UART0_IRQHandler  nrfx_prs.o
    0x000008fc   0x000008fc   0x0000000e   Code   RO         4463    i.__scatterload_copy  mc_w.l(handlers.o)
    0x0000090a   0x0000090a   0x00000002   Code   RO         4464    i.__scatterload_null  mc_w.l(handlers.o)
    0x0000090c   0x0000090c   0x0000000e   Code   RO         4465    i.__scatterload_zeroinit  mc_w.l(handlers.o)
    0x0000091a   0x0000091a   0x00000002   PAD
    0x0000091c   0x0000091c   0x00000024   Code   RO         4085    i.__sd_nvic_app_accessible_irq  nrf_sdh.o
    0x00000940   0x00000940   0x00000074   Code   RO            4    i.advertising_init  main.o
    0x000009b4   0x000009b4   0x00000006   Code   RO          421    i.alert_timer_handler  bsp.o
    0x000009ba   0x000009ba   0x00000002   PAD
    0x000009bc   0x000009bc   0x00000024   Code   RO         1977    i.app_button_enable  app_button.o
    0x000009e0   0x000009e0   0x00000080   Code   RO         1978    i.app_button_init   app_button.o
    0x00000a60   0x00000a60   0x00000084   Code   RO         2130    i.app_error_fault_handler  app_error_weak.o
    0x00000ae4   0x00000ae4   0x00000016   Code   RO         2070    i.app_error_handler_bare  app_error.o
    0x00000afa   0x00000afa   0x00000002   PAD
    0x00000afc   0x00000afc   0x0000000c   Code   RO         2228    i.app_timer_cnt_get  app_timer2.o
    0x00000b08   0x00000b08   0x00000020   Code   RO         2229    i.app_timer_create  app_timer2.o
    0x00000b28   0x00000b28   0x0000005c   Code   RO         2230    i.app_timer_init    app_timer2.o
    0x00000b84   0x00000b84   0x00000054   Code   RO         2233    i.app_timer_start   app_timer2.o
    0x00000bd8   0x00000bd8   0x00000044   Code   RO         2234    i.app_timer_stop    app_timer2.o
    0x00000c1c   0x00000c1c   0x00000048   Code   RO         2369    i.app_util_critical_region_enter  app_util_platform.o
    0x00000c64   0x00000c64   0x00000034   Code   RO         2370    i.app_util_critical_region_exit  app_util_platform.o
    0x00000c98   0x00000c98   0x00000088   Code   RO         1628    i.apply_config      nrfx_uart.o
    0x00000d20   0x00000d20   0x00000088   Code   RO         1816    i.apply_config      nrfx_uarte.o
    0x00000da8   0x00000da8   0x00000182   Code   RO          596    i.ble_advdata_encode  ble_advdata.o
    0x00000f2a   0x00000f2a   0x00000060   Code   RO          602    i.ble_device_addr_encode  ble_advdata.o
    0x00000f8a   0x00000f8a   0x00000002   PAD
    0x00000f8c   0x00000f8c   0x00000054   Code   RO          320    i.bsp_board_init    boards.o
    0x00000fe0   0x00000fe0   0x00000024   Code   RO          322    i.bsp_board_led_invert  boards.o
    0x00001004   0x00001004   0x00000010   Code   RO          323    i.bsp_board_led_off  boards.o
    0x00001014   0x00001014   0x00000010   Code   RO          324    i.bsp_board_led_on  boards.o
    0x00001024   0x00001024   0x00000020   Code   RO          325    i.bsp_board_led_state_get  boards.o
    0x00001044   0x00001044   0x00000012   Code   RO          326    i.bsp_board_leds_off  boards.o
    0x00001056   0x00001056   0x00000012   Code   RO          327    i.bsp_board_leds_on  boards.o
    0x00001068   0x00001068   0x00000024   Code   RO          328    i.bsp_board_pin_to_button_idx  boards.o
    0x0000108c   0x0000108c   0x00000090   Code   RO          422    i.bsp_button_event_handler  bsp.o
    0x0000111c   0x0000111c   0x00000044   Code   RO          426    i.bsp_event_to_button_action_assign  bsp.o
    0x00001160   0x00001160   0x00000018   Code   RO          427    i.bsp_indication_set  bsp.o
    0x00001178   0x00001178   0x00000094   Code   RO          428    i.bsp_init          bsp.o
    0x0000120c   0x0000120c   0x000001c8   Code   RO          429    i.bsp_led_indication  bsp.o
    0x000013d4   0x000013d4   0x00000094   Code   RO         3477    i.buf_prealloc      nrf_log_frontend.o
    0x00001468   0x00001468   0x0000002e   Code   RO         2936    i.buffer_add        nrf_fprintf_format.o
    0x00001496   0x00001496   0x00000002   PAD
    0x00001498   0x00001498   0x00000018   Code   RO         3478    i.buffer_is_empty   nrf_log_frontend.o
    0x000014b0   0x000014b0   0x00000028   Code   RO         1980    i.button_get        app_button.o
    0x000014d8   0x000014d8   0x00000008   Code   RO          432    i.button_timer_handler  bsp.o
    0x000014e0   0x000014e0   0x0000001c   Code   RO         1270    i.channel_free      nrfx_gpiote.o
    0x000014fc   0x000014fc   0x00000048   Code   RO         1271    i.channel_port_alloc  nrfx_gpiote.o
    0x00001544   0x00001544   0x00000010   Code   RO         1272    i.channel_port_get  nrfx_gpiote.o
    0x00001554   0x00001554   0x00000028   Code   RO          779    i.clock_clk_started_notify  nrf_drv_clock.o
    0x0000157c   0x0000157c   0x0000001c   Code   RO          780    i.clock_irq_handler  nrf_drv_clock.o
    0x00001598   0x00001598   0x00000018   Code   RO         2236    i.compare_func      app_timer2.o
    0x000015b0   0x000015b0   0x00000088   Code   RO          603    i.conn_int_encode   ble_advdata.o
    0x00001638   0x00001638   0x00000048   Code   RO         1981    i.detection_delay_timeout_handler  app_button.o
    0x00001680   0x00001680   0x00000014   Code   RO         3479    i.dropped_sat16_get  nrf_log_frontend.o
    0x00001694   0x00001694   0x00000014   Code   RO         2438    i.drv_rtc_compare_disable  drv_rtc.o
    0x000016a8   0x000016a8   0x0000000e   Code   RO         2441    i.drv_rtc_compare_pending  drv_rtc.o
    0x000016b6   0x000016b6   0x00000050   Code   RO         2442    i.drv_rtc_compare_set  drv_rtc.o
    0x00001706   0x00001706   0x00000008   Code   RO         2443    i.drv_rtc_counter_get  drv_rtc.o
    0x0000170e   0x0000170e   0x00000002   PAD
    0x00001710   0x00001710   0x000000d8   Code   RO         2444    i.drv_rtc_init      drv_rtc.o
    0x000017e8   0x000017e8   0x0000001e   Code   RO         2445    i.drv_rtc_irq_trigger  drv_rtc.o
    0x00001806   0x00001806   0x00000008   Code   RO         2447    i.drv_rtc_overflow_enable  drv_rtc.o
    0x0000180e   0x0000180e   0x00000008   Code   RO         2448    i.drv_rtc_overflow_pending  drv_rtc.o
    0x00001816   0x00001816   0x00000008   Code   RO         2449    i.drv_rtc_start     drv_rtc.o
    0x0000181e   0x0000181e   0x00000008   Code   RO         2450    i.drv_rtc_stop      drv_rtc.o
    0x00001826   0x00001826   0x000000de   Code   RO         2455    i.drv_rtc_windowed_compare_set  drv_rtc.o
    0x00001904   0x00001904   0x00000012   Code   RO         2456    i.evt_enable        drv_rtc.o
    0x00001916   0x00001916   0x00000002   PAD
    0x00001918   0x00001918   0x000000e0   Code   RO         1982    i.evt_handle        app_button.o
    0x000019f8   0x000019f8   0x00000014   Code   RO         2457    i.evt_pending       drv_rtc.o
    0x00001a0c   0x00001a0c   0x00000034   Code   RO         2237    i.get_now           app_timer2.o
    0x00001a40   0x00001a40   0x0000003c   Code   RO         1983    i.gpiote_event_handler  app_button.o
    0x00001a7c   0x00001a7c   0x000000a6   Code   RO         2937    i.int_print         nrf_fprintf_format.o
    0x00001b22   0x00001b22   0x00000002   PAD
    0x00001b24   0x00001b24   0x00000088   Code   RO         1817    i.interrupts_enable  nrfx_uarte.o
    0x00001bac   0x00001bac   0x00000034   Code   RO         3480    i.invalid_packets_omit  nrf_log_frontend.o
    0x00001be0   0x00001be0   0x00000024   Code   RO          433    i.leds_off          bsp.o
    0x00001c04   0x00001c04   0x00000014   Code   RO          434    i.leds_timer_handler  bsp.o
    0x00001c18   0x00001c18   0x00000002   Code   RO         3481    i.log_pending_hook  nrf_log_frontend.o
    0x00001c1a   0x00001c1a   0x00000002   PAD
    0x00001c1c   0x00001c1c   0x000000a4   Code   RO         3482    i.log_skip          nrf_log_frontend.o
    0x00001cc0   0x00001cc0   0x000000d4   Code   RO            7    i.main              main.o
    0x00001d94   0x00001d94   0x00000064   Code   RO          604    i.manuf_specific_data_encode  ble_advdata.o
    0x00001df8   0x00001df8   0x0000007e   Code   RO         2976    i.memobj_op         nrf_memobj.o
    0x00001e76   0x00001e76   0x00000002   PAD
    0x00001e78   0x00001e78   0x00000030   Code   RO         3483    i.module_idx_get    nrf_log_frontend.o
    0x00001ea8   0x00001ea8   0x000000a6   Code   RO          605    i.name_encode       ble_advdata.o
    0x00001f4e   0x00001f4e   0x00000002   PAD
    0x00001f50   0x00001f50   0x00000028   Code   RO         4303    i.nrf52_errata_136  system_nrf52_1.o
    0x00001f78   0x00001f78   0x00000028   Code   RO         4304    i.nrf52_errata_31   system_nrf52_1.o
    0x00001fa0   0x00001fa0   0x00000028   Code   RO         4305    i.nrf52_errata_36   system_nrf52_1.o
    0x00001fc8   0x00001fc8   0x0000003c   Code   RO         4306    i.nrf52_errata_66   system_nrf52_1.o
    0x00002004   0x00002004   0x00000026   Code   RO         2655    i.nrf_atfifo_init   nrf_atfifo.o
    0x0000202a   0x0000202a   0x00000016   Code   RO         2656    i.nrf_atfifo_item_alloc  nrf_atfifo.o
    0x00002040   0x00002040   0x00000016   Code   RO         2657    i.nrf_atfifo_item_free  nrf_atfifo.o
    0x00002056   0x00002056   0x00000016   Code   RO         2658    i.nrf_atfifo_item_get  nrf_atfifo.o
    0x0000206c   0x0000206c   0x00000016   Code   RO         2659    i.nrf_atfifo_item_put  nrf_atfifo.o
    0x00002082   0x00002082   0x00000006   Code   RO         2723    i.nrf_atomic_flag_clear_fetch  nrf_atomic.o
    0x00002088   0x00002088   0x00000006   Code   RO         2724    i.nrf_atomic_flag_set  nrf_atomic.o
    0x0000208e   0x0000208e   0x0000000c   Code   RO         2726    i.nrf_atomic_u32_add  nrf_atomic.o
    0x0000209a   0x0000209a   0x0000000a   Code   RO         2730    i.nrf_atomic_u32_fetch_and  nrf_atomic.o
    0x000020a4   0x000020a4   0x0000000a   Code   RO         2732    i.nrf_atomic_u32_fetch_store  nrf_atomic.o
    0x000020ae   0x000020ae   0x0000000c   Code   RO         2736    i.nrf_atomic_u32_or  nrf_atomic.o
    0x000020ba   0x000020ba   0x0000000c   Code   RO         2738    i.nrf_atomic_u32_sub  nrf_atomic.o
    0x000020c6   0x000020c6   0x00000044   Code   RO         2860    i.nrf_balloc_alloc  nrf_balloc.o
    0x0000210a   0x0000210a   0x00000030   Code   RO         2861    i.nrf_balloc_free   nrf_balloc.o
    0x0000213a   0x0000213a   0x00000030   Code   RO         2862    i.nrf_balloc_init   nrf_balloc.o
    0x0000216a   0x0000216a   0x00000010   Code   RO         1273    i.nrf_bitmask_bit_is_set  nrfx_gpiote.o
    0x0000217a   0x0000217a   0x0000000e   Code   RO         1131    i.nrf_clock_event_check  nrfx_clock.o
    0x00002188   0x00002188   0x00000010   Code   RO         1132    i.nrf_clock_event_clear  nrfx_clock.o
    0x00002198   0x00002198   0x00000040   Code   RO          787    i.nrf_drv_clock_init  nrf_drv_clock.o
    0x000021d8   0x000021d8   0x00000034   Code   RO          791    i.nrf_drv_clock_lfclk_release  nrf_drv_clock.o
    0x0000220c   0x0000220c   0x00000068   Code   RO          939    i.nrf_drv_uart_init  nrf_drv_uart.o
    0x00002274   0x00002274   0x0000001a   Code   RO         2897    i.nrf_fprintf       nrf_fprintf.o
    0x0000228e   0x0000228e   0x00000018   Code   RO         2898    i.nrf_fprintf_buffer_flush  nrf_fprintf.o
    0x000022a6   0x000022a6   0x000001da   Code   RO         2938    i.nrf_fprintf_fmt   nrf_fprintf_format.o
    0x00002480   0x00002480   0x00000024   Code   RO          330    i.nrf_gpio_cfg      boards.o
    0x000024a4   0x000024a4   0x00000024   Code   RO         1274    i.nrf_gpio_cfg      nrfx_gpiote.o
    0x000024c8   0x000024c8   0x00000024   Code   RO         1629    i.nrf_gpio_cfg      nrfx_uart.o
    0x000024ec   0x000024ec   0x00000024   Code   RO         1818    i.nrf_gpio_cfg      nrfx_uarte.o
    0x00002510   0x00002510   0x00000012   Code   RO         1630    i.nrf_gpio_cfg_default  nrfx_uart.o
    0x00002522   0x00002522   0x00000012   Code   RO         1819    i.nrf_gpio_cfg_default  nrfx_uarte.o
    0x00002534   0x00002534   0x00000012   Code   RO         1631    i.nrf_gpio_cfg_input  nrfx_uart.o
    0x00002546   0x00002546   0x00000012   Code   RO         1820    i.nrf_gpio_cfg_input  nrfx_uarte.o
    0x00002558   0x00002558   0x00000014   Code   RO         1632    i.nrf_gpio_cfg_output  nrfx_uart.o
    0x0000256c   0x0000256c   0x00000014   Code   RO         1821    i.nrf_gpio_cfg_output  nrfx_uarte.o
    0x00002580   0x00002580   0x00000022   Code   RO         1276    i.nrf_gpio_cfg_sense_set  nrfx_gpiote.o
    0x000025a2   0x000025a2   0x00000002   PAD
    0x000025a4   0x000025a4   0x0000002c   Code   RO         1277    i.nrf_gpio_latches_read_and_clear  nrfx_gpiote.o
    0x000025d0   0x000025d0   0x0000001e   Code   RO         1278    i.nrf_gpio_pin_present_check  nrfx_gpiote.o
    0x000025ee   0x000025ee   0x00000016   Code   RO          331    i.nrf_gpio_pin_write  boards.o
    0x00002604   0x00002604   0x00000014   Code   RO         1279    i.nrf_gpiote_event_clear  nrfx_gpiote.o
    0x00002618   0x00002618   0x00000010   Code   RO         1280    i.nrf_gpiote_event_is_set  nrfx_gpiote.o
    0x00002628   0x00002628   0x0000005c   Code   RO         3484    i.nrf_log_backend_add  nrf_log_frontend.o
    0x00002684   0x00002684   0x000000c2   Code   RO         3328    i.nrf_log_backend_serial_put  nrf_log_backend_serial.o
    0x00002746   0x00002746   0x00000002   Code   RO         3368    i.nrf_log_backend_uart_flush  nrf_log_backend_uart.o
    0x00002748   0x00002748   0x00000006   Code   RO         3369    i.nrf_log_backend_uart_init  nrf_log_backend_uart.o
    0x0000274e   0x0000274e   0x00000002   PAD
    0x00002750   0x00002750   0x0000002c   Code   RO         3370    i.nrf_log_backend_uart_panic_set  nrf_log_backend_uart.o
    0x0000277c   0x0000277c   0x00000018   Code   RO         3371    i.nrf_log_backend_uart_put  nrf_log_backend_uart.o
    0x00002794   0x00002794   0x00000030   Code   RO         3486    i.nrf_log_color_id_get  nrf_log_frontend.o
    0x000027c4   0x000027c4   0x0000001c   Code   RO         3441    i.nrf_log_default_backends_init  nrf_log_default_backends.o
    0x000027e0   0x000027e0   0x00000234   Code   RO         3487    i.nrf_log_frontend_dequeue  nrf_log_frontend.o
    0x00002a14   0x00002a14   0x00000008   Code   RO         3489    i.nrf_log_frontend_std_0  nrf_log_frontend.o
    0x00002a1c   0x00002a1c   0x0000000e   Code   RO         3490    i.nrf_log_frontend_std_1  nrf_log_frontend.o
    0x00002a2a   0x00002a2a   0x00000010   Code   RO         3491    i.nrf_log_frontend_std_2  nrf_log_frontend.o
    0x00002a3a   0x00002a3a   0x00000002   PAD
    0x00002a3c   0x00002a3c   0x000000b0   Code   RO         3670    i.nrf_log_hexdump_entry_process  nrf_log_str_formatter.o
    0x00002aec   0x00002aec   0x00000028   Code   RO         3496    i.nrf_log_init      nrf_log_frontend.o
    0x00002b14   0x00002b14   0x00000014   Code   RO         3497    i.nrf_log_module_cnt_get  nrf_log_frontend.o
    0x00002b28   0x00002b28   0x0000001c   Code   RO         3500    i.nrf_log_module_name_get  nrf_log_frontend.o
    0x00002b44   0x00002b44   0x00000028   Code   RO         3501    i.nrf_log_panic     nrf_log_frontend.o
    0x00002b6c   0x00002b6c   0x000000b6   Code   RO         3671    i.nrf_log_std_entry_process  nrf_log_str_formatter.o
    0x00002c22   0x00002c22   0x00000060   Code   RO         2977    i.nrf_memobj_alloc  nrf_memobj.o
    0x00002c82   0x00002c82   0x00000032   Code   RO         2978    i.nrf_memobj_free   nrf_memobj.o
    0x00002cb4   0x00002cb4   0x00000008   Code   RO         2979    i.nrf_memobj_get    nrf_memobj.o
    0x00002cbc   0x00002cbc   0x00000004   Code   RO         2980    i.nrf_memobj_pool_init  nrf_memobj.o
    0x00002cc0   0x00002cc0   0x0000001e   Code   RO         2981    i.nrf_memobj_put    nrf_memobj.o
    0x00002cde   0x00002cde   0x00000010   Code   RO         2982    i.nrf_memobj_read   nrf_memobj.o
    0x00002cee   0x00002cee   0x00000010   Code   RO         2983    i.nrf_memobj_write  nrf_memobj.o
    0x00002cfe   0x00002cfe   0x00000002   PAD
    0x00002d00   0x00002d00   0x00000028   Code   RO         3055    i.nrf_pwr_mgmt_init  nrf_pwr_mgmt.o
    0x00002d28   0x00002d28   0x00000014   Code   RO         3056    i.nrf_pwr_mgmt_run  nrf_pwr_mgmt.o
    0x00002d3c   0x00002d3c   0x0000001c   Code   RO         3128    i.nrf_ringbuf_init  nrf_ringbuf.o
    0x00002d58   0x00002d58   0x0000000c   Code   RO         2458    i.nrf_rtc_event_clear  drv_rtc.o
    0x00002d64   0x00002d64   0x00000014   Code   RO         4205    i.nrf_sdh_ble_app_ram_start_get  nrf_sdh_ble.o
    0x00002d78   0x00002d78   0x000000f4   Code   RO         4206    i.nrf_sdh_ble_default_cfg_set  nrf_sdh_ble.o
    0x00002e6c   0x00002e6c   0x00000130   Code   RO         4207    i.nrf_sdh_ble_enable  nrf_sdh_ble.o
    0x00002f9c   0x00002f9c   0x0000005c   Code   RO         4208    i.nrf_sdh_ble_evts_poll  nrf_sdh_ble.o
    0x00002ff8   0x00002ff8   0x00000074   Code   RO         4087    i.nrf_sdh_enable_request  nrf_sdh.o
    0x0000306c   0x0000306c   0x00000024   Code   RO         4088    i.nrf_sdh_evts_poll  nrf_sdh.o
    0x00003090   0x00003090   0x0000000c   Code   RO         4089    i.nrf_sdh_is_enabled  nrf_sdh.o
    0x0000309c   0x0000309c   0x0000003c   Code   RO         4259    i.nrf_sdh_soc_evts_poll  nrf_sdh_soc.o
    0x000030d8   0x000030d8   0x0000000a   Code   RO         3186    i.nrf_section_iter_init  nrf_section_iter.o
    0x000030e2   0x000030e2   0x00000024   Code   RO         3187    i.nrf_section_iter_item_set  nrf_section_iter.o
    0x00003106   0x00003106   0x00000020   Code   RO         3188    i.nrf_section_iter_next  nrf_section_iter.o
    0x00003126   0x00003126   0x00000022   Code   RO         3221    i.nrf_sortlist_add  nrf_sortlist.o
    0x00003148   0x00003148   0x00000006   Code   RO         3223    i.nrf_sortlist_peek  nrf_sortlist.o
    0x0000314e   0x0000314e   0x0000000e   Code   RO         3224    i.nrf_sortlist_pop  nrf_sortlist.o
    0x0000315c   0x0000315c   0x0000001e   Code   RO         3225    i.nrf_sortlist_remove  nrf_sortlist.o
    0x0000317a   0x0000317a   0x00000002   PAD
    0x0000317c   0x0000317c   0x00000038   Code   RO         3277    i.nrf_strerror_find  nrf_strerror.o
    0x000031b4   0x000031b4   0x00000014   Code   RO         3278    i.nrf_strerror_get  nrf_strerror.o
    0x000031c8   0x000031c8   0x0000000a   Code   RO         1633    i.nrf_uart_event_check  nrfx_uart.o
    0x000031d2   0x000031d2   0x0000000c   Code   RO         1634    i.nrf_uart_event_clear  nrfx_uart.o
    0x000031de   0x000031de   0x0000000c   Code   RO         1635    i.nrf_uart_int_enable_check  nrfx_uart.o
    0x000031ea   0x000031ea   0x0000000a   Code   RO         1822    i.nrf_uarte_event_check  nrfx_uarte.o
    0x000031f4   0x000031f4   0x0000000c   Code   RO         1823    i.nrf_uarte_event_clear  nrfx_uarte.o
    0x00003200   0x00003200   0x00000010   Code   RO          794    i.nrf_wdt_started   nrf_drv_clock.o
    0x00003210   0x00003210   0x0000002c   Code   RO         1137    i.nrfx_clock_enable  nrfx_clock.o
    0x0000323c   0x0000323c   0x0000001c   Code   RO         1140    i.nrfx_clock_init   nrfx_clock.o
    0x00003258   0x00003258   0x00000030   Code   RO         1143    i.nrfx_clock_lfclk_stop  nrfx_clock.o
    0x00003288   0x00003288   0x00000010   Code   RO         2459    i.nrfx_coredep_delay_us  drv_rtc.o
    0x00003298   0x00003298   0x000000a0   Code   RO         1286    i.nrfx_gpiote_in_event_enable  nrfx_gpiote.o
    0x00003338   0x00003338   0x000000cc   Code   RO         1288    i.nrfx_gpiote_in_init  nrfx_gpiote.o
    0x00003404   0x00003404   0x00000014   Code   RO         1289    i.nrfx_gpiote_in_is_set  nrfx_gpiote.o
    0x00003418   0x00003418   0x00000074   Code   RO         1291    i.nrfx_gpiote_init  nrfx_gpiote.o
    0x0000348c   0x0000348c   0x00000014   Code   RO         1292    i.nrfx_gpiote_is_init  nrfx_gpiote.o
    0x000034a0   0x000034a0   0x00000010   Code   RO         1824    i.nrfx_is_in_ram    nrfx_uarte.o
    0x000034b0   0x000034b0   0x0000003a   Code   RO         1575    i.nrfx_prs_acquire  nrfx_prs.o
    0x000034ea   0x000034ea   0x00000012   Code   RO         1576    i.nrfx_prs_release  nrfx_prs.o
    0x000034fc   0x000034fc   0x00000010   Code   RO         1636    i.nrfx_uart_0_irq_handler  nrfx_uart.o
    0x0000350c   0x0000350c   0x000000d4   Code   RO         1638    i.nrfx_uart_init    nrfx_uart.o
    0x000035e0   0x000035e0   0x000000a8   Code   RO         1644    i.nrfx_uart_tx      nrfx_uart.o
    0x00003688   0x00003688   0x00000020   Code   RO         1646    i.nrfx_uart_tx_in_progress  nrfx_uart.o
    0x000036a8   0x000036a8   0x000000c0   Code   RO         1647    i.nrfx_uart_uninit  nrfx_uart.o
    0x00003768   0x00003768   0x00000010   Code   RO         1825    i.nrfx_uarte_0_irq_handler  nrfx_uarte.o
    0x00003778   0x00003778   0x0000006c   Code   RO         1827    i.nrfx_uarte_init   nrfx_uarte.o
    0x000037e4   0x000037e4   0x000000ac   Code   RO         1831    i.nrfx_uarte_tx     nrfx_uarte.o
    0x00003890   0x00003890   0x0000001c   Code   RO         1833    i.nrfx_uarte_tx_in_progress  nrfx_uarte.o
    0x000038ac   0x000038ac   0x00000108   Code   RO         1834    i.nrfx_uarte_uninit  nrfx_uarte.o
    0x000039b4   0x000039b4   0x00000018   Code   RO         4307    i.nvmc_config       system_nrf52_1.o
    0x000039cc   0x000039cc   0x0000001c   Code   RO         1310    i.pin_configured_set  nrfx_gpiote.o
    0x000039e8   0x000039e8   0x00000018   Code   RO         1311    i.pin_in_use_by_port  nrfx_gpiote.o
    0x00003a00   0x00003a00   0x00000018   Code   RO         1312    i.pin_in_use_by_te  nrfx_gpiote.o
    0x00003a18   0x00003a18   0x000000b4   Code   RO         1313    i.port_event_handle  nrfx_gpiote.o
    0x00003acc   0x00003acc   0x00000010   Code   RO         1314    i.port_handler_polarity_get  nrfx_gpiote.o
    0x00003adc   0x00003adc   0x0000003c   Code   RO         3673    i.postfix_process   nrf_log_str_formatter.o
    0x00003b18   0x00003b18   0x00000098   Code   RO         3674    i.prefix_process    nrf_log_str_formatter.o
    0x00003bb0   0x00003bb0   0x00000018   Code   RO         1577    i.prs_box_get       nrfx_prs.o
    0x00003bc8   0x00003bc8   0x0000005c   Code   RO         2238    i.rtc_irq           app_timer2.o
    0x00003c24   0x00003c24   0x0000006c   Code   RO         2239    i.rtc_schedule      app_timer2.o
    0x00003c90   0x00003c90   0x0000008c   Code   RO         2240    i.rtc_update        app_timer2.o
    0x00003d1c   0x00003d1c   0x00000032   Code   RO         1648    i.rx_byte           nrfx_uart.o
    0x00003d4e   0x00003d4e   0x00000016   Code   RO         1649    i.rx_done_event     nrfx_uart.o
    0x00003d64   0x00003d64   0x00000016   Code   RO         1835    i.rx_done_event     nrfx_uarte.o
    0x00003d7a   0x00003d7a   0x00000002   PAD
    0x00003d7c   0x00003d7c   0x00000058   Code   RO          795    i.sd_state_evt_handler  nrf_drv_clock.o
    0x00003dd4   0x00003dd4   0x00000030   Code   RO         4094    i.sdh_request_observer_notify  nrf_sdh.o
    0x00003e04   0x00003e04   0x0000002c   Code   RO         4095    i.sdh_state_observer_notify  nrf_sdh.o
    0x00003e30   0x00003e30   0x00000040   Code   RO         3372    i.serial_tx         nrf_log_backend_uart.o
    0x00003e70   0x00003e70   0x00000088   Code   RO          606    i.service_data_encode  ble_advdata.o
    0x00003ef8   0x00003ef8   0x00000018   Code   RO          796    i.soc_evt_handler   nrf_drv_clock.o
    0x00003f10   0x00003f10   0x00000058   Code   RO         4097    i.softdevices_evt_irq_enable  nrf_sdh.o
    0x00003f68   0x00003f68   0x0000000c   Code   RO         2241    i.sortlist_pop      app_timer2.o
    0x00003f74   0x00003f74   0x00000030   Code   RO         1984    i.state_set         app_button.o
    0x00003fa4   0x00003fa4   0x00000098   Code   RO         3503    i.std_n             nrf_log_frontend.o
    0x0000403c   0x0000403c   0x00000098   Code   RO         2242    i.timer_expire      app_timer2.o
    0x000040d4   0x000040d4   0x00000080   Code   RO         2243    i.timer_req_process  app_timer2.o
    0x00004154   0x00004154   0x00000038   Code   RO         2244    i.timer_req_schedule  app_timer2.o
    0x0000418c   0x0000418c   0x00000018   Code   RO         1985    i.timer_start       app_button.o
    0x000041a4   0x000041a4   0x00000020   Code   RO         1651    i.tx_byte           nrfx_uart.o
    0x000041c4   0x000041c4   0x0000001a   Code   RO         1652    i.tx_done_event     nrfx_uart.o
    0x000041de   0x000041de   0x0000001a   Code   RO         1836    i.tx_done_event     nrfx_uarte.o
    0x000041f8   0x000041f8   0x00000030   Code   RO          940    i.uart_evt_handler  nrf_drv_uart.o
    0x00004228   0x00004228   0x0000000c   Code   RO         3373    i.uart_evt_handler  nrf_log_backend_uart.o
    0x00004234   0x00004234   0x00000050   Code   RO         3374    i.uart_init         nrf_log_backend_uart.o
    0x00004284   0x00004284   0x0000012a   Code   RO         1653    i.uart_irq_handler  nrfx_uart.o
    0x000043ae   0x000043ae   0x00000002   PAD
    0x000043b0   0x000043b0   0x00000030   Code   RO          941    i.uarte_evt_handler  nrf_drv_uart.o
    0x000043e0   0x000043e0   0x00000112   Code   RO         1837    i.uarte_irq_handler  nrfx_uarte.o
    0x000044f2   0x000044f2   0x0000000a   Code   RO          607    i.uint16_encode     ble_advdata.o
    0x000044fc   0x000044fc   0x000000b4   Code   RO         2939    i.unsigned_print    nrf_fprintf_format.o
    0x000045b0   0x000045b0   0x00000020   Code   RO         1986    i.usr_event         app_button.o
    0x000045d0   0x000045d0   0x00000030   Code   RO          608    i.uuid_list_encode  ble_advdata.o
    0x00004600   0x00004600   0x0000009e   Code   RO          609    i.uuid_list_sized_encode  ble_advdata.o
    0x0000469e   0x0000469e   0x00000006   Data   RO          332    .constdata          boards.o
    0x000046a4   0x000046a4   0x0000002c   Data   RO          437    .constdata          bsp.o
    0x000046d0   0x000046d0   0x00000004   Data   RO         1316    .constdata          nrfx_gpiote.o
    0x000046d4   0x000046d4   0x00000004   Data   RO         1656    .constdata          nrfx_uart.o
    0x000046d8   0x000046d8   0x00000004   Data   RO         1840    .constdata          nrfx_uarte.o
    0x000046dc   0x000046dc   0x00000008   Data   RO         1988    .constdata          app_button.o
    0x000046e4   0x000046e4   0x00000014   Data   RO         2247    .constdata          app_timer2.o
    0x000046f8   0x000046f8   0x00000008   PAD
    0x00004700   0x00004700   0x00000006   Data   RO         2460    .constdata          drv_rtc.o
    0x00004706   0x00004706   0x00000010   Data   RO         2940    .constdata          nrf_fprintf_format.o
    0x00004716   0x00004716   0x00000002   PAD
    0x00004718   0x00004718   0x00000018   Data   RO         3060    .constdata          nrf_pwr_mgmt.o
    0x00004730   0x00004730   0x0000000c   Data   RO         3061    .constdata          nrf_pwr_mgmt.o
    0x0000473c   0x0000473c   0x0000013c   Data   RO         3279    .constdata          nrf_strerror.o
    0x00004878   0x00004878   0x0000000c   Data   RO         3376    .constdata          nrf_log_backend_uart.o
    0x00004884   0x00004884   0x00000020   Data   RO         3377    .constdata          nrf_log_backend_uart.o
    0x000048a4   0x000048a4   0x0000000c   Data   RO         3508    .constdata          nrf_log_frontend.o
    0x000048b0   0x000048b0   0x00000010   Data   RO         4098    .constdata          nrf_sdh.o
    0x000048c0   0x000048c0   0x00000028   Data   RO         4099    .constdata          nrf_sdh.o
    0x000048e8   0x000048e8   0x00000010   Data   RO         4100    .constdata          nrf_sdh.o
    0x000048f8   0x000048f8   0x00000010   Data   RO         4101    .constdata          nrf_sdh.o
    0x00004908   0x00004908   0x00000020   Data   RO         4209    .constdata          nrf_sdh_ble.o
    0x00004928   0x00004928   0x00000010   Data   RO         4210    .constdata          nrf_sdh_ble.o
    0x00004938   0x00004938   0x00000010   Data   RO         4260    .constdata          nrf_sdh_soc.o
    0x00004948   0x00004948   0x0000000c   Data   RO         4261    .constdata          nrf_sdh_soc.o
    0x00004954   0x00004954   0x00000081   Data   RO         4398    .constdata          mc_w.l(ctype_o.o)
    0x000049d5   0x000049d5   0x00000003   PAD
    0x000049d8   0x000049d8   0x00000004   Data   RO         4399    .constdata          mc_w.l(ctype_o.o)
    0x000049dc   0x000049dc   0x000003eb   Data   RO         3280    .conststring        nrf_strerror.o
    0x00004dc7   0x00004dc7   0x00000001   PAD
    0x00004dc8   0x00004dc8   0x00000066   Data   RO         3675    .conststring        nrf_log_str_formatter.o
    0x00004e2e   0x00004e2e   0x00000002   PAD
    0x00004e30   0x00004e30   0x00000188   Data   RO         4211    .conststring        nrf_sdh_ble.o
    0x00004fb8   0x00004fb8   0x00000006   Data   RO          802    .conststrlit        nrf_drv_clock.o
    0x00004fbe   0x00004fbe   0x00000002   PAD
    0x00004fc0   0x00004fc0   0x00000006   Data   RO         1147    .conststrlit        nrfx_clock.o
    0x00004fc6   0x00004fc6   0x00000002   PAD
    0x00004fc8   0x00004fc8   0x00000007   Data   RO         1320    .conststrlit        nrfx_gpiote.o
    0x00004fcf   0x00004fcf   0x00000001   PAD
    0x00004fd0   0x00004fd0   0x00000004   Data   RO         1579    .conststrlit        nrfx_prs.o
    0x00004fd4   0x00004fd4   0x00000005   Data   RO         1659    .conststrlit        nrfx_uart.o
    0x00004fd9   0x00004fd9   0x00000003   PAD
    0x00004fdc   0x00004fdc   0x00000006   Data   RO         1843    .conststrlit        nrfx_uarte.o
    0x00004fe2   0x00004fe2   0x00000002   PAD
    0x00004fe4   0x00004fe4   0x0000000b   Data   RO         1989    .conststrlit        app_button.o
    0x00004fef   0x00004fef   0x00000001   PAD
    0x00004ff0   0x00004ff0   0x0000000a   Data   RO         2248    .conststrlit        app_timer2.o
    0x00004ffa   0x00004ffa   0x00000002   PAD
    0x00004ffc   0x00004ffc   0x00000009   Data   RO         3062    .conststrlit        nrf_pwr_mgmt.o
    0x00005005   0x00005005   0x00000003   PAD
    0x00005008   0x00005008   0x00000009   Data   RO         3226    .conststrlit        nrf_sortlist.o
    0x00005011   0x00005011   0x00000003   PAD
    0x00005014   0x00005014   0x00000011   Data   RO         3442    .conststrlit        nrf_log_default_backends.o
    0x00005025   0x00005025   0x00000003   PAD
    0x00005028   0x00005028   0x00000004   Data   RO         3509    .conststrlit        nrf_log_frontend.o
    0x0000502c   0x0000502c   0x00000008   Data   RO         4102    .conststrlit        nrf_sdh.o
    0x00005034   0x00005034   0x0000000c   Data   RO         4212    .conststrlit        nrf_sdh_ble.o
    0x00005040   0x00005040   0x0000000c   Data   RO         4262    .conststrlit        nrf_sdh_soc.o
    0x0000504c   0x0000504c   0x00000020   Data   RO         4461    Region$$Table       anon$$obj.o
    0x0000506c   0x0000506c   0x00000010   Data   RO         3444    log_backends        nrf_log_default_backends.o
    0x0000507c   0x0000507c   0x00000008   Data   RO          803    log_const_data      nrf_drv_clock.o
    0x00005084   0x00005084   0x00000008   Data   RO         1149    log_const_data      nrfx_clock.o
    0x0000508c   0x0000508c   0x00000008   Data   RO         1321    log_const_data      nrfx_gpiote.o
    0x00005094   0x00005094   0x00000008   Data   RO         1581    log_const_data      nrfx_prs.o
    0x0000509c   0x0000509c   0x00000008   Data   RO         1660    log_const_data      nrfx_uart.o
    0x000050a4   0x000050a4   0x00000008   Data   RO         1844    log_const_data      nrfx_uarte.o
    0x000050ac   0x000050ac   0x00000008   Data   RO         1992    log_const_data      app_button.o
    0x000050b4   0x000050b4   0x00000008   Data   RO         2251    log_const_data      app_timer2.o
    0x000050bc   0x000050bc   0x00000008   Data   RO         3064    log_const_data      nrf_pwr_mgmt.o
    0x000050c4   0x000050c4   0x00000008   Data   RO         3227    log_const_data      nrf_sortlist.o
    0x000050cc   0x000050cc   0x00000008   Data   RO         3513    log_const_data      nrf_log_frontend.o
    0x000050d4   0x000050d4   0x00000008   Data   RO         4104    log_const_data      nrf_sdh.o
    0x000050dc   0x000050dc   0x00000008   Data   RO         4214    log_const_data      nrf_sdh_ble.o
    0x000050e4   0x000050e4   0x00000008   Data   RO         4263    log_const_data      nrf_sdh_soc.o
    0x000050ec   0x000050ec   0x00000014   Data   RO         3514    nrf_balloc          nrf_log_frontend.o
    0x00005100   0x00005100   0x00000008   Data   RO          804    sdh_soc_observers0  nrf_drv_clock.o
    0x00005108   0x00005108   0x00000008   Data   RO         4215    sdh_stack_observers0  nrf_sdh_ble.o
    0x00005110   0x00005110   0x00000008   Data   RO         4264    sdh_stack_observers0  nrf_sdh_soc.o
    0x00005118   0x00005118   0x00000008   Data   RO          805    sdh_state_observers0  nrf_drv_clock.o


    Execution Region RW_IRAM1 (Exec base: 0x02000000, Load base: 0x00005120, Size: 0x000010f8, Max: 0x00006000, ABSOLUTE, COMPRESSED[0x00000070])

    Exec Addr    Load Addr    Size         Type   Attr      Idx    E Section Name        Object

    0x02000000   COMPRESSED   0x0000002b   Data   RW           10    .data               main.o
    0x0200002b   COMPRESSED   0x00000001   PAD
    0x0200002c   COMPRESSED   0x00000010   Data   RW          438    .data               bsp.o
    0x0200003c   COMPRESSED   0x00000004   PAD
    0x02000040   COMPRESSED   0x00000020   Data   RW          439    .data               bsp.o
    0x02000060   COMPRESSED   0x00000020   Data   RW          440    .data               bsp.o
    0x02000080   COMPRESSED   0x00000020   Data   RW          441    .data               bsp.o
    0x020000a0   COMPRESSED   0x0000000c   Data   RW          942    .data               nrf_drv_uart.o
    0x020000ac   COMPRESSED   0x00000008   Data   RW         1148    .data               nrfx_clock.o
    0x020000b4   COMPRESSED   0x00000008   Data   RW         1580    .data               nrfx_prs.o
    0x020000bc   COMPRESSED   0x00000004   PAD
    0x020000c0   COMPRESSED   0x00000018   Data   RW         1990    .data               app_button.o
    0x020000d8   COMPRESSED   0x00000020   Data   RW         1991    .data               app_button.o
    0x020000f8   COMPRESSED   0x00000020   Data   RW         2249    .data               app_timer2.o
    0x02000118   COMPRESSED   0x00000004   Data   RW         2250    .data               app_timer2.o
    0x0200011c   COMPRESSED   0x0000000c   Data   RW         2461    .data               drv_rtc.o
    0x02000128   COMPRESSED   0x00000008   Data   RW         3063    .data               nrf_pwr_mgmt.o
    0x02000130   COMPRESSED   0x00000018   Data   RW         3378    .data               nrf_log_backend_uart.o
    0x02000148   COMPRESSED   0x00000008   Data   RW         3443    .data               nrf_log_default_backends.o
    0x02000150   COMPRESSED   0x00000004   Data   RW         3510    .data               nrf_log_frontend.o
    0x02000154   COMPRESSED   0x00000008   Data   RW         3511    .data               nrf_log_frontend.o
    0x0200015c   COMPRESSED   0x00000008   Data   RW         3512    .data               nrf_log_frontend.o
    0x02000164   COMPRESSED   0x00000040   Data   RW         3676    .data               nrf_log_str_formatter.o
    0x020001a4   COMPRESSED   0x00000003   Data   RW         4103    .data               nrf_sdh.o
    0x020001a7   COMPRESSED   0x00000001   Data   RW         4213    .data               nrf_sdh_ble.o
    0x020001a8   COMPRESSED   0x00000004   Data   RW         4309    .data               system_nrf52_1.o
    0x020001ac        -       0x00000018   Zero   RW            8    .bss                main.o
    0x020001c4        -       0x0000001f   Zero   RW            9    .bss                main.o
    0x020001e3        -       0x0000000c   Zero   RW          436    .bss                bsp.o
    0x020001ef   COMPRESSED   0x00000001   PAD
    0x020001f0        -       0x00000014   Zero   RW          797    .bss                nrf_drv_clock.o
    0x02000204        -       0x0000005c   Zero   RW         1315    .bss                nrfx_gpiote.o
    0x02000260        -       0x0000002c   Zero   RW         1654    .bss                nrfx_uart.o
    0x0200028c        -       0x00000024   Zero   RW         1838    .bss                nrfx_uarte.o
    0x020002b0        -       0x00000010   Zero   RW         1987    .bss                app_button.o
    0x020002c0        -       0x00000010   Zero   RW         2245    .bss                app_timer2.o
    0x020002d0        -       0x00000058   Zero   RW         2246    .bss                app_timer2.o
    0x02000328        -       0x0000000c   Zero   RW         2375    .bss                app_util_platform.o
    0x02000334        -       0x0000000c   Zero   RW         3059    .bss                nrf_pwr_mgmt.o
    0x02000340        -       0x00000040   Zero   RW         3375    .bss                nrf_log_backend_uart.o
    0x02000380        -       0x000000c0   Zero   RW         3504    .bss                nrf_log_frontend.o
    0x02000440        -       0x00000080   Zero   RW         3505    .bss                nrf_log_frontend.o
    0x020004c0        -       0x00000018   Zero   RW         3506    .bss                nrf_log_frontend.o
    0x020004d8        -       0x00000420   Zero   RW         3507    .bss                nrf_log_frontend.o
    0x020008f8        -       0x00000800   Zero   RW         4291    STACK               arm_startup_nrf52805.o


==============================================================================

Image component sizes


      Code (inc. data)   RO Data    RW Data    ZI Data      Debug   Object Name

       664         66         27         56         16       8626   app_button.o
        22          0          0          0          0       2449   app_error.o
       132         46          0          0          0      34089   app_error_weak.o
      1052         90         38         36        104      16229   app_timer2.o
       124         14          0          0         12      10506   app_util_platform.o
        36          8        512          0       2048        872   arm_startup_nrf52805.o
      1236          0          0          0          0      51395   ble_advdata.o
       314         30          6          0          0      11672   boards.o
       910         82         44        112         12      13044   bsp.o
       704         76          6         12          0      47589   drv_rtc.o
       328         46          0         43         55     148746   main.o
       326          0          0          0          0       5563   nrf_atfifo.o
       294          0          0          0          0       7359   nrf_atomic.o
       164          0          0          0          0       3432   nrf_balloc.o
       312         36         30          0         20      44760   nrf_drv_clock.o
       200         26          0         12          0      17548   nrf_drv_uart.o
        50          0          0          0          0       3381   nrf_fprintf.o
       866          4         16          0          0       6298   nrf_fprintf_format.o
       194          0          0          0          0      11501   nrf_log_backend_serial.o
       232         44         44         24         64      15418   nrf_log_backend_uart.o
        28          4         33          8          0       3257   nrf_log_default_backends.o
      1480        128         44         20       1400      29321   nrf_log_frontend.o
       570        108        102         64          0       5388   nrf_log_str_formatter.o
       346          0          0          0          0       9071   nrf_memobj.o
        60         12         53          8         12       6611   nrf_pwr_mgmt.o
        28          0          0          0          0       2279   nrf_ringbuf.o
       384         46        104          3          0      42242   nrf_sdh.o
       660        230        468          1          0       5585   nrf_sdh_ble.o
        60          4         56          0          0       2384   nrf_sdh_soc.o
        78          0          0          0          0       2580   nrf_section_iter.o
        84          0         17          0          0       3841   nrf_sortlist.o
        76         10       1319          0          0       2595   nrf_strerror.o
       230         32         14          8          0      46392   nrfx_clock.o
      1268        106         19          0         92      64473   nrfx_gpiote.o
       112         16         12          8          0       4224   nrfx_prs.o
      1310         42         17          0         44      29429   nrfx_uart.o
      1312         42         18          0         36      24963   nrfx_uarte.o
       848        100          0          4          0      34673   system_nrf52_1.o

    ----------------------------------------------------------------------
     17130       1448       3066        428       3916     779785   Object Totals
         0          0         32          0          0          0   (incl. Generated)
        36          0         35          9          1          0   (incl. Padding)

    ----------------------------------------------------------------------

      Code (inc. data)   RO Data    RW Data    ZI Data      Debug   Library Member Name

        86          0          0          0          0          0   __dczerorl2.o
         8          4        133          0          0         68   ctype_o.o
         0          0          0          0          0          0   entry.o
         0          0          0          0          0          0   entry10a.o
         0          0          0          0          0          0   entry11a.o
         4          0          0          0          0          0   entry12b.o
         8          4          0          0          0          0   entry2.o
         4          0          0          0          0          0   entry5.o
         0          0          0          0          0          0   entry7b.o
         0          0          0          0          0          0   entry8b.o
         8          4          0          0          0          0   entry9a.o
        30          0          0          0          0          0   handlers.o
        36          8          0          0          0         68   init.o
        30          0          0          0          0         68   llshl.o
        32          0          0          0          0         68   llushr.o
        36          0          0          0          0         68   memcpya.o
        36          0          0          0          0        108   memseta.o
        14          0          0          0          0         68   strlen.o
        98          0          0          0          0         92   uldiv.o

    ----------------------------------------------------------------------
       436         20        136          0          0        608   Library Totals
         6          0          3          0          0          0   (incl. Padding)

    ----------------------------------------------------------------------

      Code (inc. data)   RO Data    RW Data    ZI Data      Debug   Library Name

       430         20        133          0          0        608   mc_w.l

    ----------------------------------------------------------------------
       436         20        136          0          0        608   Library Totals

    ----------------------------------------------------------------------

==============================================================================


      Code (inc. data)   RO Data    RW Data    ZI Data      Debug   

     17566       1468       3202        428       3916     767937   Grand Totals
     17566       1468       3202        112       3916     767937   ELF Image Totals (compressed)
     17566       1468       3202        112          0          0   ROM Totals

==============================================================================

    Total RO  Size (Code + RO Data)                20768 (  20.28kB)
    Total RW  Size (RW Data + ZI Data)              4344 (   4.24kB)
    Total ROM Size (Code + RO Data + RW Data)      20880 (  20.39kB)

==============================================================================

