Archive member included to satisfy reference by file (symbol)

C:/Program Files/SEGGER/SEGGER Embedded Studio for ARM 5.62/lib/libc_v7em_t_le_eabi.a(libc_asm.o)
                              Output/Release/Obj/ble_app_beacon_pca10040e_s112/bsp.o (__aeabi_uldivmod)
C:/Program Files/SEGGER/SEGGER Embedded Studio for ARM 5.62/lib/libc_v7em_t_le_eabi.a(libc2.o)
                              Output/Release/Obj/ble_app_beacon_pca10040e_s112/nrf_log_str_formatter.o (isprint)
C:/Program Files/SEGGER/SEGGER Embedded Studio for ARM 5.62/lib/libc_v7em_t_le_eabi.a(libc2_asm.o)
                              Output/Release/Obj/ble_app_beacon_pca10040e_s112/nrf_log_frontend.o (memcpy)
C:/Program Files/SEGGER/SEGGER Embedded Studio for ARM 5.62/lib/libc_v7em_t_le_eabi.a(libvfprintf.o)
                              (__vfprintf_long)
C:/Program Files/SEGGER/SEGGER Embedded Studio for ARM 5.62/lib/libc_v7em_t_le_eabi.a(libvfscanf.o)
                              (__vfscanf_long)
C:/Program Files/SEGGER/SEGGER Embedded Studio for ARM 5.62/lib/libc_v7em_t_le_eabi.a(libc.o)
                              C:/Program Files/SEGGER/SEGGER Embedded Studio for ARM 5.62/lib/libc_v7em_t_le_eabi.a(libc2.o) (__heap_lock)
C:/Program Files/SEGGER/SEGGER Embedded Studio for ARM 5.62/lib/libdebugio_v7em_t_le_eabi.a(libdebugio.o)
                              Output/Release/Obj/ble_app_beacon_pca10040e_s112/thumb_crt0.o (debug_fopen)
C:/Program Files/SEGGER/SEGGER Embedded Studio for ARM 5.62/lib/libdebugio_v7em_t_le_eabi.a(do_nv_debug_operation.o)
                              C:/Program Files/SEGGER/SEGGER Embedded Studio for ARM 5.62/lib/libdebugio_v7em_t_le_eabi.a(libdebugio.o) (__do_nvdebug_operation)
C:/Program Files/SEGGER/SEGGER Embedded Studio for ARM 5.62/lib/libdebugio_v7em_t_le_eabi.a(mempoll_debug_operations.o)
                              (__do_debug_operation_mempoll)
C:/Program Files/SEGGER/SEGGER Embedded Studio for ARM 5.62/lib/libm_v7em_t_le_eabi.a(libm_asm.o)
                              C:/Program Files/SEGGER/SEGGER Embedded Studio for ARM 5.62/lib/libc_v7em_t_le_eabi.a(libc2.o) (__aeabi_fadd)
C:/Program Files/SEGGER/SEGGER Embedded Studio for ARM 5.62/lib/libm_v7em_t_le_eabi.a(libm2.o)
                              C:/Program Files/SEGGER/SEGGER Embedded Studio for ARM 5.62/lib/libc_v7em_t_le_eabi.a(libvfprintf.o) (frexp)

Discarded input sections

 .text          0x0000000000000000        0x0 Output/Release/Obj/ble_app_beacon_pca10040e_s112/thumb_crt0.o
 .data          0x0000000000000000        0x0 Output/Release/Obj/ble_app_beacon_pca10040e_s112/thumb_crt0.o
 .bss           0x0000000000000000        0x0 Output/Release/Obj/ble_app_beacon_pca10040e_s112/thumb_crt0.o
 .text.__aeabi_read_tp
                0x0000000000000000        0x8 Output/Release/Obj/ble_app_beacon_pca10040e_s112/thumb_crt0.o
 .text.abort    0x0000000000000000        0x2 Output/Release/Obj/ble_app_beacon_pca10040e_s112/thumb_crt0.o
 .text.__assert
                0x0000000000000000        0x2 Output/Release/Obj/ble_app_beacon_pca10040e_s112/thumb_crt0.o
 .text.__assert_func
                0x0000000000000000        0x2 Output/Release/Obj/ble_app_beacon_pca10040e_s112/thumb_crt0.o
 .text.__aeabi_assert
                0x0000000000000000        0x2 Output/Release/Obj/ble_app_beacon_pca10040e_s112/thumb_crt0.o
 .text.__sync_synchronize
                0x0000000000000000        0x2 Output/Release/Obj/ble_app_beacon_pca10040e_s112/thumb_crt0.o
 .text.__getchar
                0x0000000000000000        0x4 Output/Release/Obj/ble_app_beacon_pca10040e_s112/thumb_crt0.o
 .text.__putchar
                0x0000000000000000        0x4 Output/Release/Obj/ble_app_beacon_pca10040e_s112/thumb_crt0.o
 .text.__open   0x0000000000000000        0x4 Output/Release/Obj/ble_app_beacon_pca10040e_s112/thumb_crt0.o
 .text.__close  0x0000000000000000        0x4 Output/Release/Obj/ble_app_beacon_pca10040e_s112/thumb_crt0.o
 .text.__write  0x0000000000000000        0xa Output/Release/Obj/ble_app_beacon_pca10040e_s112/thumb_crt0.o
 .text.__read   0x0000000000000000        0xa Output/Release/Obj/ble_app_beacon_pca10040e_s112/thumb_crt0.o
 .text.__seek   0x0000000000000000       0x1a Output/Release/Obj/ble_app_beacon_pca10040e_s112/thumb_crt0.o
 .text.remove   0x0000000000000000        0x4 Output/Release/Obj/ble_app_beacon_pca10040e_s112/thumb_crt0.o
 .text.rename   0x0000000000000000        0x4 Output/Release/Obj/ble_app_beacon_pca10040e_s112/thumb_crt0.o
 .bss.__user_locale_name_buffer
                0x0000000000000000        0x4 Output/Release/Obj/ble_app_beacon_pca10040e_s112/thumb_crt0.o
 .stack         0x0000000000000000        0x0 Output/Release/Obj/ble_app_beacon_pca10040e_s112/thumb_crt0.o
 .stack_process
                0x0000000000000000        0x0 Output/Release/Obj/ble_app_beacon_pca10040e_s112/thumb_crt0.o
[...]
Memory Configuration

Name             Origin             Length             Attributes
UNPLACED_SECTIONS 0x0000000100000000 0x0000000000000000 xw
RAM1             0x0000000020000000 0x0000000000006000 xw
FLASH1           0x0000000000000000 0x0000000000030000 xw
*default*        0x0000000000000000 0xffffffffffffffff

Linker script and memory map

                0x0000000000000000                __do_debug_operation = __do_debug_operation_mempoll
                0x000000000001d670                __vfprintf = __vfprintf_long
                0x0000000000000000                __vfscanf = __vfscanf_long
                0x0000000020000000                __RAM1_segment_start__ = 0x20000000
                0x0000000020006000                __RAM1_segment_end__ = 0x20006000
                0x0000000000006000                __RAM1_segment_size__ = 0x6000
                0x0000000000000000                __FLASH1_segment_start__ = 0x0
                0x0000000000030000                __FLASH1_segment_end__ = 0x30000
                0x0000000000030000                __FLASH1_segment_size__ = 0x30000
                0x0000000000000800                __HEAPSIZE__ = 0x800
                0x0000000000000000                __STACKSIZE_PROCESS__ = 0x0
                0x0000000000000800                __STACKSIZE__ = 0x800
                0x0000000020000000                __reserved_ram_load_start__ = 0x20000000

.reserved_ram   0x0000000020000000     0x1118
                0x0000000020000000                __reserved_ram_start__ = .
 *(.reserved_ram .reserved_ram.*)
                0x0000000020001118                . = MAX (((__reserved_ram_start__ + 0x20001118) - 0x20000000), .)
 *fill*         0x0000000020000000     0x1118 
                0x0000000020001118                __reserved_ram_end__ = (__reserved_ram_start__ + SIZEOF (.reserved_ram))
                0x0000000000001118                __reserved_ram_size__ = SIZEOF (.reserved_ram)
                0x0000000020001118                __reserved_ram_load_end__ = __reserved_ram_end__
                0x0000000000000001                . = ASSERT (((__reserved_ram_start__ == __reserved_ram_end__) || ((__reserved_ram_end__ - __RAM1_segment_start__) <= __RAM1_segment_size__)), error: .reserved_ram is too large to fit in RAM1 memory segment)
                0x0000000020001118                __vectors_ram_load_start__ = 0x20001118

.vectors_ram    0x0000000020001118        0x0
                0x0000000020001118                __vectors_ram_start__ = .
                0x0000000020001118                __app_ram_start__ = __vectors_ram_start__
 *(.vectors_ram .vectors_ram.*)
                0x0000000020001118                __vectors_ram_end__ = (__vectors_ram_start__ + SIZEOF (.vectors_ram))
                0x0000000000000000                __vectors_ram_size__ = SIZEOF (.vectors_ram)
                0x0000000020001118                __vectors_ram_load_end__ = __vectors_ram_end__
                0x0000000000000001                . = ASSERT (((__vectors_ram_start__ == __vectors_ram_end__) || ((__vectors_ram_end__ - __RAM1_segment_start__) <= __RAM1_segment_size__)), error: .vectors_ram is too large to fit in RAM1 memory segment)
                0x0000000000000001                . = ASSERT ((__reserved_ram_end__ <= __vectors_ram_start__), error: section .reserved_ram overlaps absolute placed section .vectors_ram)
                0x0000000020001118                __nrf_sections_run_load_start__ = ALIGN (__vectors_ram_end__, 0x4)

.nrf_sections_run
                0x0000000020001118        0x0
                0x0000000020001118                __nrf_sections_run_start__ = .
                0x0000000020001118                __start_nrf_sections_run = __nrf_sections_run_start__
 *(.nrf_sections_run .nrf_sections_run.*)
                0x0000000020001118                __nrf_sections_run_end__ = (__nrf_sections_run_start__ + SIZEOF (.nrf_sections_run))
                0x0000000000000000                __nrf_sections_run_size__ = SIZEOF (.nrf_sections_run)
                0x0000000020001118                __nrf_sections_run_load_end__ = __nrf_sections_run_end__
                0x0000000000000001                . = ASSERT (((__nrf_sections_run_start__ == __nrf_sections_run_end__) || ((__nrf_sections_run_end__ - __RAM1_segment_start__) <= __RAM1_segment_size__)), error: .nrf_sections_run is too large to fit in RAM1 memory segment)
                0x0000000000000000                __reserved_flash_load_start__ = 0x0

.reserved_flash
                0x0000000000000000    0x19000
                0x0000000000000000                __reserved_flash_start__ = .
 *(.reserved_flash .reserved_flash.*)
                0x0000000000019000                . = MAX (((__reserved_flash_start__ + 0x19000) - 0x0), .)
 *fill*         0x0000000000000000    0x19000 
                0x0000000000019000                __reserved_flash_end__ = (__reserved_flash_start__ + SIZEOF (.reserved_flash))
                0x0000000000019000                __reserved_flash_size__ = SIZEOF (.reserved_flash)
                0x0000000000019000                __reserved_flash_load_end__ = __reserved_flash_end__
                0x0000000000000001                . = ASSERT (((__reserved_flash_start__ == __reserved_flash_end__) || ((__reserved_flash_end__ - __FLASH1_segment_start__) <= __FLASH1_segment_size__)), error: .reserved_flash is too large to fit in FLASH1 memory segment)
                0x0000000000019000                __vectors_load_start__ = 0x19000

.vectors        0x0000000000019000      0x200
                0x0000000000019000                __vectors_start__ = .
 *(.vectors .vectors.*)
 .vectors       0x0000000000019000      0x200 Output/Release/Obj/ble_app_beacon_pca10040e_s112/ses_startup_nrf52805.o
                0x0000000000019000                _vectors
                0x0000000000019200                __vectors_end__ = (__vectors_start__ + SIZEOF (.vectors))
                0x0000000000000200                __vectors_size__ = SIZEOF (.vectors)
                0x0000000000019200                __vectors_load_end__ = __vectors_end__
                0x0000000000000001                . = ASSERT (((__vectors_start__ == __vectors_end__) || ((__vectors_end__ - __FLASH1_segment_start__) <= __FLASH1_segment_size__)), error: .vectors is too large to fit in FLASH1 memory segment)
                0x0000000000000001                . = ASSERT ((__reserved_flash_end__ <= __vectors_start__), error: section .reserved_flash overlaps absolute placed section .vectors)
                0x0000000000019200                __init_load_start__ = ALIGN (__vectors_end__, 0x4)

.init           0x0000000000019200      0x1bc
                0x0000000000019200                __init_start__ = .
 *(.init .init.*)
 .init          0x0000000000019200      0x15c Output/Release/Obj/ble_app_beacon_pca10040e_s112/thumb_crt0.o
                0x0000000000019200                _start
                0x00000000000192b4                exit
 .init          0x000000000001935c       0x48 Output/Release/Obj/ble_app_beacon_pca10040e_s112/ses_startup_nrf_common.o
                0x000000000001935c                Reset_Handler
                0x0000000000019360                afterInitialize
                0x0000000000019372                InitializeUserMemorySections
 .init          0x00000000000193a4       0x18 Output/Release/Obj/ble_app_beacon_pca10040e_s112/ses_startup_nrf52805.o
                0x00000000000193a4                NMI_Handler
                0x00000000000193a6                HardFault_Handler
                0x00000000000193a8                MemoryManagement_Handler
                0x00000000000193aa                BusFault_Handler
                0x00000000000193ac                UsageFault_Handler
                0x00000000000193ae                SVC_Handler
                0x00000000000193b0                DebugMon_Handler
                0x00000000000193b2                PendSV_Handler
                0x00000000000193b4                SysTick_Handler
                0x00000000000193b6                SWI4_IRQHandler
                0x00000000000193b6                TEMP_IRQHandler
                0x00000000000193b6                RTC0_IRQHandler
                0x00000000000193b6                RADIO_IRQHandler
                0x00000000000193b6                SWI0_EGU0_IRQHandler
                0x00000000000193b6                SWI5_IRQHandler
                0x00000000000193b6                TIMER0_IRQHandler
                0x00000000000193b6                Dummy_Handler
                0x00000000000193b6                TIMER1_IRQHandler
                0x00000000000193b6                ECB_IRQHandler
                0x00000000000193b6                SWI3_IRQHandler
                0x00000000000193b6                SPIM0_SPIS0_SPI0_IRQHandler
                0x00000000000193b6                SAADC_IRQHandler
                0x00000000000193b6                CCM_AAR_IRQHandler
                0x00000000000193b6                WDT_IRQHandler
                0x00000000000193b6                QDEC_IRQHandler
                0x00000000000193b6                RNG_IRQHandler
                0x00000000000193b6                SWI1_EGU1_IRQHandler
                0x00000000000193b6                TWIM0_TWIS0_TWI0_IRQHandler
                0x00000000000193b6                TIMER2_IRQHandler
                0x00000000000193b8                nRFInitialize
                0x00000000000193bc                __init_end__ = (__init_start__ + SIZEOF (.init))
                0x00000000000001bc                __init_size__ = SIZEOF (.init)
                0x00000000000193bc                __init_load_end__ = __init_end__
                0x0000000000000001                . = ASSERT (((__init_start__ == __init_end__) || ((__init_end__ - __FLASH1_segment_start__) <= __FLASH1_segment_size__)), error: .init is too large to fit in FLASH1 memory segment)
                0x00000000000193bc                __init_rodata_load_start__ = ALIGN (__init_end__, 0x4)

.init_rodata    0x00000000000193bc        0x0
                0x00000000000193bc                __init_rodata_start__ = .
 *(.init_rodata .init_rodata.*)
                0x00000000000193bc                __init_rodata_end__ = (__init_rodata_start__ + SIZEOF (.init_rodata))
                0x0000000000000000                __init_rodata_size__ = SIZEOF (.init_rodata)
                0x00000000000193bc                __init_rodata_load_end__ = __init_rodata_end__
                0x0000000000000001                . = ASSERT (((__init_rodata_start__ == __init_rodata_end__) || ((__init_rodata_end__ - __FLASH1_segment_start__) <= __FLASH1_segment_size__)), error: .init_rodata is too large to fit in FLASH1 memory segment)
                0x00000000000193bc                __text_load_start__ = ALIGN (__init_rodata_end__, 0x4)

.text           0x00000000000193bc     0x48f0
                0x00000000000193bc                __text_start__ = .
 *(.text .text.* .glue_7t .glue_7 .gnu.linkonce.t.* .gcc_except_table .ARM.extab* .gnu.linkonce.armextab.*)
 .glue_7        0x00000000000193bc        0x0 linker stubs
 .glue_7t       0x00000000000193bc        0x0 linker stubs
 .text.nrf_log_backend_rtt_flush
                0x00000000000193bc        0x2 Output/Release/Obj/ble_app_beacon_pca10040e_s112/nrf_log_backend_rtt.o
 *fill*         0x00000000000193be        0x2 
 .text.nrf_log_backend_rtt_put
                0x00000000000193c0       0x1c Output/Release/Obj/ble_app_beacon_pca10040e_s112/nrf_log_backend_rtt.o
 .text.serial_tx
                0x00000000000193dc       0x50 Output/Release/Obj/ble_app_beacon_pca10040e_s112/nrf_log_backend_rtt.o
 .text.nrf_log_backend_rtt_panic_set
                0x000000000001942c        0x2 Output/Release/Obj/ble_app_beacon_pca10040e_s112/nrf_log_backend_rtt.o
 .text.nrf_log_backend_rtt_init
                0x000000000001942e        0x4 Output/Release/Obj/ble_app_beacon_pca10040e_s112/nrf_log_backend_rtt.o
                0x000000000001942e                nrf_log_backend_rtt_init
 .text.nrf_log_backend_serial_put
                0x0000000000019432       0xc2 Output/Release/Obj/ble_app_beacon_pca10040e_s112/nrf_log_backend_serial.o
                0x0000000000019432                nrf_log_backend_serial_put
 .text.uart_evt_handler
                0x00000000000194f4        0xc Output/Release/Obj/ble_app_beacon_pca10040e_s112/nrf_log_backend_uart.o
 .text.nrf_log_backend_uart_flush
                0x0000000000019500        0x2 Output/Release/Obj/ble_app_beacon_pca10040e_s112/nrf_log_backend_uart.o
 *fill*         0x0000000000019502        0x2 
 .text.uart_init
                0x0000000000019504       0x4c Output/Release/Obj/ble_app_beacon_pca10040e_s112/nrf_log_backend_uart.o
 .text.nrf_log_backend_uart_put
                0x0000000000019550       0x1c Output/Release/Obj/ble_app_beacon_pca10040e_s112/nrf_log_backend_uart.o
 .text.serial_tx
                0x000000000001956c       0x48 Output/Release/Obj/ble_app_beacon_pca10040e_s112/nrf_log_backend_uart.o
 .text.nrf_log_backend_uart_panic_set
                0x00000000000195b4       0x2c Output/Release/Obj/ble_app_beacon_pca10040e_s112/nrf_log_backend_uart.o
 .text.nrf_log_backend_uart_init
                0x00000000000195e0        0x6 Output/Release/Obj/ble_app_beacon_pca10040e_s112/nrf_log_backend_uart.o
                0x00000000000195e0                nrf_log_backend_uart_init
 *fill*         0x00000000000195e6        0x2 
 .text.nrf_log_default_backends_init
                0x00000000000195e8       0x38 Output/Release/Obj/ble_app_beacon_pca10040e_s112/nrf_log_default_backends.o
                0x00000000000195e8                nrf_log_default_backends_init
 .text.invalid_packets_omit
                0x0000000000019620       0x38 Output/Release/Obj/ble_app_beacon_pca10040e_s112/nrf_log_frontend.o
 .text.buf_prealloc
                0x0000000000019658      0x128 Output/Release/Obj/ble_app_beacon_pca10040e_s112/nrf_log_frontend.o
 .text.nrf_log_init
                0x0000000000019780       0x28 Output/Release/Obj/ble_app_beacon_pca10040e_s112/nrf_log_frontend.o
                0x0000000000019780                nrf_log_init
 .text.nrf_log_module_name_get
                0x00000000000197a8       0x38 Output/Release/Obj/ble_app_beacon_pca10040e_s112/nrf_log_frontend.o
                0x00000000000197a8                nrf_log_module_name_get
 .text.nrf_log_color_id_get
                0x00000000000197e0       0x2c Output/Release/Obj/ble_app_beacon_pca10040e_s112/nrf_log_frontend.o
                0x00000000000197e0                nrf_log_color_id_get
 .text.buffer_is_empty
                0x000000000001980c       0x14 Output/Release/Obj/ble_app_beacon_pca10040e_s112/nrf_log_frontend.o
                0x000000000001980c                buffer_is_empty
 .text.nrf_log_frontend_dequeue
                0x0000000000019820      0x208 Output/Release/Obj/ble_app_beacon_pca10040e_s112/nrf_log_frontend.o
                0x0000000000019820                nrf_log_frontend_dequeue
 .text.std_n    0x0000000000019a28       0x8c Output/Release/Obj/ble_app_beacon_pca10040e_s112/nrf_log_frontend.o
 .text.nrf_log_frontend_std_0
                0x0000000000019ab4        0x8 Output/Release/Obj/ble_app_beacon_pca10040e_s112/nrf_log_frontend.o
                0x0000000000019ab4                nrf_log_frontend_std_0
 .text.nrf_log_frontend_std_1
                0x0000000000019abc       0x12 Output/Release/Obj/ble_app_beacon_pca10040e_s112/nrf_log_frontend.o
                0x0000000000019abc                nrf_log_frontend_std_1
 .text.nrf_log_frontend_std_2
                0x0000000000019ace       0x14 Output/Release/Obj/ble_app_beacon_pca10040e_s112/nrf_log_frontend.o
                0x0000000000019ace                nrf_log_frontend_std_2
 *fill*         0x0000000000019ae2        0x2 
 .text.nrf_log_backend_add
                0x0000000000019ae4       0x44 Output/Release/Obj/ble_app_beacon_pca10040e_s112/nrf_log_frontend.o
                0x0000000000019ae4                nrf_log_backend_add
 .text.nrf_log_panic
                0x0000000000019b28       0x28 Output/Release/Obj/ble_app_beacon_pca10040e_s112/nrf_log_frontend.o
                0x0000000000019b28                nrf_log_panic
 .text.prefix_process
                0x0000000000019b50       0x78 Output/Release/Obj/ble_app_beacon_pca10040e_s112/nrf_log_str_formatter.o
 .text.postfix_process
                0x0000000000019bc8       0x3c Output/Release/Obj/ble_app_beacon_pca10040e_s112/nrf_log_str_formatter.o
 .text.nrf_log_std_entry_process
                0x0000000000019c04       0xc8 Output/Release/Obj/ble_app_beacon_pca10040e_s112/nrf_log_str_formatter.o
                0x0000000000019c04                nrf_log_std_entry_process
 .text.nrf_log_hexdump_entry_process
                0x0000000000019ccc       0xc0 Output/Release/Obj/ble_app_beacon_pca10040e_s112/nrf_log_str_formatter.o
                0x0000000000019ccc                nrf_log_hexdump_entry_process
 .text.state_set
                0x0000000000019d8c       0x24 Output/Release/Obj/ble_app_beacon_pca10040e_s112/app_button.o
 .text.button_get
                0x0000000000019db0       0x30 Output/Release/Obj/ble_app_beacon_pca10040e_s112/app_button.o
 .text.usr_event
                0x0000000000019de0       0x1c Output/Release/Obj/ble_app_beacon_pca10040e_s112/app_button.o
 .text.timer_start
                0x0000000000019dfc       0x44 Output/Release/Obj/ble_app_beacon_pca10040e_s112/app_button.o
 .text.gpiote_event_handler
                0x0000000000019e40       0x34 Output/Release/Obj/ble_app_beacon_pca10040e_s112/app_button.o
 .text.evt_handle
                0x0000000000019e74       0xec Output/Release/Obj/ble_app_beacon_pca10040e_s112/app_button.o
                0x0000000000019e74                evt_handle
 .text.detection_delay_timeout_handler
                0x0000000000019f60       0x5c Output/Release/Obj/ble_app_beacon_pca10040e_s112/app_button.o
 .text.app_button_init
                0x0000000000019fbc       0xb0 Output/Release/Obj/ble_app_beacon_pca10040e_s112/app_button.o
                0x0000000000019fbc                app_button_init
 .text.app_button_enable
                0x000000000001a06c       0x2c Output/Release/Obj/ble_app_beacon_pca10040e_s112/app_button.o
                0x000000000001a06c                app_button_enable
 .text.app_error_handler_bare
                0x000000000001a098       0x1a Output/Release/Obj/ble_app_beacon_pca10040e_s112/app_error.o
                0x000000000001a098                app_error_handler_bare
 *fill*         0x000000000001a0b2        0x2 
 .text.app_error_fault_handler
                0x000000000001a0b4       0x6c Output/Release/Obj/ble_app_beacon_pca10040e_s112/app_error_weak.o
                0x000000000001a0b4                app_error_fault_handler
 .text.compare_func
                0x000000000001a120       0x18 Output/Release/Obj/ble_app_beacon_pca10040e_s112/app_timer2.o
 .text.get_now  0x000000000001a138       0x38 Output/Release/Obj/ble_app_beacon_pca10040e_s112/app_timer2.o
 .text.timer_req_schedule
                0x000000000001a170       0x38 Output/Release/Obj/ble_app_beacon_pca10040e_s112/app_timer2.o
 .text.timer_expire
                0x000000000001a1a8       0x6c Output/Release/Obj/ble_app_beacon_pca10040e_s112/app_timer2.o
 .text.app_timer_init
                0x000000000001a214       0x64 Output/Release/Obj/ble_app_beacon_pca10040e_s112/app_timer2.o
                0x000000000001a214                app_timer_init
 .text.app_timer_create
                0x000000000001a278       0x16 Output/Release/Obj/ble_app_beacon_pca10040e_s112/app_timer2.o
                0x000000000001a278                app_timer_create
 .text.app_timer_start
                0x000000000001a28e       0x30 Output/Release/Obj/ble_app_beacon_pca10040e_s112/app_timer2.o
                0x000000000001a28e                app_timer_start
 .text.app_timer_stop
                0x000000000001a2be        0xc Output/Release/Obj/ble_app_beacon_pca10040e_s112/app_timer2.o
                0x000000000001a2be                app_timer_stop
 *fill*         0x000000000001a2ca        0x2 
 .text.app_timer_cnt_get
                0x000000000001a2cc        0xc Output/Release/Obj/ble_app_beacon_pca10040e_s112/app_timer2.o
                0x000000000001a2cc                app_timer_cnt_get
 .text.rtc_irq  0x000000000001a2d8      0x190 Output/Release/Obj/ble_app_beacon_pca10040e_s112/app_timer2.o
 .text.app_util_critical_region_enter
                0x000000000001a468       0x48 Output/Release/Obj/ble_app_beacon_pca10040e_s112/app_util_platform.o
                0x000000000001a468                app_util_critical_region_enter
 .text.app_util_critical_region_exit
                0x000000000001a4b0       0x2c Output/Release/Obj/ble_app_beacon_pca10040e_s112/app_util_platform.o
                0x000000000001a4b0                app_util_critical_region_exit
 .text.evt_pending.isra.0
                0x000000000001a4dc       0x18 Output/Release/Obj/ble_app_beacon_pca10040e_s112/drv_rtc.o
 .text.drv_rtc_init
                0x000000000001a4f4       0xa4 Output/Release/Obj/ble_app_beacon_pca10040e_s112/drv_rtc.o
                0x000000000001a4f4                drv_rtc_init
 .text.drv_rtc_start
                0x000000000001a598        0x8 Output/Release/Obj/ble_app_beacon_pca10040e_s112/drv_rtc.o
                0x000000000001a598                drv_rtc_start
 .text.drv_rtc_stop
                0x000000000001a5a0        0x8 Output/Release/Obj/ble_app_beacon_pca10040e_s112/drv_rtc.o
                0x000000000001a5a0                drv_rtc_stop
 .text.drv_rtc_compare_set
                0x000000000001a5a8       0x3e Output/Release/Obj/ble_app_beacon_pca10040e_s112/drv_rtc.o
                0x000000000001a5a8                drv_rtc_compare_set
 *fill*         0x000000000001a5e6        0x2 
 .text.drv_rtc_windowed_compare_set
                0x000000000001a5e8       0xf0 Output/Release/Obj/ble_app_beacon_pca10040e_s112/drv_rtc.o
                0x000000000001a5e8                drv_rtc_windowed_compare_set
 .text.drv_rtc_overflow_enable
                0x000000000001a6d8       0x10 Output/Release/Obj/ble_app_beacon_pca10040e_s112/drv_rtc.o
                0x000000000001a6d8                drv_rtc_overflow_enable
 .text.drv_rtc_overflow_pending
                0x000000000001a6e8        0xa Output/Release/Obj/ble_app_beacon_pca10040e_s112/drv_rtc.o
                0x000000000001a6e8                drv_rtc_overflow_pending
 .text.drv_rtc_compare_disable
                0x000000000001a6f2       0x14 Output/Release/Obj/ble_app_beacon_pca10040e_s112/drv_rtc.o
                0x000000000001a6f2                drv_rtc_compare_disable
 .text.drv_rtc_compare_pending
                0x000000000001a706        0xc Output/Release/Obj/ble_app_beacon_pca10040e_s112/drv_rtc.o
                0x000000000001a706                drv_rtc_compare_pending
 .text.drv_rtc_counter_get
                0x000000000001a712        0x8 Output/Release/Obj/ble_app_beacon_pca10040e_s112/drv_rtc.o
                0x000000000001a712                drv_rtc_counter_get
 *fill*         0x000000000001a71a        0x2 
 .text.drv_rtc_irq_trigger
                0x000000000001a71c       0x24 Output/Release/Obj/ble_app_beacon_pca10040e_s112/drv_rtc.o
                0x000000000001a71c                drv_rtc_irq_trigger
 .text.RTC1_IRQHandler
                0x000000000001a740       0x14 Output/Release/Obj/ble_app_beacon_pca10040e_s112/drv_rtc.o
                0x000000000001a740                RTC1_IRQHandler
 .text.nrf_atfifo_init
                0x000000000001a754       0x26 Output/Release/Obj/ble_app_beacon_pca10040e_s112/nrf_atfifo.o
                0x000000000001a754                nrf_atfifo_init
 .text.nrf_atfifo_item_alloc
                0x000000000001a77a       0x54 Output/Release/Obj/ble_app_beacon_pca10040e_s112/nrf_atfifo.o
                0x000000000001a77a                nrf_atfifo_item_alloc
 .text.nrf_atfifo_item_put
                0x000000000001a7ce       0x20 Output/Release/Obj/ble_app_beacon_pca10040e_s112/nrf_atfifo.o
                0x000000000001a7ce                nrf_atfifo_item_put
 .text.nrf_atfifo_item_get
                0x000000000001a7ee       0x56 Output/Release/Obj/ble_app_beacon_pca10040e_s112/nrf_atfifo.o
                0x000000000001a7ee                nrf_atfifo_item_get
 .text.nrf_atfifo_item_free
                0x000000000001a844       0x20 Output/Release/Obj/ble_app_beacon_pca10040e_s112/nrf_atfifo.o
                0x000000000001a844                nrf_atfifo_item_free
 .text.nrf_atomic_u32_fetch_store
                0x000000000001a864       0x16 Output/Release/Obj/ble_app_beacon_pca10040e_s112/nrf_atomic.o
                0x000000000001a864                nrf_atomic_u32_fetch_store
 .text.nrf_atomic_u32_or
                0x000000000001a87a       0x18 Output/Release/Obj/ble_app_beacon_pca10040e_s112/nrf_atomic.o
                0x000000000001a87a                nrf_atomic_u32_or
 .text.nrf_atomic_u32_fetch_and
                0x000000000001a892       0x18 Output/Release/Obj/ble_app_beacon_pca10040e_s112/nrf_atomic.o
                0x000000000001a892                nrf_atomic_u32_fetch_and
 .text.nrf_atomic_u32_add
                0x000000000001a8aa       0x18 Output/Release/Obj/ble_app_beacon_pca10040e_s112/nrf_atomic.o
                0x000000000001a8aa                nrf_atomic_u32_add
 .text.nrf_atomic_u32_sub
                0x000000000001a8c2       0x18 Output/Release/Obj/ble_app_beacon_pca10040e_s112/nrf_atomic.o
                0x000000000001a8c2                nrf_atomic_u32_sub
 .text.nrf_atomic_flag_set
                0x000000000001a8da        0x6 Output/Release/Obj/ble_app_beacon_pca10040e_s112/nrf_atomic.o
                0x000000000001a8da                nrf_atomic_flag_set
 .text.nrf_atomic_flag_clear_fetch
                0x000000000001a8e0        0x6 Output/Release/Obj/ble_app_beacon_pca10040e_s112/nrf_atomic.o
                0x000000000001a8e0                nrf_atomic_flag_clear_fetch
 .text.nrf_balloc_init
                0x000000000001a8e6       0x2e Output/Release/Obj/ble_app_beacon_pca10040e_s112/nrf_balloc.o
                0x000000000001a8e6                nrf_balloc_init
 .text.nrf_balloc_alloc
                0x000000000001a914       0x48 Output/Release/Obj/ble_app_beacon_pca10040e_s112/nrf_balloc.o
                0x000000000001a914                nrf_balloc_alloc
 .text.nrf_balloc_free
                0x000000000001a95c       0x34 Output/Release/Obj/ble_app_beacon_pca10040e_s112/nrf_balloc.o
                0x000000000001a95c                nrf_balloc_free
 .text.nrf_fprintf_buffer_flush
                0x000000000001a990       0x16 Output/Release/Obj/ble_app_beacon_pca10040e_s112/nrf_fprintf.o
                0x000000000001a990                nrf_fprintf_buffer_flush
 .text.nrf_fprintf
                0x000000000001a9a6       0x1c Output/Release/Obj/ble_app_beacon_pca10040e_s112/nrf_fprintf.o
                0x000000000001a9a6                nrf_fprintf
 .text.buffer_add
                0x000000000001a9c2       0x2e Output/Release/Obj/ble_app_beacon_pca10040e_s112/nrf_fprintf_format.o
 .text.unsigned_print
                0x000000000001a9f0       0xb4 Output/Release/Obj/ble_app_beacon_pca10040e_s112/nrf_fprintf_format.o
 .text.nrf_fprintf_fmt
                0x000000000001aaa4      0x294 Output/Release/Obj/ble_app_beacon_pca10040e_s112/nrf_fprintf_format.o
                0x000000000001aaa4                nrf_fprintf_fmt
 .text.memobj_op
                0x000000000001ad38       0x86 Output/Release/Obj/ble_app_beacon_pca10040e_s112/nrf_memobj.o
 .text.nrf_memobj_pool_init
                0x000000000001adbe        0x4 Output/Release/Obj/ble_app_beacon_pca10040e_s112/nrf_memobj.o
                0x000000000001adbe                nrf_memobj_pool_init
 .text.nrf_memobj_free
                0x000000000001adc2       0x2c Output/Release/Obj/ble_app_beacon_pca10040e_s112/nrf_memobj.o
                0x000000000001adc2                nrf_memobj_free
 .text.nrf_memobj_alloc
                0x000000000001adee       0x5e Output/Release/Obj/ble_app_beacon_pca10040e_s112/nrf_memobj.o
                0x000000000001adee                nrf_memobj_alloc
 .text.nrf_memobj_get
                0x000000000001ae4c        0x8 Output/Release/Obj/ble_app_beacon_pca10040e_s112/nrf_memobj.o
                0x000000000001ae4c                nrf_memobj_get
 .text.nrf_memobj_put
                0x000000000001ae54       0x1c Output/Release/Obj/ble_app_beacon_pca10040e_s112/nrf_memobj.o
                0x000000000001ae54                nrf_memobj_put
 .text.nrf_memobj_write
                0x000000000001ae70       0x14 Output/Release/Obj/ble_app_beacon_pca10040e_s112/nrf_memobj.o
                0x000000000001ae70                nrf_memobj_write
 .text.nrf_memobj_read
                0x000000000001ae84       0x14 Output/Release/Obj/ble_app_beacon_pca10040e_s112/nrf_memobj.o
                0x000000000001ae84                nrf_memobj_read
 .text.sd_app_evt_wait
                0x000000000001ae98        0x4 Output/Release/Obj/ble_app_beacon_pca10040e_s112/nrf_pwr_mgmt.o
 .text.nrf_pwr_mgmt_init
                0x000000000001ae9c       0x2c Output/Release/Obj/ble_app_beacon_pca10040e_s112/nrf_pwr_mgmt.o
                0x000000000001ae9c                nrf_pwr_mgmt_init
 .text.nrf_pwr_mgmt_run
                0x000000000001aec8       0x18 Output/Release/Obj/ble_app_beacon_pca10040e_s112/nrf_pwr_mgmt.o
                0x000000000001aec8                nrf_pwr_mgmt_run
 .text.nrf_ringbuf_init
                0x000000000001aee0       0x12 Output/Release/Obj/ble_app_beacon_pca10040e_s112/nrf_ringbuf.o
                0x000000000001aee0                nrf_ringbuf_init
 .text.nrf_section_iter_init
                0x000000000001aef2       0x14 Output/Release/Obj/ble_app_beacon_pca10040e_s112/nrf_section_iter.o
                0x000000000001aef2                nrf_section_iter_init
 .text.nrf_section_iter_next
                0x000000000001af06       0x18 Output/Release/Obj/ble_app_beacon_pca10040e_s112/nrf_section_iter.o
                0x000000000001af06                nrf_section_iter_next
 .text.nrf_sortlist_add
                0x000000000001af1e       0x20 Output/Release/Obj/ble_app_beacon_pca10040e_s112/nrf_sortlist.o
                0x000000000001af1e                nrf_sortlist_add
 .text.nrf_sortlist_pop
                0x000000000001af3e        0xc Output/Release/Obj/ble_app_beacon_pca10040e_s112/nrf_sortlist.o
                0x000000000001af3e                nrf_sortlist_pop
 .text.nrf_sortlist_peek
                0x000000000001af4a        0x6 Output/Release/Obj/ble_app_beacon_pca10040e_s112/nrf_sortlist.o
                0x000000000001af4a                nrf_sortlist_peek
 .text.nrf_sortlist_remove
                0x000000000001af50       0x1a Output/Release/Obj/ble_app_beacon_pca10040e_s112/nrf_sortlist.o
                0x000000000001af50                nrf_sortlist_remove
 *fill*         0x000000000001af6a        0x2 
 .text.nrf_strerror_find
                0x000000000001af6c       0x3c Output/Release/Obj/ble_app_beacon_pca10040e_s112/nrf_strerror.o
                0x000000000001af6c                nrf_strerror_find
 .text.nrf_strerror_get
                0x000000000001afa8       0x14 Output/Release/Obj/ble_app_beacon_pca10040e_s112/nrf_strerror.o
                0x000000000001afa8                nrf_strerror_get
 .text.nrf52_errata_31
                0x000000000001afbc       0x12 Output/Release/Obj/ble_app_beacon_pca10040e_s112/system_nrf52805.o
 *fill*         0x000000000001afce        0x2 
 .text.SystemInit
                0x000000000001afd0      0x18c Output/Release/Obj/ble_app_beacon_pca10040e_s112/system_nrf52805.o
                0x000000000001afd0                SystemInit
 .text.bsp_board_led_state_get
                0x000000000001b15c       0x1c Output/Release/Obj/ble_app_beacon_pca10040e_s112/boards.o
                0x000000000001b15c                bsp_board_led_state_get
 .text.bsp_board_led_on
                0x000000000001b178       0x18 Output/Release/Obj/ble_app_beacon_pca10040e_s112/boards.o
                0x000000000001b178                bsp_board_led_on
 .text.bsp_board_led_off
                0x000000000001b190       0x18 Output/Release/Obj/ble_app_beacon_pca10040e_s112/boards.o
                0x000000000001b190                bsp_board_led_off
 .text.bsp_board_leds_off
                0x000000000001b1a8       0x12 Output/Release/Obj/ble_app_beacon_pca10040e_s112/boards.o
                0x000000000001b1a8                bsp_board_leds_off
 .text.bsp_board_leds_on
                0x000000000001b1ba       0x12 Output/Release/Obj/ble_app_beacon_pca10040e_s112/boards.o
                0x000000000001b1ba                bsp_board_leds_on
 .text.bsp_board_led_invert
                0x000000000001b1cc       0x24 Output/Release/Obj/ble_app_beacon_pca10040e_s112/boards.o
                0x000000000001b1cc                bsp_board_led_invert
 .text.bsp_board_pin_to_button_idx
                0x000000000001b1f0       0x24 Output/Release/Obj/ble_app_beacon_pca10040e_s112/boards.o
                0x000000000001b1f0                bsp_board_pin_to_button_idx
 .text.bsp_board_init
                0x000000000001b214       0x36 Output/Release/Obj/ble_app_beacon_pca10040e_s112/boards.o
                0x000000000001b214                bsp_board_init
 *fill*         0x000000000001b24a        0x2 
 .text.clock_clk_started_notify
                0x000000000001b24c       0x24 Output/Release/Obj/ble_app_beacon_pca10040e_s112/nrf_drv_clock.o
 .text.clock_irq_handler
                0x000000000001b270       0x1c Output/Release/Obj/ble_app_beacon_pca10040e_s112/nrf_drv_clock.o
 .text.soc_evt_handler
                0x000000000001b28c       0x14 Output/Release/Obj/ble_app_beacon_pca10040e_s112/nrf_drv_clock.o
 .text.nrf_drv_clock_init
                0x000000000001b2a0       0x74 Output/Release/Obj/ble_app_beacon_pca10040e_s112/nrf_drv_clock.o
                0x000000000001b2a0                nrf_drv_clock_init
 .text.nrf_drv_clock_lfclk_release
                0x000000000001b314       0x40 Output/Release/Obj/ble_app_beacon_pca10040e_s112/nrf_drv_clock.o
                0x000000000001b314                nrf_drv_clock_lfclk_release
 .text.sd_state_evt_handler
                0x000000000001b354       0x64 Output/Release/Obj/ble_app_beacon_pca10040e_s112/nrf_drv_clock.o
 .text.uarte_evt_handler
                0x000000000001b3b8       0x34 Output/Release/Obj/ble_app_beacon_pca10040e_s112/nrf_drv_uart.o
 .text.uart_evt_handler
                0x000000000001b3ec       0x34 Output/Release/Obj/ble_app_beacon_pca10040e_s112/nrf_drv_uart.o
 .text.nrf_drv_uart_init
                0x000000000001b420       0x7c Output/Release/Obj/ble_app_beacon_pca10040e_s112/nrf_drv_uart.o
                0x000000000001b420                nrf_drv_uart_init
 .text.nrf_clock_event_clear
                0x000000000001b49c       0x14 Output/Release/Obj/ble_app_beacon_pca10040e_s112/nrfx_clock.o
 .text.nrfx_clock_init
                0x000000000001b4b0       0x48 Output/Release/Obj/ble_app_beacon_pca10040e_s112/nrfx_clock.o
                0x000000000001b4b0                nrfx_clock_init
 .text.nrfx_clock_enable
                0x000000000001b4f8       0x40 Output/Release/Obj/ble_app_beacon_pca10040e_s112/nrfx_clock.o
                0x000000000001b4f8                nrfx_clock_enable
 .text.nrfx_clock_lfclk_stop
                0x000000000001b538       0x22 Output/Release/Obj/ble_app_beacon_pca10040e_s112/nrfx_clock.o
                0x000000000001b538                nrfx_clock_lfclk_stop
 *fill*         0x000000000001b55a        0x2 
 .text.POWER_CLOCK_IRQHandler
                0x000000000001b55c       0x4c Output/Release/Obj/ble_app_beacon_pca10040e_s112/nrfx_clock.o
                0x000000000001b55c                POWER_CLOCK_IRQHandler
 .text.nrf_gpiote_event_clear
                0x000000000001b5a8       0x18 Output/Release/Obj/ble_app_beacon_pca10040e_s112/nrfx_gpiote.o
 .text.nrf_gpio_cfg_sense_set
                0x000000000001b5c0       0x20 Output/Release/Obj/ble_app_beacon_pca10040e_s112/nrfx_gpiote.o
 .text.channel_free
                0x000000000001b5e0       0x1c Output/Release/Obj/ble_app_beacon_pca10040e_s112/nrfx_gpiote.o
 .text.nrfx_gpiote_init
                0x000000000001b5fc       0xb4 Output/Release/Obj/ble_app_beacon_pca10040e_s112/nrfx_gpiote.o
                0x000000000001b5fc                nrfx_gpiote_init
 .text.nrfx_gpiote_is_init
                0x000000000001b6b0       0x14 Output/Release/Obj/ble_app_beacon_pca10040e_s112/nrfx_gpiote.o
                0x000000000001b6b0                nrfx_gpiote_is_init
 .text.nrfx_gpiote_in_init
                0x000000000001b6c4      0x120 Output/Release/Obj/ble_app_beacon_pca10040e_s112/nrfx_gpiote.o
                0x000000000001b6c4                nrfx_gpiote_in_init
 .text.nrfx_gpiote_in_event_enable
                0x000000000001b7e4       0x8c Output/Release/Obj/ble_app_beacon_pca10040e_s112/nrfx_gpiote.o
                0x000000000001b7e4                nrfx_gpiote_in_event_enable
 .text.nrfx_gpiote_in_is_set
                0x000000000001b870       0x12 Output/Release/Obj/ble_app_beacon_pca10040e_s112/nrfx_gpiote.o
                0x000000000001b870                nrfx_gpiote_in_is_set
 *fill*         0x000000000001b882        0x2 
 .text.GPIOTE_IRQHandler
                0x000000000001b884      0x14c Output/Release/Obj/ble_app_beacon_pca10040e_s112/nrfx_gpiote.o
                0x000000000001b884                GPIOTE_IRQHandler
 .text.UARTE0_UART0_IRQHandler
                0x000000000001b9d0        0xc Output/Release/Obj/ble_app_beacon_pca10040e_s112/nrfx_prs.o
                0x000000000001b9d0                UARTE0_UART0_IRQHandler
 .text.nrfx_prs_acquire
                0x000000000001b9dc       0x88 Output/Release/Obj/ble_app_beacon_pca10040e_s112/nrfx_prs.o
                0x000000000001b9dc                nrfx_prs_acquire
 .text.nrfx_prs_release
                0x000000000001ba64       0x18 Output/Release/Obj/ble_app_beacon_pca10040e_s112/nrfx_prs.o
                0x000000000001ba64                nrfx_prs_release
 .text.nrf_uart_event_clear
                0x000000000001ba7c       0x10 Output/Release/Obj/ble_app_beacon_pca10040e_s112/nrfx_uart.o
 .text.tx_byte  0x000000000001ba8c       0x1e Output/Release/Obj/ble_app_beacon_pca10040e_s112/nrfx_uart.o
 .text.rx_byte  0x000000000001baaa       0x2c Output/Release/Obj/ble_app_beacon_pca10040e_s112/nrfx_uart.o
 *fill*         0x000000000001bad6        0x2 
 .text.rx_done_event.constprop.0
                0x000000000001bad8       0x20 Output/Release/Obj/ble_app_beacon_pca10040e_s112/nrfx_uart.o
 .text.nrfx_uart_0_irq_handler
                0x000000000001baf8      0x140 Output/Release/Obj/ble_app_beacon_pca10040e_s112/nrfx_uart.o
                0x000000000001baf8                nrfx_uart_0_irq_handler
 .text.nrfx_uart_init
                0x000000000001bc38      0x168 Output/Release/Obj/ble_app_beacon_pca10040e_s112/nrfx_uart.o
                0x000000000001bc38                nrfx_uart_init
 .text.nrfx_uart_uninit
                0x000000000001bda0       0xd4 Output/Release/Obj/ble_app_beacon_pca10040e_s112/nrfx_uart.o
                0x000000000001bda0                nrfx_uart_uninit
 .text.nrfx_uart_tx_in_progress
                0x000000000001be74       0x18 Output/Release/Obj/ble_app_beacon_pca10040e_s112/nrfx_uart.o
                0x000000000001be74                nrfx_uart_tx_in_progress
 .text.nrfx_uart_tx
                0x000000000001be8c       0xa0 Output/Release/Obj/ble_app_beacon_pca10040e_s112/nrfx_uart.o
                0x000000000001be8c                nrfx_uart_tx
 .text.nrf_uarte_event_clear
                0x000000000001bf2c       0x10 Output/Release/Obj/ble_app_beacon_pca10040e_s112/nrfx_uarte.o
 .text.rx_done_event.constprop.0
                0x000000000001bf3c       0x20 Output/Release/Obj/ble_app_beacon_pca10040e_s112/nrfx_uarte.o
 .text.nrfx_uarte_0_irq_handler
                0x000000000001bf5c      0x118 Output/Release/Obj/ble_app_beacon_pca10040e_s112/nrfx_uarte.o
                0x000000000001bf5c                nrfx_uarte_0_irq_handler
 .text.nrfx_uarte_init
                0x000000000001c074      0x184 Output/Release/Obj/ble_app_beacon_pca10040e_s112/nrfx_uarte.o
                0x000000000001c074                nrfx_uarte_init
 .text.nrfx_uarte_uninit
                0x000000000001c1f8      0x120 Output/Release/Obj/ble_app_beacon_pca10040e_s112/nrfx_uarte.o
                0x000000000001c1f8                nrfx_uarte_uninit
 .text.nrfx_uarte_tx_in_progress
                0x000000000001c318       0x18 Output/Release/Obj/ble_app_beacon_pca10040e_s112/nrfx_uarte.o
                0x000000000001c318                nrfx_uarte_tx_in_progress
 .text.nrfx_uarte_tx
                0x000000000001c330       0x9c Output/Release/Obj/ble_app_beacon_pca10040e_s112/nrfx_uarte.o
                0x000000000001c330                nrfx_uarte_tx
 .text.alert_timer_handler
                0x000000000001c3cc        0x6 Output/Release/Obj/ble_app_beacon_pca10040e_s112/bsp.o
 *fill*         0x000000000001c3d2        0x2 
 .text.bsp_button_event_handler
                0x000000000001c3d4       0x9c Output/Release/Obj/ble_app_beacon_pca10040e_s112/bsp.o
 .text.button_timer_handler
                0x000000000001c470        0x8 Output/Release/Obj/ble_app_beacon_pca10040e_s112/bsp.o
 .text.leds_off
                0x000000000001c478       0x24 Output/Release/Obj/ble_app_beacon_pca10040e_s112/bsp.o
 .text.bsp_led_indication
                0x000000000001c49c      0x200 Output/Release/Obj/ble_app_beacon_pca10040e_s112/bsp.o
 .text.leds_timer_handler
                0x000000000001c69c       0x1c Output/Release/Obj/ble_app_beacon_pca10040e_s112/bsp.o
 .text.bsp_indication_set
                0x000000000001c6b8       0x18 Output/Release/Obj/ble_app_beacon_pca10040e_s112/bsp.o
                0x000000000001c6b8                bsp_indication_set
 .text.bsp_init
                0x000000000001c6d0       0x9c Output/Release/Obj/ble_app_beacon_pca10040e_s112/bsp.o
                0x000000000001c6d0                bsp_init
 .text.sd_ble_gap_adv_set_configure
                0x000000000001c76c        0x4 Output/Release/Obj/ble_app_beacon_pca10040e_s112/main.o
 .text.sd_ble_gap_adv_start
                0x000000000001c770        0x4 Output/Release/Obj/ble_app_beacon_pca10040e_s112/main.o
 .text.sd_ble_gap_tx_power_set
                0x000000000001c774        0x4 Output/Release/Obj/ble_app_beacon_pca10040e_s112/main.o
 .text.bsp_event_handler
                0x000000000001c778       0x20 Output/Release/Obj/ble_app_beacon_pca10040e_s112/main.o
                0x000000000001c778                bsp_event_handler
 .text.startup.main
                0x000000000001c798      0x12c Output/Release/Obj/ble_app_beacon_pca10040e_s112/main.o
                0x000000000001c798                main
 .text._GetAvailWriteSpace
                0x000000000001c8c4       0x12 Output/Release/Obj/ble_app_beacon_pca10040e_s112/SEGGER_RTT.o
 .text._WriteNoCheck
                0x000000000001c8d6       0x38 Output/Release/Obj/ble_app_beacon_pca10040e_s112/SEGGER_RTT.o
 .text._WriteBlocking
                0x000000000001c90e       0x52 Output/Release/Obj/ble_app_beacon_pca10040e_s112/SEGGER_RTT.o
 .text._DoInit  0x000000000001c960       0x60 Output/Release/Obj/ble_app_beacon_pca10040e_s112/SEGGER_RTT.o
 .text.SEGGER_RTT_WriteNoLock
                0x000000000001c9c0       0x60 Output/Release/Obj/ble_app_beacon_pca10040e_s112/SEGGER_RTT.o
                0x000000000001c9c0                SEGGER_RTT_WriteNoLock
 .text.SEGGER_RTT_Write
                0x000000000001ca20       0x40 Output/Release/Obj/ble_app_beacon_pca10040e_s112/SEGGER_RTT.o
                0x000000000001ca20                SEGGER_RTT_Write
 .text.SEGGER_RTT_Init
                0x000000000001ca60        0x4 Output/Release/Obj/ble_app_beacon_pca10040e_s112/SEGGER_RTT.o
                0x000000000001ca60                SEGGER_RTT_Init
 .text.printf   0x000000000001ca64       0x3a Output/Release/Obj/ble_app_beacon_pca10040e_s112/SEGGER_RTT_Syscalls_SES.o
                0x000000000001ca64                printf
 .text.sd_ble_gap_addr_get
                0x000000000001ca9e        0x4 Output/Release/Obj/ble_app_beacon_pca10040e_s112/ble_advdata.o
 .text.sd_ble_gap_appearance_get
                0x000000000001caa2        0x4 Output/Release/Obj/ble_app_beacon_pca10040e_s112/ble_advdata.o
 .text.sd_ble_gap_device_name_get
                0x000000000001caa6        0x4 Output/Release/Obj/ble_app_beacon_pca10040e_s112/ble_advdata.o
 .text.sd_ble_uuid_encode
                0x000000000001caaa        0x4 Output/Release/Obj/ble_app_beacon_pca10040e_s112/ble_advdata.o
 .text.uuid_list_sized_encode
                0x000000000001caae       0xac Output/Release/Obj/ble_app_beacon_pca10040e_s112/ble_advdata.o
 .text.uuid_list_encode
                0x000000000001cb5a       0x38 Output/Release/Obj/ble_app_beacon_pca10040e_s112/ble_advdata.o
 .text.ble_advdata_encode
                0x000000000001cb92      0x394 Output/Release/Obj/ble_app_beacon_pca10040e_s112/ble_advdata.o
                0x000000000001cb92                ble_advdata_encode
 .text.sd_softdevice_enable
                0x000000000001cf26        0x4 Output/Release/Obj/ble_app_beacon_pca10040e_s112/nrf_sdh.o
 *fill*         0x000000000001cf2a        0x2 
 .text.sdh_request_observer_notify
                0x000000000001cf2c       0x30 Output/Release/Obj/ble_app_beacon_pca10040e_s112/nrf_sdh.o
 .text.sdh_state_observer_notify
                0x000000000001cf5c       0x28 Output/Release/Obj/ble_app_beacon_pca10040e_s112/nrf_sdh.o
 .text.softdevices_evt_irq_enable
                0x000000000001cf84       0x38 Output/Release/Obj/ble_app_beacon_pca10040e_s112/nrf_sdh.o
 .text.nrf_sdh_enable_request
                0x000000000001cfbc       0x7c Output/Release/Obj/ble_app_beacon_pca10040e_s112/nrf_sdh.o
                0x000000000001cfbc                nrf_sdh_enable_request
 .text.nrf_sdh_is_enabled
                0x000000000001d038        0xc Output/Release/Obj/ble_app_beacon_pca10040e_s112/nrf_sdh.o
                0x000000000001d038                nrf_sdh_is_enabled
 .text.nrf_sdh_evts_poll
                0x000000000001d044       0x28 Output/Release/Obj/ble_app_beacon_pca10040e_s112/nrf_sdh.o
                0x000000000001d044                nrf_sdh_evts_poll
 .text.SWI2_IRQHandler
                0x000000000001d06c        0x4 Output/Release/Obj/ble_app_beacon_pca10040e_s112/nrf_sdh.o
                0x000000000001d06c                SWI2_IRQHandler
 .text.sd_ble_enable
                0x000000000001d070        0x4 Output/Release/Obj/ble_app_beacon_pca10040e_s112/nrf_sdh_ble.o
 .text.sd_ble_cfg_set
                0x000000000001d074        0x4 Output/Release/Obj/ble_app_beacon_pca10040e_s112/nrf_sdh_ble.o
 .text.sd_ble_evt_get
                0x000000000001d078        0x4 Output/Release/Obj/ble_app_beacon_pca10040e_s112/nrf_sdh_ble.o
 .text.nrf_sdh_ble_evts_poll
                0x000000000001d07c       0x58 Output/Release/Obj/ble_app_beacon_pca10040e_s112/nrf_sdh_ble.o
 .text.nrf_sdh_ble_default_cfg_set
                0x000000000001d0d4      0x134 Output/Release/Obj/ble_app_beacon_pca10040e_s112/nrf_sdh_ble.o
                0x000000000001d0d4                nrf_sdh_ble_default_cfg_set
 .text.nrf_sdh_ble_enable
                0x000000000001d208       0x94 Output/Release/Obj/ble_app_beacon_pca10040e_s112/nrf_sdh_ble.o
                0x000000000001d208                nrf_sdh_ble_enable
 .text.sd_evt_get
                0x000000000001d29c        0x4 Output/Release/Obj/ble_app_beacon_pca10040e_s112/nrf_sdh_soc.o
 .text.nrf_sdh_soc_evts_poll
                0x000000000001d2a0       0x40 Output/Release/Obj/ble_app_beacon_pca10040e_s112/nrf_sdh_soc.o
 .text.libc.__int64_udivmod
                0x000000000001d2e0       0xce C:/Program Files/SEGGER/SEGGER Embedded Studio for ARM 5.62/lib/libc_v7em_t_le_eabi.a(libc_asm.o)
                0x000000000001d2e0                __aeabi_uldivmod
                0x000000000001d2e0                __int64_udiv
                0x000000000001d2e0                __udivdi3
                0x000000000001d2e0                __int64_udivmod
 *fill*         0x000000000001d3ae        0x2 
 .text.libc.__RAL_ascii_isctype
                0x000000000001d3b0       0x1c C:/Program Files/SEGGER/SEGGER Embedded Studio for ARM 5.62/lib/libc_v7em_t_le_eabi.a(libc2.o)
 .text.libc.__RAL_ascii_toupper
                0x000000000001d3cc        0xc C:/Program Files/SEGGER/SEGGER Embedded Studio for ARM 5.62/lib/libc_v7em_t_le_eabi.a(libc2.o)
 .text.libc.__RAL_ascii_tolower
                0x000000000001d3d8        0xc C:/Program Files/SEGGER/SEGGER Embedded Studio for ARM 5.62/lib/libc_v7em_t_le_eabi.a(libc2.o)
 .text.libc.__RAL_ascii_iswctype
                0x000000000001d3e4       0x1c C:/Program Files/SEGGER/SEGGER Embedded Studio for ARM 5.62/lib/libc_v7em_t_le_eabi.a(libc2.o)
 .text.libc.__RAL_ascii_towupper
                0x000000000001d400        0xc C:/Program Files/SEGGER/SEGGER Embedded Studio for ARM 5.62/lib/libc_v7em_t_le_eabi.a(libc2.o)
 .text.libc.__RAL_ascii_towlower
                0x000000000001d40c        0xc C:/Program Files/SEGGER/SEGGER Embedded Studio for ARM 5.62/lib/libc_v7em_t_le_eabi.a(libc2.o)
 .text.libc.__RAL_ascii_wctomb
                0x000000000001d418        0xe C:/Program Files/SEGGER/SEGGER Embedded Studio for ARM 5.62/lib/libc_v7em_t_le_eabi.a(libc2.o)
                0x000000000001d418                __RAL_ascii_wctomb
 .text.libc.__RAL_ascii_mbtowc
                0x000000000001d426       0x24 C:/Program Files/SEGGER/SEGGER Embedded Studio for ARM 5.62/lib/libc_v7em_t_le_eabi.a(libc2.o)
                0x000000000001d426                __RAL_ascii_mbtowc
 .text.libc.__putc
                0x000000000001d44a       0x36 C:/Program Files/SEGGER/SEGGER Embedded Studio for ARM 5.62/lib/libc_v7em_t_le_eabi.a(libc2.o)
                0x000000000001d44a                __putc
 .text.libc.__RAL_print_padding
                0x000000000001d480       0x1c C:/Program Files/SEGGER/SEGGER Embedded Studio for ARM 5.62/lib/libc_v7em_t_le_eabi.a(libc2.o)
                0x000000000001d480                __RAL_print_padding
 .text.libc.__RAL_pre_padding
                0x000000000001d49c       0x1a C:/Program Files/SEGGER/SEGGER Embedded Studio for ARM 5.62/lib/libc_v7em_t_le_eabi.a(libc2.o)
                0x000000000001d49c                __RAL_pre_padding
 *fill*         0x000000000001d4b6        0x2 
 .text.libc.__RAL_isctype
                0x000000000001d4b8       0x14 C:/Program Files/SEGGER/SEGGER Embedded Studio for ARM 5.62/lib/libc_v7em_t_le_eabi.a(libc2.o)
                0x000000000001d4b8                __RAL_isctype
 .text.libc.isprint
                0x000000000001d4cc        0xa C:/Program Files/SEGGER/SEGGER Embedded Studio for ARM 5.62/lib/libc_v7em_t_le_eabi.a(libc2.o)
                0x000000000001d4cc                isprint
 .text.libc.strnlen
                0x000000000001d4d6       0x22 C:/Program Files/SEGGER/SEGGER Embedded Studio for ARM 5.62/lib/libc_v7em_t_le_eabi.a(libc2.o)
                0x000000000001d4d6                strnlen
 .text.libc.vsnprintf
                0x000000000001d4f8       0x1c C:/Program Files/SEGGER/SEGGER Embedded Studio for ARM 5.62/lib/libc_v7em_t_le_eabi.a(libc2.o)
                0x000000000001d4f8                vsnprintf
 .text.libc.memcpy
                0x000000000001d514       0x52 C:/Program Files/SEGGER/SEGGER Embedded Studio for ARM 5.62/lib/libc_v7em_t_le_eabi.a(libc2_asm.o)
                0x000000000001d514                __aeabi_memcpy
                0x000000000001d514                memcpy
                0x000000000001d520                __aeabi_memcpy8
                0x000000000001d520                __aeabi_memcpy4
 .text.libc.memset
                0x000000000001d566       0x66 C:/Program Files/SEGGER/SEGGER Embedded Studio for ARM 5.62/lib/libc_v7em_t_le_eabi.a(libc2_asm.o)
                0x000000000001d566                memset
 .text.libc.strcpy
                0x000000000001d5cc       0x44 C:/Program Files/SEGGER/SEGGER Embedded Studio for ARM 5.62/lib/libc_v7em_t_le_eabi.a(libc2_asm.o)
                0x000000000001d5cc                strcpy
 .text.libc.strlen
                0x000000000001d610       0x60 C:/Program Files/SEGGER/SEGGER Embedded Studio for ARM 5.62/lib/libc_v7em_t_le_eabi.a(libc2_asm.o)
                0x000000000001d610                strlen
 .text.libc.__vfprintf_long
                0x000000000001d670      0x63c C:/Program Files/SEGGER/SEGGER Embedded Studio for ARM 5.62/lib/libc_v7em_t_le_eabi.a(libvfprintf.o)
                0x000000000001d670                __vfprintf_long
                0x000000000001dcac                . = ALIGN (MAX ((__text_start__ + 0x4), .), 0x4)
                0x000000000001dcac                __text_end__ = (__text_start__ + SIZEOF (.text))
                0x00000000000048f0                __text_size__ = SIZEOF (.text)
                0x000000000001dcac                __text_load_end__ = __text_end__

.vfp11_veneer   0x0000000100000000        0x0
 .vfp11_veneer  0x0000000100000000        0x0 linker stubs

.v4_bx          0x0000000100000000        0x0
 .v4_bx         0x0000000100000000        0x0 linker stubs

.iplt           0x0000000100000000        0x0
 .iplt          0x0000000100000000        0x0 Output/Release/Obj/ble_app_beacon_pca10040e_s112/thumb_crt0.o
                0x0000000000000001                . = ASSERT (((__text_start__ == __text_end__) || ((__text_end__ - __FLASH1_segment_start__) <= __FLASH1_segment_size__)), error: .text is too large to fit in FLASH1 memory segment)
                0x000000000001dcac                __sdh_soc_observers_load_start__ = ALIGN (__text_end__, 0x4)

.sdh_soc_observers
                0x000000000001dcac        0x8
                0x000000000001dcac                __sdh_soc_observers_start__ = .
                0x000000000001dcac                __start_sdh_soc_observers = __sdh_soc_observers_start__
 *(SORT_BY_NAME(.sdh_soc_observers*))
 .sdh_soc_observers0
                0x000000000001dcac        0x8 Output/Release/Obj/ble_app_beacon_pca10040e_s112/nrf_drv_clock.o
                0x000000000001dcb4                __sdh_soc_observers_end__ = (__sdh_soc_observers_start__ + SIZEOF (.sdh_soc_observers))
                0x0000000000000008                __sdh_soc_observers_size__ = SIZEOF (.sdh_soc_observers)
                0x000000000001dcb4                __stop_sdh_soc_observers = __sdh_soc_observers_end__
                0x000000000001dcb4                __sdh_soc_observers_load_end__ = __sdh_soc_observers_end__
                0x0000000000000001                . = ASSERT (((__sdh_soc_observers_start__ == __sdh_soc_observers_end__) || ((__sdh_soc_observers_end__ - __FLASH1_segment_start__) <= __FLASH1_segment_size__)), error: .sdh_soc_observers is too large to fit in FLASH1 memory segment)
                0x000000000001dcb4                __sdh_ble_observers_load_start__ = ALIGN (__sdh_soc_observers_end__, 0x4)

.sdh_ble_observers
                0x000000000001dcb4        0x0
                0x000000000001dcb4                __sdh_ble_observers_start__ = .
                0x000000000001dcb4                __start_sdh_ble_observers = __sdh_ble_observers_start__
 *(SORT_BY_NAME(.sdh_ble_observers*))
                0x000000000001dcb4                __sdh_ble_observers_end__ = (__sdh_ble_observers_start__ + SIZEOF (.sdh_ble_observers))
                0x0000000000000000                __sdh_ble_observers_size__ = SIZEOF (.sdh_ble_observers)
                0x000000000001dcb4                __stop_sdh_ble_observers = __sdh_ble_observers_end__
                0x000000000001dcb4                __sdh_ble_observers_load_end__ = __sdh_ble_observers_end__
                0x0000000000000001                . = ASSERT (((__sdh_ble_observers_start__ == __sdh_ble_observers_end__) || ((__sdh_ble_observers_end__ - __FLASH1_segment_start__) <= __FLASH1_segment_size__)), error: .sdh_ble_observers is too large to fit in FLASH1 memory segment)
                0x000000000001dcb4                __pwr_mgmt_data_load_start__ = ALIGN (__sdh_ble_observers_end__, 0x4)

.pwr_mgmt_data  0x000000000001dcb4        0x0
                0x000000000001dcb4                __pwr_mgmt_data_start__ = .
                0x000000000001dcb4                __start_pwr_mgmt_data = __pwr_mgmt_data_start__
 *(SORT_BY_NAME(.pwr_mgmt_data*))
                0x000000000001dcb4                __pwr_mgmt_data_end__ = (__pwr_mgmt_data_start__ + SIZEOF (.pwr_mgmt_data))
                0x0000000000000000                __pwr_mgmt_data_size__ = SIZEOF (.pwr_mgmt_data)
                0x000000000001dcb4                __stop_pwr_mgmt_data = __pwr_mgmt_data_end__
                0x000000000001dcb4                __pwr_mgmt_data_load_end__ = __pwr_mgmt_data_end__
                0x0000000000000001                . = ASSERT (((__pwr_mgmt_data_start__ == __pwr_mgmt_data_end__) || ((__pwr_mgmt_data_end__ - __FLASH1_segment_start__) <= __FLASH1_segment_size__)), error: .pwr_mgmt_data is too large to fit in FLASH1 memory segment)
                0x000000000001dcb4                __sdh_req_observers_load_start__ = ALIGN (__pwr_mgmt_data_end__, 0x4)

.sdh_req_observers
                0x000000000001dcb4        0x0
                0x000000000001dcb4                __sdh_req_observers_start__ = .
                0x000000000001dcb4                __start_sdh_req_observers = __sdh_req_observers_start__
 *(SORT_BY_NAME(.sdh_req_observers*))
                0x000000000001dcb4                __sdh_req_observers_end__ = (__sdh_req_observers_start__ + SIZEOF (.sdh_req_observers))
                0x0000000000000000                __sdh_req_observers_size__ = SIZEOF (.sdh_req_observers)
                0x000000000001dcb4                __stop_sdh_req_observers = __sdh_req_observers_end__
                0x000000000001dcb4                __sdh_req_observers_load_end__ = __sdh_req_observers_end__
                0x0000000000000001                . = ASSERT (((__sdh_req_observers_start__ == __sdh_req_observers_end__) || ((__sdh_req_observers_end__ - __FLASH1_segment_start__) <= __FLASH1_segment_size__)), error: .sdh_req_observers is too large to fit in FLASH1 memory segment)
                0x000000000001dcb4                __sdh_state_observers_load_start__ = ALIGN (__sdh_req_observers_end__, 0x4)

.sdh_state_observers
                0x000000000001dcb4        0x8
                0x000000000001dcb4                __sdh_state_observers_start__ = .
                0x000000000001dcb4                __start_sdh_state_observers = __sdh_state_observers_start__
 *(SORT_BY_NAME(.sdh_state_observers*))
 .sdh_state_observers0
                0x000000000001dcb4        0x8 Output/Release/Obj/ble_app_beacon_pca10040e_s112/nrf_drv_clock.o
                0x000000000001dcbc                __sdh_state_observers_end__ = (__sdh_state_observers_start__ + SIZEOF (.sdh_state_observers))
                0x0000000000000008                __sdh_state_observers_size__ = SIZEOF (.sdh_state_observers)
                0x000000000001dcbc                __stop_sdh_state_observers = __sdh_state_observers_end__
                0x000000000001dcbc                __sdh_state_observers_load_end__ = __sdh_state_observers_end__
                0x0000000000000001                . = ASSERT (((__sdh_state_observers_start__ == __sdh_state_observers_end__) || ((__sdh_state_observers_end__ - __FLASH1_segment_start__) <= __FLASH1_segment_size__)), error: .sdh_state_observers is too large to fit in FLASH1 memory segment)
                0x000000000001dcbc                __sdh_stack_observers_load_start__ = ALIGN (__sdh_state_observers_end__, 0x4)

.sdh_stack_observers
                0x000000000001dcbc       0x10
                0x000000000001dcbc                __sdh_stack_observers_start__ = .
                0x000000000001dcbc                __start_sdh_stack_observers = __sdh_stack_observers_start__
 *(SORT_BY_NAME(.sdh_stack_observers*))
 .sdh_stack_observers0
                0x000000000001dcbc        0x8 Output/Release/Obj/ble_app_beacon_pca10040e_s112/nrf_sdh_ble.o
 .sdh_stack_observers0
                0x000000000001dcc4        0x8 Output/Release/Obj/ble_app_beacon_pca10040e_s112/nrf_sdh_soc.o
                0x000000000001dccc                __sdh_stack_observers_end__ = (__sdh_stack_observers_start__ + SIZEOF (.sdh_stack_observers))
                0x0000000000000010                __sdh_stack_observers_size__ = SIZEOF (.sdh_stack_observers)
                0x000000000001dccc                __stop_sdh_stack_observers = __sdh_stack_observers_end__
                0x000000000001dccc                __sdh_stack_observers_load_end__ = __sdh_stack_observers_end__
                0x0000000000000001                . = ASSERT (((__sdh_stack_observers_start__ == __sdh_stack_observers_end__) || ((__sdh_stack_observers_end__ - __FLASH1_segment_start__) <= __FLASH1_segment_size__)), error: .sdh_stack_observers is too large to fit in FLASH1 memory segment)
                0x000000000001dccc                __nrf_queue_load_start__ = ALIGN (__sdh_stack_observers_end__, 0x4)

.nrf_queue      0x000000000001dccc        0x0
                0x000000000001dccc                __nrf_queue_start__ = .
                0x000000000001dccc                __start_nrf_queue = __nrf_queue_start__
 *(.nrf_queue*)
                0x000000000001dccc                __nrf_queue_end__ = (__nrf_queue_start__ + SIZEOF (.nrf_queue))
                0x0000000000000000                __nrf_queue_size__ = SIZEOF (.nrf_queue)
                0x000000000001dccc                __stop_nrf_queue = __nrf_queue_end__
                0x000000000001dccc                __nrf_queue_load_end__ = __nrf_queue_end__
                0x0000000000000001                . = ASSERT (((__nrf_queue_start__ == __nrf_queue_end__) || ((__nrf_queue_end__ - __FLASH1_segment_start__) <= __FLASH1_segment_size__)), error: .nrf_queue is too large to fit in FLASH1 memory segment)
                0x000000000001dccc                __nrf_balloc_load_start__ = ALIGN (__nrf_queue_end__, 0x4)

.nrf_balloc     0x000000000001dccc       0x14
                0x000000000001dccc                __nrf_balloc_start__ = .
                0x000000000001dccc                __start_nrf_balloc = __nrf_balloc_start__
 *(.nrf_balloc*)
 .nrf_balloc    0x000000000001dccc       0x14 Output/Release/Obj/ble_app_beacon_pca10040e_s112/nrf_log_frontend.o
                0x000000000001dccc                log_mempool
                0x000000000001dce0                __nrf_balloc_end__ = (__nrf_balloc_start__ + SIZEOF (.nrf_balloc))
                0x0000000000000014                __nrf_balloc_size__ = SIZEOF (.nrf_balloc)
                0x000000000001dce0                __stop_nrf_balloc = __nrf_balloc_end__
                0x000000000001dce0                __nrf_balloc_load_end__ = __nrf_balloc_end__
                0x0000000000000001                . = ASSERT (((__nrf_balloc_start__ == __nrf_balloc_end__) || ((__nrf_balloc_end__ - __FLASH1_segment_start__) <= __FLASH1_segment_size__)), error: .nrf_balloc is too large to fit in FLASH1 memory segment)
                0x000000000001dce0                __cli_command_load_start__ = ALIGN (__nrf_balloc_end__, 0x4)

.cli_command    0x000000000001dce0        0x0
                0x000000000001dce0                __cli_command_start__ = .
                0x000000000001dce0                __start_cli_command = __cli_command_start__
 *(.cli_command*)
                0x000000000001dce0                __cli_command_end__ = (__cli_command_start__ + SIZEOF (.cli_command))
                0x0000000000000000                __cli_command_size__ = SIZEOF (.cli_command)
                0x000000000001dce0                __stop_cli_command = __cli_command_end__
                0x000000000001dce0                __cli_command_load_end__ = __cli_command_end__
                0x0000000000000001                . = ASSERT (((__cli_command_start__ == __cli_command_end__) || ((__cli_command_end__ - __FLASH1_segment_start__) <= __FLASH1_segment_size__)), error: .cli_command is too large to fit in FLASH1 memory segment)
                0x000000000001dce0                __crypto_data_load_start__ = ALIGN (__cli_command_end__, 0x4)

.crypto_data    0x000000000001dce0        0x0
                0x000000000001dce0                __crypto_data_start__ = .
                0x000000000001dce0                __start_crypto_data = __crypto_data_start__
 *(SORT_BY_NAME(.crypto_data*))
                0x000000000001dce0                __crypto_data_end__ = (__crypto_data_start__ + SIZEOF (.crypto_data))
                0x0000000000000000                __crypto_data_size__ = SIZEOF (.crypto_data)
                0x000000000001dce0                __stop_crypto_data = __crypto_data_end__
                0x000000000001dce0                __crypto_data_load_end__ = __crypto_data_end__
                0x0000000000000001                . = ASSERT (((__crypto_data_start__ == __crypto_data_end__) || ((__crypto_data_end__ - __FLASH1_segment_start__) <= __FLASH1_segment_size__)), error: .crypto_data is too large to fit in FLASH1 memory segment)
                0x000000000001dce0                __log_const_data_load_start__ = ALIGN (__crypto_data_end__, 0x4)

.log_const_data
                0x000000000001dce0       0x70
                0x000000000001dce0                __log_const_data_start__ = .
                0x000000000001dce0                __start_log_const_data = __log_const_data_start__
 *(SORT_BY_NAME(.log_const_data*))
 .log_const_data_CLOCK
                0x000000000001dce0        0x8 Output/Release/Obj/ble_app_beacon_pca10040e_s112/nrfx_clock.o
                0x000000000001dce0                m_nrf_log_CLOCK_logs_data_const
 .log_const_data_GPIOTE
                0x000000000001dce8        0x8 Output/Release/Obj/ble_app_beacon_pca10040e_s112/nrfx_gpiote.o
                0x000000000001dce8                m_nrf_log_GPIOTE_logs_data_const
 .log_const_data_PRS
                0x000000000001dcf0        0x8 Output/Release/Obj/ble_app_beacon_pca10040e_s112/nrfx_prs.o
                0x000000000001dcf0                m_nrf_log_PRS_logs_data_const
 .log_const_data_UART
                0x000000000001dcf8        0x8 Output/Release/Obj/ble_app_beacon_pca10040e_s112/nrfx_uart.o
                0x000000000001dcf8                m_nrf_log_UART_logs_data_const
 .log_const_data_UARTE
                0x000000000001dd00        0x8 Output/Release/Obj/ble_app_beacon_pca10040e_s112/nrfx_uarte.o
                0x000000000001dd00                m_nrf_log_UARTE_logs_data_const
 .log_const_data_app
                0x000000000001dd08        0x8 Output/Release/Obj/ble_app_beacon_pca10040e_s112/nrf_log_frontend.o
                0x000000000001dd08                m_nrf_log_app_logs_data_const
 .log_const_data_app_button
                0x000000000001dd10        0x8 Output/Release/Obj/ble_app_beacon_pca10040e_s112/app_button.o
                0x000000000001dd10                m_nrf_log_app_button_logs_data_const
 .log_const_data_app_timer
                0x000000000001dd18        0x8 Output/Release/Obj/ble_app_beacon_pca10040e_s112/app_timer2.o
                0x000000000001dd18                m_nrf_log_app_timer_logs_data_const
 .log_const_data_clock
                0x000000000001dd20        0x8 Output/Release/Obj/ble_app_beacon_pca10040e_s112/nrf_drv_clock.o
                0x000000000001dd20                m_nrf_log_clock_logs_data_const
 .log_const_data_nrf_sdh
                0x000000000001dd28        0x8 Output/Release/Obj/ble_app_beacon_pca10040e_s112/nrf_sdh.o
                0x000000000001dd28                m_nrf_log_nrf_sdh_logs_data_const
 .log_const_data_nrf_sdh_ble
                0x000000000001dd30        0x8 Output/Release/Obj/ble_app_beacon_pca10040e_s112/nrf_sdh_ble.o
                0x000000000001dd30                m_nrf_log_nrf_sdh_ble_logs_data_const
 .log_const_data_nrf_sdh_soc
                0x000000000001dd38        0x8 Output/Release/Obj/ble_app_beacon_pca10040e_s112/nrf_sdh_soc.o
                0x000000000001dd38                m_nrf_log_nrf_sdh_soc_logs_data_const
 .log_const_data_pwr_mgmt
                0x000000000001dd40        0x8 Output/Release/Obj/ble_app_beacon_pca10040e_s112/nrf_pwr_mgmt.o
                0x000000000001dd40                m_nrf_log_pwr_mgmt_logs_data_const
 .log_const_data_sortlist
                0x000000000001dd48        0x8 Output/Release/Obj/ble_app_beacon_pca10040e_s112/nrf_sortlist.o
                0x000000000001dd48                m_nrf_log_sortlist_logs_data_const
                0x000000000001dd50                __log_const_data_end__ = (__log_const_data_start__ + SIZEOF (.log_const_data))
                0x0000000000000070                __log_const_data_size__ = SIZEOF (.log_const_data)
                0x000000000001dd50                __stop_log_const_data = __log_const_data_end__
                0x000000000001dd50                __log_const_data_load_end__ = __log_const_data_end__
                0x0000000000000001                . = ASSERT (((__log_const_data_start__ == __log_const_data_end__) || ((__log_const_data_end__ - __FLASH1_segment_start__) <= __FLASH1_segment_size__)), error: .log_const_data is too large to fit in FLASH1 memory segment)
                0x000000000001dd50                __log_backends_load_start__ = ALIGN (__log_const_data_end__, 0x4)

.log_backends   0x000000000001dd50       0x20
                0x000000000001dd50                __log_backends_start__ = .
                0x000000000001dd50                __start_log_backends = __log_backends_start__
 *(SORT_BY_NAME(.log_backends*))
 .log_backends  0x000000000001dd50       0x20 Output/Release/Obj/ble_app_beacon_pca10040e_s112/nrf_log_default_backends.o
                0x000000000001dd70                __log_backends_end__ = (__log_backends_start__ + SIZEOF (.log_backends))
                0x0000000000000020                __log_backends_size__ = SIZEOF (.log_backends)
                0x000000000001dd70                __stop_log_backends = __log_backends_end__
                0x000000000001dd70                __log_backends_load_end__ = __log_backends_end__
                0x0000000000000001                . = ASSERT (((__log_backends_start__ == __log_backends_end__) || ((__log_backends_end__ - __FLASH1_segment_start__) <= __FLASH1_segment_size__)), error: .log_backends is too large to fit in FLASH1 memory segment)
                0x000000000001dd70                __nrf_sections_load_start__ = ALIGN (__log_backends_end__, 0x4)

.nrf_sections   0x000000000001dd70        0x0
                0x000000000001dd70                __nrf_sections_start__ = .
                0x000000000001dd70                __start_nrf_sections = __nrf_sections_start__
 *(.nrf_sections .nrf_sections.*)
                0x000000000001dd70                __nrf_sections_end__ = (__nrf_sections_start__ + SIZEOF (.nrf_sections))
                0x0000000000000000                __nrf_sections_size__ = SIZEOF (.nrf_sections)
                0x000000000001dd70                __nrf_sections_load_end__ = __nrf_sections_end__
                0x0000000000000001                . = ASSERT (((__nrf_sections_start__ == __nrf_sections_end__) || ((__nrf_sections_end__ - __FLASH1_segment_start__) <= __FLASH1_segment_size__)), error: .nrf_sections is too large to fit in FLASH1 memory segment)
                0x000000000001dd70                __cli_sorted_cmd_ptrs_load_start__ = ALIGN (__nrf_sections_end__, 0x4)

.cli_sorted_cmd_ptrs
                0x0000000020001118        0x0 load address 0x000000000001dd70
                0x0000000020001118                __cli_sorted_cmd_ptrs_start__ = .
 *(.cli_sorted_cmd_ptrs*)
                0x0000000020001118                __cli_sorted_cmd_ptrs_end__ = (__cli_sorted_cmd_ptrs_start__ + SIZEOF (.cli_sorted_cmd_ptrs))
                0x0000000000000000                __cli_sorted_cmd_ptrs_size__ = SIZEOF (.cli_sorted_cmd_ptrs)
                0x000000000001dd70                __cli_sorted_cmd_ptrs_load_end__ = (__cli_sorted_cmd_ptrs_load_start__ + SIZEOF (.cli_sorted_cmd_ptrs))
                0x0000000000000001                . = ASSERT (((__cli_sorted_cmd_ptrs_load_start__ == __cli_sorted_cmd_ptrs_load_end__) || ((__cli_sorted_cmd_ptrs_load_end__ - __FLASH1_segment_start__) <= __FLASH1_segment_size__)), error: .cli_sorted_cmd_ptrs is too large to fit in FLASH1 memory segment)

.cli_sorted_cmd_ptrs_run
                0x0000000020001118        0x0
                0x0000000020001118                __cli_sorted_cmd_ptrs_run_start__ = .
                0x0000000020001118                __start_cli_sorted_cmd_ptrs = __cli_sorted_cmd_ptrs_run_start__
                0x0000000020001118                __cli_sorted_cmd_ptrs_run_end__ = (__cli_sorted_cmd_ptrs_run_start__ + SIZEOF (.cli_sorted_cmd_ptrs))
                0x0000000000000000                __cli_sorted_cmd_ptrs_run_size__ = (__cli_sorted_cmd_ptrs_run_end__ - __cli_sorted_cmd_ptrs_run_start__)
                0x0000000020001118                __stop_cli_sorted_cmd_ptrs = __cli_sorted_cmd_ptrs_run_end__
                0x0000000020001118                __cli_sorted_cmd_ptrs_run_load_end__ = __cli_sorted_cmd_ptrs_run_end__
                0x0000000000000001                . = ASSERT (((__cli_sorted_cmd_ptrs_run_start__ == __cli_sorted_cmd_ptrs_run_end__) || ((__cli_sorted_cmd_ptrs_run_end__ - __RAM1_segment_start__) <= __RAM1_segment_size__)), error: .cli_sorted_cmd_ptrs_run is too large to fit in RAM1 memory segment)
                0x000000000001dd70                __fs_data_load_start__ = ALIGN ((__cli_sorted_cmd_ptrs_load_start__ + SIZEOF (.cli_sorted_cmd_ptrs)), 0x4)

.fs_data        0x0000000020001118        0x0 load address 0x000000000001dd70
                0x0000000020001118                __fs_data_start__ = .
 *(.fs_data*)
                0x0000000020001118                __fs_data_end__ = (__fs_data_start__ + SIZEOF (.fs_data))
                0x0000000000000000                __fs_data_size__ = SIZEOF (.fs_data)
                0x000000000001dd70                __fs_data_load_end__ = (__fs_data_load_start__ + SIZEOF (.fs_data))
                0x0000000000000001                . = ASSERT (((__fs_data_load_start__ == __fs_data_load_end__) || ((__fs_data_load_end__ - __FLASH1_segment_start__) <= __FLASH1_segment_size__)), error: .fs_data is too large to fit in FLASH1 memory segment)

.fs_data_run    0x0000000020001118        0x0
                0x0000000020001118                __fs_data_run_start__ = .
                0x0000000020001118                __start_fs_data = __fs_data_run_start__
                0x0000000020001118                __fs_data_run_end__ = (__fs_data_run_start__ + SIZEOF (.fs_data))
                0x0000000000000000                __fs_data_run_size__ = (__fs_data_run_end__ - __fs_data_run_start__)
                0x0000000020001118                __stop_fs_data = __fs_data_run_end__
                0x0000000020001118                __fs_data_run_load_end__ = __fs_data_run_end__
                0x0000000000000001                . = ASSERT (((__fs_data_run_start__ == __fs_data_run_end__) || ((__fs_data_run_end__ - __RAM1_segment_start__) <= __RAM1_segment_size__)), error: .fs_data_run is too large to fit in RAM1 memory segment)
                0x000000000001dd70                __log_dynamic_data_load_start__ = ALIGN ((__fs_data_load_start__ + SIZEOF (.fs_data)), 0x4)

.log_dynamic_data
                0x0000000020001118        0x0 load address 0x000000000001dd70
                0x0000000020001118                __log_dynamic_data_start__ = .
 *(SORT_BY_NAME(.log_dynamic_data*))
                0x0000000020001118                __log_dynamic_data_end__ = (__log_dynamic_data_start__ + SIZEOF (.log_dynamic_data))
                0x0000000000000000                __log_dynamic_data_size__ = SIZEOF (.log_dynamic_data)
                0x000000000001dd70                __log_dynamic_data_load_end__ = (__log_dynamic_data_load_start__ + SIZEOF (.log_dynamic_data))
                0x0000000000000001                . = ASSERT (((__log_dynamic_data_load_start__ == __log_dynamic_data_load_end__) || ((__log_dynamic_data_load_end__ - __FLASH1_segment_start__) <= __FLASH1_segment_size__)), error: .log_dynamic_data is too large to fit in FLASH1 memory segment)

.log_dynamic_data_run
                0x0000000020001118        0x0
                0x0000000020001118                __log_dynamic_data_run_start__ = .
                0x0000000020001118                __start_log_dynamic_data = __log_dynamic_data_run_start__
                0x0000000020001118                __log_dynamic_data_run_end__ = (__log_dynamic_data_run_start__ + SIZEOF (.log_dynamic_data))
                0x0000000000000000                __log_dynamic_data_run_size__ = (__log_dynamic_data_run_end__ - __log_dynamic_data_run_start__)
                0x0000000020001118                __stop_log_dynamic_data = __log_dynamic_data_run_end__
                0x0000000020001118                __log_dynamic_data_run_load_end__ = __log_dynamic_data_run_end__
                0x0000000000000001                . = ASSERT (((__log_dynamic_data_run_start__ == __log_dynamic_data_run_end__) || ((__log_dynamic_data_run_end__ - __RAM1_segment_start__) <= __RAM1_segment_size__)), error: .log_dynamic_data_run is too large to fit in RAM1 memory segment)
                0x000000000001dd70                __log_filter_data_load_start__ = ALIGN ((__log_dynamic_data_load_start__ + SIZEOF (.log_dynamic_data)), 0x4)

.log_filter_data
                0x0000000020001118        0x0 load address 0x000000000001dd70
                0x0000000020001118                __log_filter_data_start__ = .
 *(SORT_BY_NAME(.log_filter_data*))
                0x0000000020001118                __log_filter_data_end__ = (__log_filter_data_start__ + SIZEOF (.log_filter_data))
                0x0000000000000000                __log_filter_data_size__ = SIZEOF (.log_filter_data)
                0x000000000001dd70                __log_filter_data_load_end__ = (__log_filter_data_load_start__ + SIZEOF (.log_filter_data))
                0x0000000000000001                . = ASSERT (((__log_filter_data_load_start__ == __log_filter_data_load_end__) || ((__log_filter_data_load_end__ - __FLASH1_segment_start__) <= __FLASH1_segment_size__)), error: .log_filter_data is too large to fit in FLASH1 memory segment)

.log_filter_data_run
                0x0000000020001118        0x0
                0x0000000020001118                __log_filter_data_run_start__ = .
                0x0000000020001118                __start_log_filter_data = __log_filter_data_run_start__
                0x0000000020001118                __log_filter_data_run_end__ = (__log_filter_data_run_start__ + SIZEOF (.log_filter_data))
                0x0000000000000000                __log_filter_data_run_size__ = (__log_filter_data_run_end__ - __log_filter_data_run_start__)
                0x0000000020001118                __stop_log_filter_data = __log_filter_data_run_end__
                0x0000000020001118                __log_filter_data_run_load_end__ = __log_filter_data_run_end__
                0x0000000000000001                . = ASSERT (((__log_filter_data_run_start__ == __log_filter_data_run_end__) || ((__log_filter_data_run_end__ - __RAM1_segment_start__) <= __RAM1_segment_size__)), error: .log_filter_data_run is too large to fit in RAM1 memory segment)
                0x0000000020001118                __nrf_sections_run_end_load_start__ = ALIGN (__log_filter_data_run_end__, 0x4)

.nrf_sections_run_end
                0x0000000020001118        0x0
                0x0000000020001118                __nrf_sections_run_end_start__ = .
                0x0000000020001118                __end_nrf_sections_run = __nrf_sections_run_end_start__
 *(.nrf_sections_run_end .nrf_sections_run_end.*)
                0x0000000020001118                __nrf_sections_run_end_end__ = (__nrf_sections_run_end_start__ + SIZEOF (.nrf_sections_run_end))
                0x0000000000000000                __nrf_sections_run_end_size__ = SIZEOF (.nrf_sections_run_end)
                0x0000000020001118                __nrf_sections_run_end_load_end__ = __nrf_sections_run_end_end__
                0x0000000000000001                . = ASSERT (((__nrf_sections_run_end_start__ == __nrf_sections_run_end_end__) || ((__nrf_sections_run_end_end__ - __RAM1_segment_start__) <= __RAM1_segment_size__)), error: .nrf_sections_run_end is too large to fit in RAM1 memory segment)
                0x000000000001dd70                __dtors_load_start__ = ALIGN ((__log_filter_data_load_start__ + SIZEOF (.log_filter_data)), 0x4)

.dtors          0x000000000001dd70        0x0
                0x000000000001dd70                __dtors_start__ = .
 *(SORT_BY_NAME(.dtors.*))
 *(.dtors)
 *(.fini_array)
 *(SORT_BY_NAME(.fini_array.*))
                0x000000000001dd70                __dtors_end__ = (__dtors_start__ + SIZEOF (.dtors))
                0x0000000000000000                __dtors_size__ = SIZEOF (.dtors)
                0x000000000001dd70                __dtors_load_end__ = __dtors_end__
                0x0000000000000001                . = ASSERT (((__dtors_start__ == __dtors_end__) || ((__dtors_end__ - __FLASH1_segment_start__) <= __FLASH1_segment_size__)), error: .dtors is too large to fit in FLASH1 memory segment)
                0x000000000001dd70                __ctors_load_start__ = ALIGN (__dtors_end__, 0x4)

.ctors          0x000000000001dd70        0x0
                0x000000000001dd70                __ctors_start__ = .
 *(SORT_BY_NAME(.ctors.*))
 *(.ctors)
 *(.init_array)
 *(SORT_BY_NAME(.init_array.*))
                0x000000000001dd70                __ctors_end__ = (__ctors_start__ + SIZEOF (.ctors))
                0x0000000000000000                __ctors_size__ = SIZEOF (.ctors)
                0x000000000001dd70                __ctors_load_end__ = __ctors_end__
                0x0000000000000001                . = ASSERT (((__ctors_start__ == __ctors_end__) || ((__ctors_end__ - __FLASH1_segment_start__) <= __FLASH1_segment_size__)), error: .ctors is too large to fit in FLASH1 memory segment)
                0x000000000001dd70                __rodata_load_start__ = ALIGN (__ctors_end__, 0x4)

.rodata         0x000000000001dd70      0xd1c
                0x000000000001dd70                __rodata_start__ = .
 *(.rodata .rodata.* .gnu.linkonce.r.*)
 .rodata.delay_machine_code.0
                0x000000000001dd70        0x6 Output/Release/Obj/ble_app_beacon_pca10040e_s112/nrf_log_backend_rtt.o
 *fill*         0x000000000001dd76        0x2 
 .rodata.nrf_log_backend_rtt_api
                0x000000000001dd78        0xc Output/Release/Obj/ble_app_beacon_pca10040e_s112/nrf_log_backend_rtt.o
                0x000000000001dd78                nrf_log_backend_rtt_api
 .rodata        0x000000000001dd84       0x20 Output/Release/Obj/ble_app_beacon_pca10040e_s112/nrf_log_backend_uart.o
 .rodata.nrf_log_backend_uart_api
                0x000000000001dda4        0xc Output/Release/Obj/ble_app_beacon_pca10040e_s112/nrf_log_backend_uart.o
                0x000000000001dda4                nrf_log_backend_uart_api
 .rodata.str1.1
                0x000000000001ddb0       0x21 Output/Release/Obj/ble_app_beacon_pca10040e_s112/nrf_log_default_backends.o
 .rodata.nrf_log_frontend_dequeue.str1.1
                0x000000000001ddd1       0x11 Output/Release/Obj/ble_app_beacon_pca10040e_s112/nrf_log_frontend.o
 .rodata.str1.1
                0x000000000001dde2        0x4 Output/Release/Obj/ble_app_beacon_pca10040e_s112/nrf_log_frontend.o
 *fill*         0x000000000001dde6        0x2 
 .rodata.m_log_push_ringbuf
                0x000000000001dde8        0xc Output/Release/Obj/ble_app_beacon_pca10040e_s112/nrf_log_frontend.o
 .rodata.prefix_process.str1.1
                0x000000000001ddf4       0x32 Output/Release/Obj/ble_app_beacon_pca10040e_s112/nrf_log_str_formatter.o
 .rodata.postfix_process.str1.1
                0x000000000001de26       0x32 Output/Release/Obj/ble_app_beacon_pca10040e_s112/nrf_log_str_formatter.o
                                          0x3 (size before relaxing)
 .rodata.nrf_log_hexdump_entry_process.str1.1
                0x000000000001de26        0xf Output/Release/Obj/ble_app_beacon_pca10040e_s112/nrf_log_str_formatter.o
                                         0x11 (size before relaxing)
 .rodata.str1.1
                0x000000000001de35       0x4b Output/Release/Obj/ble_app_beacon_pca10040e_s112/nrf_log_str_formatter.o
                                         0x51 (size before relaxing)
 .rodata.m_colors
                0x000000000001de80       0x24 Output/Release/Obj/ble_app_beacon_pca10040e_s112/nrf_log_str_formatter.o
 .rodata.severity_names
                0x000000000001dea4       0x14 Output/Release/Obj/ble_app_beacon_pca10040e_s112/nrf_log_str_formatter.o
 .rodata.timer_start.str1.1
                0x000000000001deb8       0x23 Output/Release/Obj/ble_app_beacon_pca10040e_s112/app_button.o
 .rodata.str1.1
                0x000000000001dedb        0xb Output/Release/Obj/ble_app_beacon_pca10040e_s112/app_button.o
 *fill*         0x000000000001dee6        0x2 
 .rodata.m_detection_delay_timer_id
                0x000000000001dee8        0x4 Output/Release/Obj/ble_app_beacon_pca10040e_s112/app_button.o
 .rodata.app_error_fault_handler.str1.1
                0x000000000001deec       0x19 Output/Release/Obj/ble_app_beacon_pca10040e_s112/app_error_weak.o
 .rodata.str1.1
                0x000000000001df05        0xa Output/Release/Obj/ble_app_beacon_pca10040e_s112/app_timer2.o
 *fill*         0x000000000001df0f        0x1 
 .rodata        0x000000000001df10        0x4 Output/Release/Obj/ble_app_beacon_pca10040e_s112/app_timer2.o
 .rodata.m_app_timer_sortlist
                0x000000000001df14        0xc Output/Release/Obj/ble_app_beacon_pca10040e_s112/app_timer2.o
 .rodata.drv_rtc_init.str1.1
                0x000000000001df20       0x34 Output/Release/Obj/ble_app_beacon_pca10040e_s112/drv_rtc.o
 *fill*         0x000000000001df54        0xc 
 .rodata.delay_machine_code.0
                0x000000000001df60        0x6 Output/Release/Obj/ble_app_beacon_pca10040e_s112/drv_rtc.o
 .rodata._aV2C.0
                0x000000000001df66       0x10 Output/Release/Obj/ble_app_beacon_pca10040e_s112/nrf_fprintf_format.o
 .rodata.str1.1
                0x000000000001df76        0x9 Output/Release/Obj/ble_app_beacon_pca10040e_s112/nrf_pwr_mgmt.o
 *fill*         0x000000000001df7f        0x1 
 .rodata.pwr_mgmt_data
                0x000000000001df80        0xc Output/Release/Obj/ble_app_beacon_pca10040e_s112/nrf_pwr_mgmt.o
 .rodata.str1.1
                0x000000000001df8c        0x9 Output/Release/Obj/ble_app_beacon_pca10040e_s112/nrf_sortlist.o
 .rodata.str1.1
                0x000000000001df95      0x3ba Output/Release/Obj/ble_app_beacon_pca10040e_s112/nrf_strerror.o
 .rodata.m_unknown_str
                0x000000000001e34f       0x13 Output/Release/Obj/ble_app_beacon_pca10040e_s112/nrf_strerror.o
 *fill*         0x000000000001e362        0x2 
 .rodata.nrf_strerror_array
                0x000000000001e364      0x128 Output/Release/Obj/ble_app_beacon_pca10040e_s112/nrf_strerror.o
 .rodata.m_board_led_list
                0x000000000001e48c        0x2 Output/Release/Obj/ble_app_beacon_pca10040e_s112/boards.o
 .rodata.nrf_drv_clock_init.str1.1
                0x000000000001e48e       0x1e Output/Release/Obj/ble_app_beacon_pca10040e_s112/nrf_drv_clock.o
 .rodata.str1.1
                0x000000000001e4ac        0x6 Output/Release/Obj/ble_app_beacon_pca10040e_s112/nrf_drv_clock.o
 .rodata.__func__.3
                0x000000000001e4b2       0x13 Output/Release/Obj/ble_app_beacon_pca10040e_s112/nrf_drv_clock.o
 .rodata.nrfx_clock_init.str1.1
                0x000000000001e4c5       0x1e Output/Release/Obj/ble_app_beacon_pca10040e_s112/nrfx_clock.o
 .rodata.nrfx_clock_enable.str1.1
                0x000000000001e4c5       0x10 Output/Release/Obj/ble_app_beacon_pca10040e_s112/nrfx_clock.o
 .rodata.str1.1
                0x000000000001e4d5        0x6 Output/Release/Obj/ble_app_beacon_pca10040e_s112/nrfx_clock.o
 .rodata.__func__.1
                0x000000000001e4db       0x10 Output/Release/Obj/ble_app_beacon_pca10040e_s112/nrfx_clock.o
 .rodata.nrfx_gpiote_init.str1.1
                0x000000000001e4eb       0x1e Output/Release/Obj/ble_app_beacon_pca10040e_s112/nrfx_gpiote.o
 .rodata.str1.1
                0x000000000001e4eb        0x7 Output/Release/Obj/ble_app_beacon_pca10040e_s112/nrfx_gpiote.o
 .rodata.__func__.0
                0x000000000001e4f2       0x14 Output/Release/Obj/ble_app_beacon_pca10040e_s112/nrfx_gpiote.o
 .rodata.__func__.2
                0x000000000001e506       0x11 Output/Release/Obj/ble_app_beacon_pca10040e_s112/nrfx_gpiote.o
 .rodata.nrfx_prs_acquire.str1.1
                0x000000000001e517       0x1e Output/Release/Obj/ble_app_beacon_pca10040e_s112/nrfx_prs.o
 .rodata.str1.1
                0x000000000001e517        0x4 Output/Release/Obj/ble_app_beacon_pca10040e_s112/nrfx_prs.o
 .rodata.__func__.0
                0x000000000001e51b       0x11 Output/Release/Obj/ble_app_beacon_pca10040e_s112/nrfx_prs.o
 .rodata.str1.1
                0x000000000001e52c        0x5 Output/Release/Obj/ble_app_beacon_pca10040e_s112/nrfx_uart.o
 .rodata.str1.1
                0x000000000001e531        0x6 Output/Release/Obj/ble_app_beacon_pca10040e_s112/nrfx_uarte.o
 *fill*         0x000000000001e537        0x1 
 .rodata.app_buttons
                0x000000000001e538       0x20 Output/Release/Obj/ble_app_beacon_pca10040e_s112/bsp.o
 .rodata.m_bsp_alert_tmr
                0x000000000001e558        0x4 Output/Release/Obj/ble_app_beacon_pca10040e_s112/bsp.o
 .rodata.m_bsp_button_tmr
                0x000000000001e55c        0x4 Output/Release/Obj/ble_app_beacon_pca10040e_s112/bsp.o
 .rodata.m_bsp_leds_tmr
                0x000000000001e560        0x4 Output/Release/Obj/ble_app_beacon_pca10040e_s112/bsp.o
 .rodata.bsp_event_handler.str1.1
                0x000000000001e564        0x6 Output/Release/Obj/ble_app_beacon_pca10040e_s112/main.o
 .rodata.main.str1.1
                0x000000000001e56a       0x18 Output/Release/Obj/ble_app_beacon_pca10040e_s112/main.o
 .rodata._DoInit.str1.1
                0x000000000001e582       0x14 Output/Release/Obj/ble_app_beacon_pca10040e_s112/SEGGER_RTT.o
 .rodata.str1.1
                0x000000000001e596        0x8 Output/Release/Obj/ble_app_beacon_pca10040e_s112/nrf_sdh.o
 .rodata        0x000000000001e59e        0x4 Output/Release/Obj/ble_app_beacon_pca10040e_s112/nrf_sdh.o
 *fill*         0x000000000001e5a2        0x2 
 .rodata.sdh_req_observers
                0x000000000001e5a4        0xc Output/Release/Obj/ble_app_beacon_pca10040e_s112/nrf_sdh.o
 .rodata.sdh_stack_observers
                0x000000000001e5b0        0xc Output/Release/Obj/ble_app_beacon_pca10040e_s112/nrf_sdh.o
 .rodata.sdh_state_observers
                0x000000000001e5bc        0xc Output/Release/Obj/ble_app_beacon_pca10040e_s112/nrf_sdh.o
 .rodata.nrf_sdh_ble_default_cfg_set.str1.1
                0x000000000001e5c8      0x182 Output/Release/Obj/ble_app_beacon_pca10040e_s112/nrf_sdh_ble.o
 .rodata.nrf_sdh_ble_enable.str1.1
                0x000000000001e74a       0xa7 Output/Release/Obj/ble_app_beacon_pca10040e_s112/nrf_sdh_ble.o
 .rodata.str1.1
                0x000000000001e7f1        0xc Output/Release/Obj/ble_app_beacon_pca10040e_s112/nrf_sdh_ble.o
 *fill*         0x000000000001e7fd        0x3 
 .rodata.sdh_ble_observers
                0x000000000001e800        0xc Output/Release/Obj/ble_app_beacon_pca10040e_s112/nrf_sdh_ble.o
 .rodata.str1.1
                0x000000000001e80c        0xc Output/Release/Obj/ble_app_beacon_pca10040e_s112/nrf_sdh_soc.o
 .rodata.sdh_soc_observers
                0x000000000001e818        0xc Output/Release/Obj/ble_app_beacon_pca10040e_s112/nrf_sdh_soc.o
 .rodata.libc.__RAL_find_locale.str1.4
                0x000000000001e824        0xa C:/Program Files/SEGGER/SEGGER Embedded Studio for ARM 5.62/lib/libc_v7em_t_le_eabi.a(libc2.o)
 *fill*         0x000000000001e82e        0x2 
 .rodata.libc.__RAL_ascii_ctype_map
                0x000000000001e830       0x80 C:/Program Files/SEGGER/SEGGER Embedded Studio for ARM 5.62/lib/libc_v7em_t_le_eabi.a(libc2.o)
                0x000000000001e830                __RAL_ascii_ctype_map
 .rodata.libc.__RAL_ascii_ctype_mask
                0x000000000001e8b0        0xd C:/Program Files/SEGGER/SEGGER Embedded Studio for ARM 5.62/lib/libc_v7em_t_le_eabi.a(libc2.o)
 *fill*         0x000000000001e8bd        0x3 
 .rodata.libc.__RAL_c_locale
                0x000000000001e8c0        0xc C:/Program Files/SEGGER/SEGGER Embedded Studio for ARM 5.62/lib/libc_v7em_t_le_eabi.a(libc2.o)
                0x000000000001e8c0                __RAL_c_locale
 .rodata.libc.__RAL_c_locale_abbrev_day_names
                0x000000000001e8cc       0x1d C:/Program Files/SEGGER/SEGGER Embedded Studio for ARM 5.62/lib/libc_v7em_t_le_eabi.a(libc2.o)