Archive member included to satisfy reference by file (symbol)

C:/Program Files/SEGGER/SEGGER Embedded Studio for ARM 5.62/lib/libc_v7em_t_le_eabi.a(libc_asm.o)
                              Output/Release/Obj/ble_app_beacon_pca10040_s132/bsp.o (__aeabi_uldivmod)
C:/Program Files/SEGGER/SEGGER Embedded Studio for ARM 5.62/lib/libc_v7em_t_le_eabi.a(libc2.o)
                              Output/Release/Obj/ble_app_beacon_pca10040_s132/nrf_log_str_formatter.o (isprint)
C:/Program Files/SEGGER/SEGGER Embedded Studio for ARM 5.62/lib/libc_v7em_t_le_eabi.a(libc2_asm.o)
                              Output/Release/Obj/ble_app_beacon_pca10040_s132/nrf_log_frontend.o (memcpy)
C:/Program Files/SEGGER/SEGGER Embedded Studio for ARM 5.62/lib/libc_v7em_t_le_eabi.a(libvfprintf.o)
                              (__vfprintf_long)
C:/Program Files/SEGGER/SEGGER Embedded Studio for ARM 5.62/lib/libc_v7em_t_le_eabi.a(libvfscanf.o)
                              (__vfscanf_long)
C:/Program Files/SEGGER/SEGGER Embedded Studio for ARM 5.62/lib/libc_v7em_t_le_eabi.a(libc.o)
                              C:/Program Files/SEGGER/SEGGER Embedded Studio for ARM 5.62/lib/libc_v7em_t_le_eabi.a(libc2.o) (__heap_lock)
C:/Program Files/SEGGER/SEGGER Embedded Studio for ARM 5.62/lib/libdebugio_v7em_t_le_eabi.a(libdebugio.o)
                              Output/Release/Obj/ble_app_beacon_pca10040_s132/thumb_crt0.o (debug_fopen)
C:/Program Files/SEGGER/SEGGER Embedded Studio for ARM 5.62/lib/libdebugio_v7em_t_le_eabi.a(do_nv_debug_operation.o)
                              C:/Program Files/SEGGER/SEGGER Embedded Studio for ARM 5.62/lib/libdebugio_v7em_t_le_eabi.a(libdebugio.o) (__do_nvdebug_operation)
C:/Program Files/SEGGER/SEGGER Embedded Studio for ARM 5.62/lib/libdebugio_v7em_t_le_eabi.a(mempoll_debug_operations.o)
                              (__do_debug_operation_mempoll)
C:/Program Files/SEGGER/SEGGER Embedded Studio for ARM 5.62/lib/libm_v7em_t_le_eabi.a(libm_asm.o)
                              C:/Program Files/SEGGER/SEGGER Embedded Studio for ARM 5.62/lib/libc_v7em_t_le_eabi.a(libc2.o) (__aeabi_fadd)
C:/Program Files/SEGGER/SEGGER Embedded Studio for ARM 5.62/lib/libm_v7em_t_le_eabi.a(libm2.o)
                              C:/Program Files/SEGGER/SEGGER Embedded Studio for ARM 5.62/lib/libc_v7em_t_le_eabi.a(libvfprintf.o) (frexp)

Discarded input sections

 .text          0x0000000000000000        0x0 Output/Release/Obj/ble_app_beacon_pca10040_s132/thumb_crt0.o
 .data          0x0000000000000000        0x0 Output/Release/Obj/ble_app_beacon_pca10040_s132/thumb_crt0.o
 .bss           0x0000000000000000        0x0 Output/Release/Obj/ble_app_beacon_pca10040_s132/thumb_crt0.o
 .text.__aeabi_read_tp
                0x0000000000000000        0x8 Output/Release/Obj/ble_app_beacon_pca10040_s132/thumb_crt0.o
 .text.abort    0x0000000000000000        0x2 Output/Release/Obj/ble_app_beacon_pca10040_s132/thumb_crt0.o
 .text.__assert
                0x0000000000000000        0x2 Output/Release/Obj/ble_app_beacon_pca10040_s132/thumb_crt0.o
 .text.__assert_func
                0x0000000000000000        0x2 Output/Release/Obj/ble_app_beacon_pca10040_s132/thumb_crt0.o
 .text.__aeabi_assert
                0x0000000000000000        0x2 Output/Release/Obj/ble_app_beacon_pca10040_s132/thumb_crt0.o
 .text.__sync_synchronize
                0x0000000000000000        0x2 Output/Release/Obj/ble_app_beacon_pca10040_s132/thumb_crt0.o
 .text.__getchar
                0x0000000000000000        0x4 Output/Release/Obj/ble_app_beacon_pca10040_s132/thumb_crt0.o
 .text.__putchar
                0x0000000000000000        0x4 Output/Release/Obj/ble_app_beacon_pca10040_s132/thumb_crt0.o
 .text.__open   0x0000000000000000        0x4 Output/Release/Obj/ble_app_beacon_pca10040_s132/thumb_crt0.o
 .text.__close  0x0000000000000000        0x4 Output/Release/Obj/ble_app_beacon_pca10040_s132/thumb_crt0.o
 .text.__write  0x0000000000000000        0xa Output/Release/Obj/ble_app_beacon_pca10040_s132/thumb_crt0.o
 .text.__read   0x0000000000000000        0xa Output/Release/Obj/ble_app_beacon_pca10040_s132/thumb_crt0.o
 .text.__seek   0x0000000000000000       0x1a Output/Release/Obj/ble_app_beacon_pca10040_s132/thumb_crt0.o
 .text.remove   0x0000000000000000        0x4 Output/Release/Obj/ble_app_beacon_pca10040_s132/thumb_crt0.o
 .text.rename   0x0000000000000000        0x4 Output/Release/Obj/ble_app_beacon_pca10040_s132/thumb_crt0.o
 .bss.__user_locale_name_buffer
                0x0000000000000000        0x4 Output/Release/Obj/ble_app_beacon_pca10040_s132/thumb_crt0.o
 .stack         0x0000000000000000        0x0 Output/Release/Obj/ble_app_beacon_pca10040_s132/thumb_crt0.o
 .stack_process
                0x0000000000000000        0x0 Output/Release/Obj/ble_app_beacon_pca10040_s132/thumb_crt0.o
 .heap          0x0000000000000000        0x0 Output/Release/Obj/ble_app_beacon_pca10040_s132/thumb_crt0.o
[...]
Memory Configuration

Name             Origin             Length             Attributes
UNPLACED_SECTIONS 0x0000000100000000 0x0000000000000000 xw
RAM1             0x0000000020000000 0x0000000000006000 xw
FLASH1           0x0000000000000000 0x0000000000030000 xw
*default*        0x0000000000000000 0xffffffffffffffff

Linker script and memory map

                0x0000000000000000                __do_debug_operation = __do_debug_operation_mempoll
                0x0000000000000000                __vfprintf = __vfprintf_long
                0x0000000000000000                __vfscanf = __vfscanf_long
                0x0000000020000000                __RAM1_segment_start__ = 0x20000000
                0x0000000020006000                __RAM1_segment_end__ = 0x20006000
                0x0000000000006000                __RAM1_segment_size__ = 0x6000
                0x0000000000000000                __FLASH1_segment_start__ = 0x0
                0x0000000000030000                __FLASH1_segment_end__ = 0x30000
                0x0000000000030000                __FLASH1_segment_size__ = 0x30000
                0x0000000000000400                __HEAPSIZE__ = 0x400
                0x0000000000000000                __STACKSIZE_PROCESS__ = 0x0
                0x0000000000002000                __STACKSIZE__ = 0x2000
                0x0000000020000000                __reserved_ram_load_start__ = 0x20000000

.reserved_ram   0x0000000020000000     0x18c8
                0x0000000020000000                __reserved_ram_start__ = .
 *(.reserved_ram .reserved_ram.*)
                0x00000000200018c8                . = MAX (((__reserved_ram_start__ + 0x200018c8) - 0x20000000), .)
 *fill*         0x0000000020000000     0x18c8 
                0x00000000200018c8                __reserved_ram_end__ = (__reserved_ram_start__ + SIZEOF (.reserved_ram))
                0x00000000000018c8                __reserved_ram_size__ = SIZEOF (.reserved_ram)
                0x00000000200018c8                __reserved_ram_load_end__ = __reserved_ram_end__
                0x0000000000000001                . = ASSERT (((__reserved_ram_start__ == __reserved_ram_end__) || ((__reserved_ram_end__ - __RAM1_segment_start__) <= __RAM1_segment_size__)), error: .reserved_ram is too large to fit in RAM1 memory segment)
                0x00000000200018c8                __vectors_ram_load_start__ = 0x200018c8

.vectors_ram    0x00000000200018c8        0x0
                0x00000000200018c8                __vectors_ram_start__ = .
                0x00000000200018c8                __app_ram_start__ = __vectors_ram_start__
 *(.vectors_ram .vectors_ram.*)
                0x00000000200018c8                __vectors_ram_end__ = (__vectors_ram_start__ + SIZEOF (.vectors_ram))
                0x0000000000000000                __vectors_ram_size__ = SIZEOF (.vectors_ram)
                0x00000000200018c8                __vectors_ram_load_end__ = __vectors_ram_end__
                0x0000000000000001                . = ASSERT (((__vectors_ram_start__ == __vectors_ram_end__) || ((__vectors_ram_end__ - __RAM1_segment_start__) <= __RAM1_segment_size__)), error: .vectors_ram is too large to fit in RAM1 memory segment)
                0x0000000000000001                . = ASSERT ((__reserved_ram_end__ <= __vectors_ram_start__), error: section .reserved_ram overlaps absolute placed section .vectors_ram)
                0x00000000200018c8                __nrf_sections_run_load_start__ = ALIGN (__vectors_ram_end__, 0x4)

.nrf_sections_run
                0x00000000200018c8        0x0
                0x00000000200018c8                __nrf_sections_run_start__ = .
                0x00000000200018c8                __start_nrf_sections_run = __nrf_sections_run_start__
 *(.nrf_sections_run .nrf_sections_run.*)
                0x00000000200018c8                __nrf_sections_run_end__ = (__nrf_sections_run_start__ + SIZEOF (.nrf_sections_run))
                0x0000000000000000                __nrf_sections_run_size__ = SIZEOF (.nrf_sections_run)
                0x00000000200018c8                __nrf_sections_run_load_end__ = __nrf_sections_run_end__
                0x0000000000000001                . = ASSERT (((__nrf_sections_run_start__ == __nrf_sections_run_end__) || ((__nrf_sections_run_end__ - __RAM1_segment_start__) <= __RAM1_segment_size__)), error: .nrf_sections_run is too large to fit in RAM1 memory segment)
                0x0000000000000000                __reserved_flash_load_start__ = 0x0

.reserved_flash
                0x0000000000000000    0x26000
                0x0000000000000000                __reserved_flash_start__ = .
 *(.reserved_flash .reserved_flash.*)
                0x0000000000026000                . = MAX (((__reserved_flash_start__ + 0x26000) - 0x0), .)
 *fill*         0x0000000000000000    0x26000 
                0x0000000000026000                __reserved_flash_end__ = (__reserved_flash_start__ + SIZEOF (.reserved_flash))
                0x0000000000026000                __reserved_flash_size__ = SIZEOF (.reserved_flash)
                0x0000000000026000                __reserved_flash_load_end__ = __reserved_flash_end__
                0x0000000000000001                . = ASSERT (((__reserved_flash_start__ == __reserved_flash_end__) || ((__reserved_flash_end__ - __FLASH1_segment_start__) <= __FLASH1_segment_size__)), error: .reserved_flash is too large to fit in FLASH1 memory segment)
                0x0000000000026000                __vectors_load_start__ = 0x26000

.vectors        0x0000000000026000      0x200
                0x0000000000026000                __vectors_start__ = .
 *(.vectors .vectors.*)
 .vectors       0x0000000000026000      0x200 Output/Release/Obj/ble_app_beacon_pca10040_s132/ses_startup_nrf52.o
                0x0000000000026000                _vectors
                0x0000000000026200                __vectors_end__ = (__vectors_start__ + SIZEOF (.vectors))
                0x0000000000000200                __vectors_size__ = SIZEOF (.vectors)
                0x0000000000026200                __vectors_load_end__ = __vectors_end__
                0x0000000000000001                . = ASSERT (((__vectors_start__ == __vectors_end__) || ((__vectors_end__ - __FLASH1_segment_start__) <= __FLASH1_segment_size__)), error: .vectors is too large to fit in FLASH1 memory segment)
                0x0000000000000001                . = ASSERT ((__reserved_flash_end__ <= __vectors_start__), error: section .reserved_flash overlaps absolute placed section .vectors)
                0x0000000000026200                __init_load_start__ = ALIGN (__vectors_end__, 0x4)

.init           0x0000000000026200      0x1bc
                0x0000000000026200                __init_start__ = .
 *(.init .init.*)
 .init          0x0000000000026200      0x15c Output/Release/Obj/ble_app_beacon_pca10040_s132/thumb_crt0.o
                0x0000000000026200                _start
                0x00000000000262b4                exit
 .init          0x000000000002635c       0x18 Output/Release/Obj/ble_app_beacon_pca10040_s132/ses_startup_nrf52.o
                0x000000000002635c                NMI_Handler
                0x000000000002635e                HardFault_Handler
                0x0000000000026360                MemoryManagement_Handler
                0x0000000000026362                BusFault_Handler
                0x0000000000026364                UsageFault_Handler
                0x0000000000026366                SVC_Handler
                0x0000000000026368                DebugMon_Handler
                0x000000000002636a                PendSV_Handler
                0x000000000002636c                SysTick_Handler
                0x000000000002636e                PWM1_IRQHandler
                0x000000000002636e                SWI0_EGU0_IRQHandler
                0x000000000002636e                RADIO_IRQHandler
                0x000000000002636e                PDM_IRQHandler
                0x000000000002636e                TEMP_IRQHandler
                0x000000000002636e                QDEC_IRQHandler
                0x000000000002636e                TIMER3_IRQHandler
                0x000000000002636e                RTC0_IRQHandler
                0x000000000002636e                SPIM0_SPIS0_TWIM0_TWIS0_SPI0_TWI0_IRQHandler
                0x000000000002636e                SWI2_EGU2_IRQHandler
                0x000000000002636e                TIMER4_IRQHandler
                0x000000000002636e                I2S_IRQHandler
                0x000000000002636e                SWI4_EGU4_IRQHandler
                0x000000000002636e                TIMER0_IRQHandler
                0x000000000002636e                Dummy_Handler
                0x000000000002636e                TIMER1_IRQHandler
                0x000000000002636e                PWM2_IRQHandler
                0x000000000002636e                ECB_IRQHandler
                0x000000000002636e                SPIM1_SPIS1_TWIM1_TWIS1_SPI1_TWI1_IRQHandler
                0x000000000002636e                SAADC_IRQHandler
                0x000000000002636e                CCM_AAR_IRQHandler
                0x000000000002636e                WDT_IRQHandler
                0x000000000002636e                FPU_IRQHandler
                0x000000000002636e                SWI5_EGU5_IRQHandler
                0x000000000002636e                RNG_IRQHandler
                0x000000000002636e                RTC2_IRQHandler
                0x000000000002636e                PWM0_IRQHandler
                0x000000000002636e                SWI3_EGU3_IRQHandler
                0x000000000002636e                SWI1_EGU1_IRQHandler
                0x000000000002636e                SPIM2_SPIS2_SPI2_IRQHandler
                0x000000000002636e                NFCT_IRQHandler
                0x000000000002636e                TIMER2_IRQHandler
                0x000000000002636e                MWU_IRQHandler
                0x000000000002636e                COMP_LPCOMP_IRQHandler
                0x0000000000026370                nRFInitialize
 .init          0x0000000000026374       0x48 Output/Release/Obj/ble_app_beacon_pca10040_s132/ses_startup_nrf_common.o
                0x0000000000026374                Reset_Handler
                0x0000000000026378                afterInitialize
                0x000000000002638a                InitializeUserMemorySections
                0x00000000000263bc                __init_end__ = (__init_start__ + SIZEOF (.init))
                0x00000000000001bc                __init_size__ = SIZEOF (.init)
                0x00000000000263bc                __init_load_end__ = __init_end__
                0x0000000000000001                . = ASSERT (((__init_start__ == __init_end__) || ((__init_end__ - __FLASH1_segment_start__) <= __FLASH1_segment_size__)), error: .init is too large to fit in FLASH1 memory segment)
                0x00000000000263bc                __init_rodata_load_start__ = ALIGN (__init_end__, 0x4)

.init_rodata    0x00000000000263bc        0x0
                0x00000000000263bc                __init_rodata_start__ = .
 *(.init_rodata .init_rodata.*)
                0x00000000000263bc                __init_rodata_end__ = (__init_rodata_start__ + SIZEOF (.init_rodata))
                0x0000000000000000                __init_rodata_size__ = SIZEOF (.init_rodata)
                0x00000000000263bc                __init_rodata_load_end__ = __init_rodata_end__
                0x0000000000000001                . = ASSERT (((__init_rodata_start__ == __init_rodata_end__) || ((__init_rodata_end__ - __FLASH1_segment_start__) <= __FLASH1_segment_size__)), error: .init_rodata is too large to fit in FLASH1 memory segment)
                0x00000000000263bc                __text_load_start__ = ALIGN (__init_rodata_end__, 0x4)

.text           0x00000000000263bc     0x3c24
                0x00000000000263bc                __text_start__ = .
 *(.text .text.* .glue_7t .glue_7 .gnu.linkonce.t.* .gcc_except_table .ARM.extab* .gnu.linkonce.armextab.*)
 .glue_7        0x00000000000263bc        0x0 linker stubs
 .glue_7t       0x00000000000263bc        0x0 linker stubs
 .text.nrf_log_backend_serial_put
                0x00000000000263bc       0xc2 Output/Release/Obj/ble_app_beacon_pca10040_s132/nrf_log_backend_serial.o
                0x00000000000263bc                nrf_log_backend_serial_put
 *fill*         0x000000000002647e        0x2 
 .text.uart_evt_handler
                0x0000000000026480        0xc Output/Release/Obj/ble_app_beacon_pca10040_s132/nrf_log_backend_uart.o
 .text.nrf_log_backend_uart_flush
                0x000000000002648c        0x2 Output/Release/Obj/ble_app_beacon_pca10040_s132/nrf_log_backend_uart.o
 *fill*         0x000000000002648e        0x2 
 .text.uart_init
                0x0000000000026490       0x4c Output/Release/Obj/ble_app_beacon_pca10040_s132/nrf_log_backend_uart.o
 .text.nrf_log_backend_uart_panic_set
                0x00000000000264dc       0x18 Output/Release/Obj/ble_app_beacon_pca10040_s132/nrf_log_backend_uart.o
 .text.nrf_log_backend_uart_put
                0x00000000000264f4       0x1c Output/Release/Obj/ble_app_beacon_pca10040_s132/nrf_log_backend_uart.o
 .text.serial_tx
                0x0000000000026510       0x30 Output/Release/Obj/ble_app_beacon_pca10040_s132/nrf_log_backend_uart.o
 .text.nrf_log_backend_uart_init
                0x0000000000026540        0x6 Output/Release/Obj/ble_app_beacon_pca10040_s132/nrf_log_backend_uart.o
                0x0000000000026540                nrf_log_backend_uart_init
 *fill*         0x0000000000026546        0x2 
 .text.nrf_log_default_backends_init
                0x0000000000026548       0x20 Output/Release/Obj/ble_app_beacon_pca10040_s132/nrf_log_default_backends.o
                0x0000000000026548                nrf_log_default_backends_init
 .text.invalid_packets_omit
                0x0000000000026568       0x38 Output/Release/Obj/ble_app_beacon_pca10040_s132/nrf_log_frontend.o
 .text.buf_prealloc
                0x00000000000265a0      0x128 Output/Release/Obj/ble_app_beacon_pca10040_s132/nrf_log_frontend.o
 .text.nrf_log_init
                0x00000000000266c8       0x28 Output/Release/Obj/ble_app_beacon_pca10040_s132/nrf_log_frontend.o
                0x00000000000266c8                nrf_log_init
 .text.nrf_log_module_name_get
                0x00000000000266f0       0x38 Output/Release/Obj/ble_app_beacon_pca10040_s132/nrf_log_frontend.o
                0x00000000000266f0                nrf_log_module_name_get
 .text.nrf_log_color_id_get
                0x0000000000026728       0x2c Output/Release/Obj/ble_app_beacon_pca10040_s132/nrf_log_frontend.o
                0x0000000000026728                nrf_log_color_id_get
 .text.buffer_is_empty
                0x0000000000026754       0x14 Output/Release/Obj/ble_app_beacon_pca10040_s132/nrf_log_frontend.o
                0x0000000000026754                buffer_is_empty
 .text.nrf_log_frontend_dequeue
                0x0000000000026768      0x208 Output/Release/Obj/ble_app_beacon_pca10040_s132/nrf_log_frontend.o
                0x0000000000026768                nrf_log_frontend_dequeue
 .text.std_n    0x0000000000026970       0x8c Output/Release/Obj/ble_app_beacon_pca10040_s132/nrf_log_frontend.o
 .text.nrf_log_frontend_std_0
                0x00000000000269fc        0x8 Output/Release/Obj/ble_app_beacon_pca10040_s132/nrf_log_frontend.o
                0x00000000000269fc                nrf_log_frontend_std_0
 .text.nrf_log_frontend_std_1
                0x0000000000026a04       0x12 Output/Release/Obj/ble_app_beacon_pca10040_s132/nrf_log_frontend.o
                0x0000000000026a04                nrf_log_frontend_std_1
 .text.nrf_log_frontend_std_2
                0x0000000000026a16       0x14 Output/Release/Obj/ble_app_beacon_pca10040_s132/nrf_log_frontend.o
                0x0000000000026a16                nrf_log_frontend_std_2
 *fill*         0x0000000000026a2a        0x2 
 .text.nrf_log_backend_add
                0x0000000000026a2c       0x44 Output/Release/Obj/ble_app_beacon_pca10040_s132/nrf_log_frontend.o
                0x0000000000026a2c                nrf_log_backend_add
 .text.nrf_log_panic
                0x0000000000026a70       0x28 Output/Release/Obj/ble_app_beacon_pca10040_s132/nrf_log_frontend.o
                0x0000000000026a70                nrf_log_panic
 .text.prefix_process
                0x0000000000026a98       0x78 Output/Release/Obj/ble_app_beacon_pca10040_s132/nrf_log_str_formatter.o
 .text.postfix_process
                0x0000000000026b10       0x3c Output/Release/Obj/ble_app_beacon_pca10040_s132/nrf_log_str_formatter.o
 .text.nrf_log_std_entry_process
                0x0000000000026b4c       0xc8 Output/Release/Obj/ble_app_beacon_pca10040_s132/nrf_log_str_formatter.o
                0x0000000000026b4c                nrf_log_std_entry_process
 .text.nrf_log_hexdump_entry_process
                0x0000000000026c14       0xc0 Output/Release/Obj/ble_app_beacon_pca10040_s132/nrf_log_str_formatter.o
                0x0000000000026c14                nrf_log_hexdump_entry_process
 .text.state_set
                0x0000000000026cd4       0x24 Output/Release/Obj/ble_app_beacon_pca10040_s132/app_button.o
 .text.button_get
                0x0000000000026cf8       0x30 Output/Release/Obj/ble_app_beacon_pca10040_s132/app_button.o
 .text.usr_event
                0x0000000000026d28       0x1c Output/Release/Obj/ble_app_beacon_pca10040_s132/app_button.o
 .text.timer_start
                0x0000000000026d44       0x18 Output/Release/Obj/ble_app_beacon_pca10040_s132/app_button.o
 .text.gpiote_event_handler
                0x0000000000026d5c       0x34 Output/Release/Obj/ble_app_beacon_pca10040_s132/app_button.o
 .text.evt_handle
                0x0000000000026d90       0xec Output/Release/Obj/ble_app_beacon_pca10040_s132/app_button.o
                0x0000000000026d90                evt_handle
 .text.detection_delay_timeout_handler
                0x0000000000026e7c       0x5c Output/Release/Obj/ble_app_beacon_pca10040_s132/app_button.o
 .text.app_button_init
                0x0000000000026ed8       0xb0 Output/Release/Obj/ble_app_beacon_pca10040_s132/app_button.o
                0x0000000000026ed8                app_button_init
 .text.app_button_enable
                0x0000000000026f88       0x2c Output/Release/Obj/ble_app_beacon_pca10040_s132/app_button.o
                0x0000000000026f88                app_button_enable
 .text.app_error_handler_bare
                0x0000000000026fb4       0x1a Output/Release/Obj/ble_app_beacon_pca10040_s132/app_error.o
                0x0000000000026fb4                app_error_handler_bare
 *fill*         0x0000000000026fce        0x2 
 .text.app_error_fault_handler
                0x0000000000026fd0       0x6c Output/Release/Obj/ble_app_beacon_pca10040_s132/app_error_weak.o
                0x0000000000026fd0                app_error_fault_handler
 .text.compare_func
                0x000000000002703c       0x18 Output/Release/Obj/ble_app_beacon_pca10040_s132/app_timer2.o
 .text.get_now  0x0000000000027054       0x38 Output/Release/Obj/ble_app_beacon_pca10040_s132/app_timer2.o
 .text.timer_req_schedule
                0x000000000002708c       0x38 Output/Release/Obj/ble_app_beacon_pca10040_s132/app_timer2.o
 .text.timer_expire
                0x00000000000270c4       0x6c Output/Release/Obj/ble_app_beacon_pca10040_s132/app_timer2.o
 .text.app_timer_init
                0x0000000000027130       0x64 Output/Release/Obj/ble_app_beacon_pca10040_s132/app_timer2.o
                0x0000000000027130                app_timer_init
 .text.app_timer_create
                0x0000000000027194       0x16 Output/Release/Obj/ble_app_beacon_pca10040_s132/app_timer2.o
                0x0000000000027194                app_timer_create
 .text.app_timer_start
                0x00000000000271aa       0x30 Output/Release/Obj/ble_app_beacon_pca10040_s132/app_timer2.o
                0x00000000000271aa                app_timer_start
 .text.app_timer_stop
                0x00000000000271da        0xc Output/Release/Obj/ble_app_beacon_pca10040_s132/app_timer2.o
                0x00000000000271da                app_timer_stop
 *fill*         0x00000000000271e6        0x2 
 .text.app_timer_cnt_get
                0x00000000000271e8        0xc Output/Release/Obj/ble_app_beacon_pca10040_s132/app_timer2.o
                0x00000000000271e8                app_timer_cnt_get
 .text.rtc_irq  0x00000000000271f4      0x190 Output/Release/Obj/ble_app_beacon_pca10040_s132/app_timer2.o
 .text.app_util_critical_region_enter
                0x0000000000027384       0x48 Output/Release/Obj/ble_app_beacon_pca10040_s132/app_util_platform.o
                0x0000000000027384                app_util_critical_region_enter
 .text.app_util_critical_region_exit
                0x00000000000273cc       0x2c Output/Release/Obj/ble_app_beacon_pca10040_s132/app_util_platform.o
                0x00000000000273cc                app_util_critical_region_exit
 .text.evt_pending.isra.0
                0x00000000000273f8       0x18 Output/Release/Obj/ble_app_beacon_pca10040_s132/drv_rtc.o
 .text.drv_rtc_init
                0x0000000000027410       0xa4 Output/Release/Obj/ble_app_beacon_pca10040_s132/drv_rtc.o
                0x0000000000027410                drv_rtc_init
 .text.drv_rtc_start
                0x00000000000274b4        0x8 Output/Release/Obj/ble_app_beacon_pca10040_s132/drv_rtc.o
                0x00000000000274b4                drv_rtc_start
 .text.drv_rtc_stop
                0x00000000000274bc        0x8 Output/Release/Obj/ble_app_beacon_pca10040_s132/drv_rtc.o
                0x00000000000274bc                drv_rtc_stop
 .text.drv_rtc_compare_set
                0x00000000000274c4       0x3e Output/Release/Obj/ble_app_beacon_pca10040_s132/drv_rtc.o
                0x00000000000274c4                drv_rtc_compare_set
 *fill*         0x0000000000027502        0x2 
 .text.drv_rtc_windowed_compare_set
                0x0000000000027504       0xf0 Output/Release/Obj/ble_app_beacon_pca10040_s132/drv_rtc.o
                0x0000000000027504                drv_rtc_windowed_compare_set
 .text.drv_rtc_overflow_enable
                0x00000000000275f4       0x10 Output/Release/Obj/ble_app_beacon_pca10040_s132/drv_rtc.o
                0x00000000000275f4                drv_rtc_overflow_enable
 .text.drv_rtc_overflow_pending
                0x0000000000027604        0xa Output/Release/Obj/ble_app_beacon_pca10040_s132/drv_rtc.o
                0x0000000000027604                drv_rtc_overflow_pending
 .text.drv_rtc_compare_disable
                0x000000000002760e       0x14 Output/Release/Obj/ble_app_beacon_pca10040_s132/drv_rtc.o
                0x000000000002760e                drv_rtc_compare_disable
 .text.drv_rtc_compare_pending
                0x0000000000027622        0xc Output/Release/Obj/ble_app_beacon_pca10040_s132/drv_rtc.o
                0x0000000000027622                drv_rtc_compare_pending
 .text.drv_rtc_counter_get
                0x000000000002762e        0x8 Output/Release/Obj/ble_app_beacon_pca10040_s132/drv_rtc.o
                0x000000000002762e                drv_rtc_counter_get
 *fill*         0x0000000000027636        0x2 
 .text.drv_rtc_irq_trigger
                0x0000000000027638       0x24 Output/Release/Obj/ble_app_beacon_pca10040_s132/drv_rtc.o
                0x0000000000027638                drv_rtc_irq_trigger
 .text.RTC1_IRQHandler
                0x000000000002765c       0x14 Output/Release/Obj/ble_app_beacon_pca10040_s132/drv_rtc.o
                0x000000000002765c                RTC1_IRQHandler
 .text.nrf_atfifo_init
                0x0000000000027670       0x26 Output/Release/Obj/ble_app_beacon_pca10040_s132/nrf_atfifo.o
                0x0000000000027670                nrf_atfifo_init
 .text.nrf_atfifo_item_alloc
                0x0000000000027696       0x54 Output/Release/Obj/ble_app_beacon_pca10040_s132/nrf_atfifo.o
                0x0000000000027696                nrf_atfifo_item_alloc
 .text.nrf_atfifo_item_put
                0x00000000000276ea       0x20 Output/Release/Obj/ble_app_beacon_pca10040_s132/nrf_atfifo.o
                0x00000000000276ea                nrf_atfifo_item_put
 .text.nrf_atfifo_item_get
                0x000000000002770a       0x56 Output/Release/Obj/ble_app_beacon_pca10040_s132/nrf_atfifo.o
                0x000000000002770a                nrf_atfifo_item_get
 .text.nrf_atfifo_item_free
                0x0000000000027760       0x20 Output/Release/Obj/ble_app_beacon_pca10040_s132/nrf_atfifo.o
                0x0000000000027760                nrf_atfifo_item_free
 .text.nrf_atomic_u32_fetch_store
                0x0000000000027780       0x16 Output/Release/Obj/ble_app_beacon_pca10040_s132/nrf_atomic.o
                0x0000000000027780                nrf_atomic_u32_fetch_store
 .text.nrf_atomic_u32_or
                0x0000000000027796       0x18 Output/Release/Obj/ble_app_beacon_pca10040_s132/nrf_atomic.o
                0x0000000000027796                nrf_atomic_u32_or
 .text.nrf_atomic_u32_fetch_and
                0x00000000000277ae       0x18 Output/Release/Obj/ble_app_beacon_pca10040_s132/nrf_atomic.o
                0x00000000000277ae                nrf_atomic_u32_fetch_and
 .text.nrf_atomic_u32_add
                0x00000000000277c6       0x18 Output/Release/Obj/ble_app_beacon_pca10040_s132/nrf_atomic.o
                0x00000000000277c6                nrf_atomic_u32_add
 .text.nrf_atomic_u32_sub
                0x00000000000277de       0x18 Output/Release/Obj/ble_app_beacon_pca10040_s132/nrf_atomic.o
                0x00000000000277de                nrf_atomic_u32_sub
 .text.nrf_atomic_flag_set
                0x00000000000277f6        0x6 Output/Release/Obj/ble_app_beacon_pca10040_s132/nrf_atomic.o
                0x00000000000277f6                nrf_atomic_flag_set
 .text.nrf_atomic_flag_clear_fetch
                0x00000000000277fc        0x6 Output/Release/Obj/ble_app_beacon_pca10040_s132/nrf_atomic.o
                0x00000000000277fc                nrf_atomic_flag_clear_fetch
 .text.nrf_balloc_init
                0x0000000000027802       0x2e Output/Release/Obj/ble_app_beacon_pca10040_s132/nrf_balloc.o
                0x0000000000027802                nrf_balloc_init
 .text.nrf_balloc_alloc
                0x0000000000027830       0x48 Output/Release/Obj/ble_app_beacon_pca10040_s132/nrf_balloc.o
                0x0000000000027830                nrf_balloc_alloc
 .text.nrf_balloc_free
                0x0000000000027878       0x34 Output/Release/Obj/ble_app_beacon_pca10040_s132/nrf_balloc.o
                0x0000000000027878                nrf_balloc_free
 .text.nrf_fprintf_buffer_flush
                0x00000000000278ac       0x16 Output/Release/Obj/ble_app_beacon_pca10040_s132/nrf_fprintf.o
                0x00000000000278ac                nrf_fprintf_buffer_flush
 .text.nrf_fprintf
                0x00000000000278c2       0x1c Output/Release/Obj/ble_app_beacon_pca10040_s132/nrf_fprintf.o
                0x00000000000278c2                nrf_fprintf
 .text.buffer_add
                0x00000000000278de       0x2e Output/Release/Obj/ble_app_beacon_pca10040_s132/nrf_fprintf_format.o
 .text.unsigned_print
                0x000000000002790c       0xb4 Output/Release/Obj/ble_app_beacon_pca10040_s132/nrf_fprintf_format.o
 .text.nrf_fprintf_fmt
                0x00000000000279c0      0x294 Output/Release/Obj/ble_app_beacon_pca10040_s132/nrf_fprintf_format.o
                0x00000000000279c0                nrf_fprintf_fmt
 .text.memobj_op
                0x0000000000027c54       0x86 Output/Release/Obj/ble_app_beacon_pca10040_s132/nrf_memobj.o
 .text.nrf_memobj_pool_init
                0x0000000000027cda        0x4 Output/Release/Obj/ble_app_beacon_pca10040_s132/nrf_memobj.o
                0x0000000000027cda                nrf_memobj_pool_init
 .text.nrf_memobj_free
                0x0000000000027cde       0x2c Output/Release/Obj/ble_app_beacon_pca10040_s132/nrf_memobj.o
                0x0000000000027cde                nrf_memobj_free
 .text.nrf_memobj_alloc
                0x0000000000027d0a       0x5e Output/Release/Obj/ble_app_beacon_pca10040_s132/nrf_memobj.o
                0x0000000000027d0a                nrf_memobj_alloc
 .text.nrf_memobj_get
                0x0000000000027d68        0x8 Output/Release/Obj/ble_app_beacon_pca10040_s132/nrf_memobj.o
                0x0000000000027d68                nrf_memobj_get
 .text.nrf_memobj_put
                0x0000000000027d70       0x1c Output/Release/Obj/ble_app_beacon_pca10040_s132/nrf_memobj.o
                0x0000000000027d70                nrf_memobj_put
 .text.nrf_memobj_write
                0x0000000000027d8c       0x14 Output/Release/Obj/ble_app_beacon_pca10040_s132/nrf_memobj.o
                0x0000000000027d8c                nrf_memobj_write
 .text.nrf_memobj_read
                0x0000000000027da0       0x14 Output/Release/Obj/ble_app_beacon_pca10040_s132/nrf_memobj.o
                0x0000000000027da0                nrf_memobj_read
 .text.sd_app_evt_wait
                0x0000000000027db4        0x4 Output/Release/Obj/ble_app_beacon_pca10040_s132/nrf_pwr_mgmt.o
 .text.nrf_pwr_mgmt_init
                0x0000000000027db8       0x2c Output/Release/Obj/ble_app_beacon_pca10040_s132/nrf_pwr_mgmt.o
                0x0000000000027db8                nrf_pwr_mgmt_init
 .text.nrf_pwr_mgmt_run
                0x0000000000027de4       0x18 Output/Release/Obj/ble_app_beacon_pca10040_s132/nrf_pwr_mgmt.o
                0x0000000000027de4                nrf_pwr_mgmt_run
 .text.nrf_ringbuf_init
                0x0000000000027dfc       0x12 Output/Release/Obj/ble_app_beacon_pca10040_s132/nrf_ringbuf.o
                0x0000000000027dfc                nrf_ringbuf_init
 .text.nrf_section_iter_init
                0x0000000000027e0e       0x14 Output/Release/Obj/ble_app_beacon_pca10040_s132/nrf_section_iter.o
                0x0000000000027e0e                nrf_section_iter_init
 .text.nrf_section_iter_next
                0x0000000000027e22       0x18 Output/Release/Obj/ble_app_beacon_pca10040_s132/nrf_section_iter.o
                0x0000000000027e22                nrf_section_iter_next
 .text.nrf_sortlist_add
                0x0000000000027e3a       0x20 Output/Release/Obj/ble_app_beacon_pca10040_s132/nrf_sortlist.o
                0x0000000000027e3a                nrf_sortlist_add
 .text.nrf_sortlist_pop
                0x0000000000027e5a        0xc Output/Release/Obj/ble_app_beacon_pca10040_s132/nrf_sortlist.o
                0x0000000000027e5a                nrf_sortlist_pop
 .text.nrf_sortlist_peek
                0x0000000000027e66        0x6 Output/Release/Obj/ble_app_beacon_pca10040_s132/nrf_sortlist.o
                0x0000000000027e66                nrf_sortlist_peek
 .text.nrf_sortlist_remove
                0x0000000000027e6c       0x1a Output/Release/Obj/ble_app_beacon_pca10040_s132/nrf_sortlist.o
                0x0000000000027e6c                nrf_sortlist_remove
 *fill*         0x0000000000027e86        0x2 
 .text.nrf_strerror_find
                0x0000000000027e88       0x3c Output/Release/Obj/ble_app_beacon_pca10040_s132/nrf_strerror.o
                0x0000000000027e88                nrf_strerror_find
 .text.nrf_strerror_get
                0x0000000000027ec4       0x14 Output/Release/Obj/ble_app_beacon_pca10040_s132/nrf_strerror.o
                0x0000000000027ec4                nrf_strerror_get
 .text.nrf52_errata_12
                0x0000000000027ed8       0x1c Output/Release/Obj/ble_app_beacon_pca10040_s132/system_nrf52.o
 .text.nrf52_errata_16
                0x0000000000027ef4       0x28 Output/Release/Obj/ble_app_beacon_pca10040_s132/system_nrf52.o
 .text.nrf52_errata_31
                0x0000000000027f1c       0x26 Output/Release/Obj/ble_app_beacon_pca10040_s132/system_nrf52.o
 *fill*         0x0000000000027f42        0x2 
 .text.SystemInit
                0x0000000000027f44      0x270 Output/Release/Obj/ble_app_beacon_pca10040_s132/system_nrf52.o
                0x0000000000027f44                SystemInit
 .text.bsp_board_led_state_get
                0x00000000000281b4       0x1c Output/Release/Obj/ble_app_beacon_pca10040_s132/boards.o
                0x00000000000281b4                bsp_board_led_state_get
 .text.bsp_board_led_on
                0x00000000000281d0       0x18 Output/Release/Obj/ble_app_beacon_pca10040_s132/boards.o
                0x00000000000281d0                bsp_board_led_on
 .text.bsp_board_led_off
                0x00000000000281e8       0x18 Output/Release/Obj/ble_app_beacon_pca10040_s132/boards.o
                0x00000000000281e8                bsp_board_led_off
 .text.bsp_board_leds_off
                0x0000000000028200       0x12 Output/Release/Obj/ble_app_beacon_pca10040_s132/boards.o
                0x0000000000028200                bsp_board_leds_off
 .text.bsp_board_leds_on
                0x0000000000028212       0x12 Output/Release/Obj/ble_app_beacon_pca10040_s132/boards.o
                0x0000000000028212                bsp_board_leds_on
 .text.bsp_board_led_invert
                0x0000000000028224       0x24 Output/Release/Obj/ble_app_beacon_pca10040_s132/boards.o
                0x0000000000028224                bsp_board_led_invert
 .text.bsp_board_pin_to_button_idx
                0x0000000000028248       0x24 Output/Release/Obj/ble_app_beacon_pca10040_s132/boards.o
                0x0000000000028248                bsp_board_pin_to_button_idx
 .text.bsp_board_init
                0x000000000002826c       0x36 Output/Release/Obj/ble_app_beacon_pca10040_s132/boards.o
                0x000000000002826c                bsp_board_init
 *fill*         0x00000000000282a2        0x2 
 .text.clock_clk_started_notify
                0x00000000000282a4       0x24 Output/Release/Obj/ble_app_beacon_pca10040_s132/nrf_drv_clock.o
 .text.clock_irq_handler
                0x00000000000282c8       0x1c Output/Release/Obj/ble_app_beacon_pca10040_s132/nrf_drv_clock.o
 .text.soc_evt_handler
                0x00000000000282e4       0x14 Output/Release/Obj/ble_app_beacon_pca10040_s132/nrf_drv_clock.o
 .text.nrf_drv_clock_init
                0x00000000000282f8       0x48 Output/Release/Obj/ble_app_beacon_pca10040_s132/nrf_drv_clock.o
                0x00000000000282f8                nrf_drv_clock_init
 .text.nrf_drv_clock_lfclk_release
                0x0000000000028340       0x40 Output/Release/Obj/ble_app_beacon_pca10040_s132/nrf_drv_clock.o
                0x0000000000028340                nrf_drv_clock_lfclk_release
 .text.sd_state_evt_handler
                0x0000000000028380       0x64 Output/Release/Obj/ble_app_beacon_pca10040_s132/nrf_drv_clock.o
 .text.uarte_evt_handler
                0x00000000000283e4       0x34 Output/Release/Obj/ble_app_beacon_pca10040_s132/nrf_drv_uart.o
 .text.nrf_drv_uart_init
                0x0000000000028418       0x50 Output/Release/Obj/ble_app_beacon_pca10040_s132/nrf_drv_uart.o
                0x0000000000028418                nrf_drv_uart_init
 .text.nrf_clock_event_clear
                0x0000000000028468       0x14 Output/Release/Obj/ble_app_beacon_pca10040_s132/nrfx_clock.o
 .text.nrfx_clock_init
                0x000000000002847c       0x18 Output/Release/Obj/ble_app_beacon_pca10040_s132/nrfx_clock.o
                0x000000000002847c                nrfx_clock_init
 .text.nrfx_clock_enable
                0x0000000000028494       0x24 Output/Release/Obj/ble_app_beacon_pca10040_s132/nrfx_clock.o
                0x0000000000028494                nrfx_clock_enable
 .text.nrfx_clock_lfclk_stop
                0x00000000000284b8       0x22 Output/Release/Obj/ble_app_beacon_pca10040_s132/nrfx_clock.o
                0x00000000000284b8                nrfx_clock_lfclk_stop
 *fill*         0x00000000000284da        0x2 
 .text.POWER_CLOCK_IRQHandler
                0x00000000000284dc       0x50 Output/Release/Obj/ble_app_beacon_pca10040_s132/nrfx_clock.o
                0x00000000000284dc                POWER_CLOCK_IRQHandler
 .text.nrf_gpiote_event_clear
                0x000000000002852c       0x18 Output/Release/Obj/ble_app_beacon_pca10040_s132/nrfx_gpiote.o
 .text.nrf_gpio_cfg_sense_set
                0x0000000000028544       0x20 Output/Release/Obj/ble_app_beacon_pca10040_s132/nrfx_gpiote.o
 .text.channel_free
                0x0000000000028564       0x1c Output/Release/Obj/ble_app_beacon_pca10040_s132/nrfx_gpiote.o
 .text.nrfx_gpiote_init
                0x0000000000028580       0x70 Output/Release/Obj/ble_app_beacon_pca10040_s132/nrfx_gpiote.o
                0x0000000000028580                nrfx_gpiote_init
 .text.nrfx_gpiote_is_init
                0x00000000000285f0       0x14 Output/Release/Obj/ble_app_beacon_pca10040_s132/nrfx_gpiote.o
                0x00000000000285f0                nrfx_gpiote_is_init
 .text.nrfx_gpiote_in_init
                0x0000000000028604       0xf0 Output/Release/Obj/ble_app_beacon_pca10040_s132/nrfx_gpiote.o
                0x0000000000028604                nrfx_gpiote_in_init
 .text.nrfx_gpiote_in_event_enable
                0x00000000000286f4       0x8c Output/Release/Obj/ble_app_beacon_pca10040_s132/nrfx_gpiote.o
                0x00000000000286f4                nrfx_gpiote_in_event_enable
 .text.nrfx_gpiote_in_is_set
                0x0000000000028780       0x12 Output/Release/Obj/ble_app_beacon_pca10040_s132/nrfx_gpiote.o
                0x0000000000028780                nrfx_gpiote_in_is_set
 *fill*         0x0000000000028792        0x2 
 .text.GPIOTE_IRQHandler
                0x0000000000028794      0x14c Output/Release/Obj/ble_app_beacon_pca10040_s132/nrfx_gpiote.o
                0x0000000000028794                GPIOTE_IRQHandler
 .text.nrfx_prs_acquire
                0x00000000000288e0        0x4 Output/Release/Obj/ble_app_beacon_pca10040_s132/nrfx_prs.o
                0x00000000000288e0                nrfx_prs_acquire
 .text.nrfx_prs_release
                0x00000000000288e4        0x2 Output/Release/Obj/ble_app_beacon_pca10040_s132/nrfx_prs.o
                0x00000000000288e4                nrfx_prs_release
 .text.nrf_uarte_event_clear
                0x00000000000288e6       0x10 Output/Release/Obj/ble_app_beacon_pca10040_s132/nrfx_uarte.o
 *fill*         0x00000000000288f6        0x2 
 .text.rx_done_event.constprop.0
                0x00000000000288f8       0x20 Output/Release/Obj/ble_app_beacon_pca10040_s132/nrfx_uarte.o
 .text.UARTE0_UART0_IRQHandler
                0x0000000000028918      0x118 Output/Release/Obj/ble_app_beacon_pca10040_s132/nrfx_uarte.o
                0x0000000000028918                UARTE0_UART0_IRQHandler
 .text.nrfx_uarte_init
                0x0000000000028a30      0x184 Output/Release/Obj/ble_app_beacon_pca10040_s132/nrfx_uarte.o
                0x0000000000028a30                nrfx_uarte_init
 .text.nrfx_uarte_uninit
                0x0000000000028bb4      0x120 Output/Release/Obj/ble_app_beacon_pca10040_s132/nrfx_uarte.o
                0x0000000000028bb4                nrfx_uarte_uninit
 .text.nrfx_uarte_tx_in_progress
                0x0000000000028cd4       0x18 Output/Release/Obj/ble_app_beacon_pca10040_s132/nrfx_uarte.o
                0x0000000000028cd4                nrfx_uarte_tx_in_progress
 .text.nrfx_uarte_tx
                0x0000000000028cec       0x9c Output/Release/Obj/ble_app_beacon_pca10040_s132/nrfx_uarte.o
                0x0000000000028cec                nrfx_uarte_tx
 .text.alert_timer_handler
                0x0000000000028d88        0x6 Output/Release/Obj/ble_app_beacon_pca10040_s132/bsp.o
 *fill*         0x0000000000028d8e        0x2 
 .text.bsp_button_event_handler
                0x0000000000028d90       0x9c Output/Release/Obj/ble_app_beacon_pca10040_s132/bsp.o
 .text.button_timer_handler
                0x0000000000028e2c        0x8 Output/Release/Obj/ble_app_beacon_pca10040_s132/bsp.o
 .text.leds_off
                0x0000000000028e34       0x24 Output/Release/Obj/ble_app_beacon_pca10040_s132/bsp.o
 .text.bsp_led_indication
                0x0000000000028e58      0x200 Output/Release/Obj/ble_app_beacon_pca10040_s132/bsp.o
 .text.leds_timer_handler
                0x0000000000029058       0x1c Output/Release/Obj/ble_app_beacon_pca10040_s132/bsp.o
 .text.bsp_indication_set
                0x0000000000029074       0x18 Output/Release/Obj/ble_app_beacon_pca10040_s132/bsp.o
                0x0000000000029074                bsp_indication_set
 .text.bsp_init
                0x000000000002908c       0x9c Output/Release/Obj/ble_app_beacon_pca10040_s132/bsp.o
                0x000000000002908c                bsp_init
 .text.sd_ble_gap_adv_set_configure
                0x0000000000029128        0x4 Output/Release/Obj/ble_app_beacon_pca10040_s132/main.o
 .text.sd_ble_gap_adv_start
                0x000000000002912c        0x4 Output/Release/Obj/ble_app_beacon_pca10040_s132/main.o
 .text.sd_ble_gap_adv_stop
                0x0000000000029130        0x4 Output/Release/Obj/ble_app_beacon_pca10040_s132/main.o
 .text.sd_ble_gap_tx_power_set
                0x0000000000029134        0x4 Output/Release/Obj/ble_app_beacon_pca10040_s132/main.o
 .text.single_shot_timer_handler
                0x0000000000029138       0x54 Output/Release/Obj/ble_app_beacon_pca10040_s132/main.o
 .text.bsp_event_handler
                0x000000000002918c       0x88 Output/Release/Obj/ble_app_beacon_pca10040_s132/main.o
                0x000000000002918c                bsp_event_handler
 .text.startup.main
                0x0000000000029214      0x110 Output/Release/Obj/ble_app_beacon_pca10040_s132/main.o
                0x0000000000029214                main
 .text._GetAvailWriteSpace
                0x0000000000029324       0x12 Output/Release/Obj/ble_app_beacon_pca10040_s132/SEGGER_RTT.o
 .text._WriteNoCheck
                0x0000000000029336       0x38 Output/Release/Obj/ble_app_beacon_pca10040_s132/SEGGER_RTT.o
 .text._WriteBlocking
                0x000000000002936e       0x52 Output/Release/Obj/ble_app_beacon_pca10040_s132/SEGGER_RTT.o
 .text._DoInit  0x00000000000293c0       0x60 Output/Release/Obj/ble_app_beacon_pca10040_s132/SEGGER_RTT.o
 .text.SEGGER_RTT_WriteNoLock
                0x0000000000029420       0x60 Output/Release/Obj/ble_app_beacon_pca10040_s132/SEGGER_RTT.o
                0x0000000000029420                SEGGER_RTT_WriteNoLock
 .text.SEGGER_RTT_Write
                0x0000000000029480       0x40 Output/Release/Obj/ble_app_beacon_pca10040_s132/SEGGER_RTT.o
                0x0000000000029480                SEGGER_RTT_Write
 .text.SEGGER_RTT_WriteString
                0x00000000000294c0       0x1a Output/Release/Obj/ble_app_beacon_pca10040_s132/SEGGER_RTT.o
                0x00000000000294c0                SEGGER_RTT_WriteString
 .text.puts     0x00000000000294da        0x8 Output/Release/Obj/ble_app_beacon_pca10040_s132/SEGGER_RTT_Syscalls_SES.o
                0x00000000000294da                puts
 .text.sd_ble_gap_addr_get
                0x00000000000294e2        0x4 Output/Release/Obj/ble_app_beacon_pca10040_s132/ble_advdata.o
 .text.sd_ble_gap_appearance_get
                0x00000000000294e6        0x4 Output/Release/Obj/ble_app_beacon_pca10040_s132/ble_advdata.o
 .text.sd_ble_gap_device_name_get
                0x00000000000294ea        0x4 Output/Release/Obj/ble_app_beacon_pca10040_s132/ble_advdata.o
 .text.sd_ble_uuid_encode
                0x00000000000294ee        0x4 Output/Release/Obj/ble_app_beacon_pca10040_s132/ble_advdata.o
 .text.uuid_list_sized_encode
                0x00000000000294f2       0xac Output/Release/Obj/ble_app_beacon_pca10040_s132/ble_advdata.o
 .text.uuid_list_encode
                0x000000000002959e       0x38 Output/Release/Obj/ble_app_beacon_pca10040_s132/ble_advdata.o
 .text.ble_advdata_encode
                0x00000000000295d6      0x394 Output/Release/Obj/ble_app_beacon_pca10040_s132/ble_advdata.o
                0x00000000000295d6                ble_advdata_encode
 .text.sd_softdevice_enable
                0x000000000002996a        0x4 Output/Release/Obj/ble_app_beacon_pca10040_s132/nrf_sdh.o
 *fill*         0x000000000002996e        0x2 
 .text.sdh_request_observer_notify
                0x0000000000029970       0x30 Output/Release/Obj/ble_app_beacon_pca10040_s132/nrf_sdh.o
 .text.sdh_state_observer_notify
                0x00000000000299a0       0x28 Output/Release/Obj/ble_app_beacon_pca10040_s132/nrf_sdh.o
 .text.softdevices_evt_irq_enable
                0x00000000000299c8       0x38 Output/Release/Obj/ble_app_beacon_pca10040_s132/nrf_sdh.o
 .text.nrf_sdh_enable_request
                0x0000000000029a00       0x7c Output/Release/Obj/ble_app_beacon_pca10040_s132/nrf_sdh.o
                0x0000000000029a00                nrf_sdh_enable_request
 .text.nrf_sdh_is_enabled
                0x0000000000029a7c        0xc Output/Release/Obj/ble_app_beacon_pca10040_s132/nrf_sdh.o
                0x0000000000029a7c                nrf_sdh_is_enabled
 .text.sd_ble_enable
                0x0000000000029a88        0x4 Output/Release/Obj/ble_app_beacon_pca10040_s132/nrf_sdh_ble.o
 .text.sd_ble_cfg_set
                0x0000000000029a8c        0x4 Output/Release/Obj/ble_app_beacon_pca10040_s132/nrf_sdh_ble.o
 .text.sd_ble_evt_get
                0x0000000000029a90        0x4 Output/Release/Obj/ble_app_beacon_pca10040_s132/nrf_sdh_ble.o
 .text.nrf_sdh_ble_evts_poll
                0x0000000000029a94       0x58 Output/Release/Obj/ble_app_beacon_pca10040_s132/nrf_sdh_ble.o
 .text.nrf_sdh_ble_default_cfg_set
                0x0000000000029aec      0x134 Output/Release/Obj/ble_app_beacon_pca10040_s132/nrf_sdh_ble.o
                0x0000000000029aec                nrf_sdh_ble_default_cfg_set
 .text.nrf_sdh_ble_enable
                0x0000000000029c20       0x94 Output/Release/Obj/ble_app_beacon_pca10040_s132/nrf_sdh_ble.o
                0x0000000000029c20                nrf_sdh_ble_enable
 .text.sd_evt_get
                0x0000000000029cb4        0x4 Output/Release/Obj/ble_app_beacon_pca10040_s132/nrf_sdh_soc.o
 .text.nrf_sdh_soc_evts_poll
                0x0000000000029cb8       0x40 Output/Release/Obj/ble_app_beacon_pca10040_s132/nrf_sdh_soc.o
 .text.libc.__int64_udivmod
                0x0000000000029cf8       0xce C:/Program Files/SEGGER/SEGGER Embedded Studio for ARM 5.62/lib/libc_v7em_t_le_eabi.a(libc_asm.o)
                0x0000000000029cf8                __aeabi_uldivmod
                0x0000000000029cf8                __int64_udiv
                0x0000000000029cf8                __udivdi3
                0x0000000000029cf8                __int64_udivmod
 *fill*         0x0000000000029dc6        0x2 
 .text.libc.__RAL_ascii_isctype
                0x0000000000029dc8       0x1c C:/Program Files/SEGGER/SEGGER Embedded Studio for ARM 5.62/lib/libc_v7em_t_le_eabi.a(libc2.o)
 .text.libc.__RAL_ascii_toupper
                0x0000000000029de4        0xc C:/Program Files/SEGGER/SEGGER Embedded Studio for ARM 5.62/lib/libc_v7em_t_le_eabi.a(libc2.o)
 .text.libc.__RAL_ascii_tolower
                0x0000000000029df0        0xc C:/Program Files/SEGGER/SEGGER Embedded Studio for ARM 5.62/lib/libc_v7em_t_le_eabi.a(libc2.o)
 .text.libc.__RAL_ascii_iswctype
                0x0000000000029dfc       0x1c C:/Program Files/SEGGER/SEGGER Embedded Studio for ARM 5.62/lib/libc_v7em_t_le_eabi.a(libc2.o)
 .text.libc.__RAL_ascii_towupper
                0x0000000000029e18        0xc C:/Program Files/SEGGER/SEGGER Embedded Studio for ARM 5.62/lib/libc_v7em_t_le_eabi.a(libc2.o)
 .text.libc.__RAL_ascii_towlower
                0x0000000000029e24        0xc C:/Program Files/SEGGER/SEGGER Embedded Studio for ARM 5.62/lib/libc_v7em_t_le_eabi.a(libc2.o)
 .text.libc.__RAL_ascii_wctomb
                0x0000000000029e30        0xe C:/Program Files/SEGGER/SEGGER Embedded Studio for ARM 5.62/lib/libc_v7em_t_le_eabi.a(libc2.o)
                0x0000000000029e30                __RAL_ascii_wctomb
 .text.libc.__RAL_ascii_mbtowc
                0x0000000000029e3e       0x24 C:/Program Files/SEGGER/SEGGER Embedded Studio for ARM 5.62/lib/libc_v7em_t_le_eabi.a(libc2.o)
                0x0000000000029e3e                __RAL_ascii_mbtowc
 *fill*         0x0000000000029e62        0x2 
 .text.libc.__RAL_isctype
                0x0000000000029e64       0x14 C:/Program Files/SEGGER/SEGGER Embedded Studio for ARM 5.62/lib/libc_v7em_t_le_eabi.a(libc2.o)
                0x0000000000029e64                __RAL_isctype
 .text.libc.isprint
                0x0000000000029e78        0xa C:/Program Files/SEGGER/SEGGER Embedded Studio for ARM 5.62/lib/libc_v7em_t_le_eabi.a(libc2.o)
                0x0000000000029e78                isprint
 .text.libc.memcpy
                0x0000000000029e82       0x52 C:/Program Files/SEGGER/SEGGER Embedded Studio for ARM 5.62/lib/libc_v7em_t_le_eabi.a(libc2_asm.o)
                0x0000000000029e82                __aeabi_memcpy
                0x0000000000029e82                memcpy
                0x0000000000029e8e                __aeabi_memcpy8
                0x0000000000029e8e                __aeabi_memcpy4
 .text.libc.memset
                0x0000000000029ed4       0x66 C:/Program Files/SEGGER/SEGGER Embedded Studio for ARM 5.62/lib/libc_v7em_t_le_eabi.a(libc2_asm.o)
                0x0000000000029ed4                memset
 .text.libc.strcpy
                0x0000000000029f3a       0x44 C:/Program Files/SEGGER/SEGGER Embedded Studio for ARM 5.62/lib/libc_v7em_t_le_eabi.a(libc2_asm.o)
                0x0000000000029f3a                strcpy
 .text.libc.strlen
                0x0000000000029f7e       0x60 C:/Program Files/SEGGER/SEGGER Embedded Studio for ARM 5.62/lib/libc_v7em_t_le_eabi.a(libc2_asm.o)
                0x0000000000029f7e                strlen
                0x0000000000029fe0                . = ALIGN (MAX ((__text_start__ + 0x4), .), 0x4)
 *fill*         0x0000000000029fde        0x2 
                0x0000000000029fe0                __text_end__ = (__text_start__ + SIZEOF (.text))
                0x0000000000003c24                __text_size__ = SIZEOF (.text)
                0x0000000000029fe0                __text_load_end__ = __text_end__

.vfp11_veneer   0x0000000100000000        0x0
 .vfp11_veneer  0x0000000100000000        0x0 linker stubs

.v4_bx          0x0000000100000000        0x0
 .v4_bx         0x0000000100000000        0x0 linker stubs

.iplt           0x0000000100000000        0x0
 .iplt          0x0000000100000000        0x0 Output/Release/Obj/ble_app_beacon_pca10040_s132/thumb_crt0.o
                0x0000000000000001                . = ASSERT (((__text_start__ == __text_end__) || ((__text_end__ - __FLASH1_segment_start__) <= __FLASH1_segment_size__)), error: .text is too large to fit in FLASH1 memory segment)
                0x0000000000029fe0                __sdh_soc_observers_load_start__ = ALIGN (__text_end__, 0x4)

.sdh_soc_observers
                0x0000000000029fe0        0x8
                0x0000000000029fe0                __sdh_soc_observers_start__ = .
                0x0000000000029fe0                __start_sdh_soc_observers = __sdh_soc_observers_start__
 *(SORT_BY_NAME(.sdh_soc_observers*))
 .sdh_soc_observers0
                0x0000000000029fe0        0x8 Output/Release/Obj/ble_app_beacon_pca10040_s132/nrf_drv_clock.o
                0x0000000000029fe8                __sdh_soc_observers_end__ = (__sdh_soc_observers_start__ + SIZEOF (.sdh_soc_observers))
                0x0000000000000008                __sdh_soc_observers_size__ = SIZEOF (.sdh_soc_observers)
                0x0000000000029fe8                __stop_sdh_soc_observers = __sdh_soc_observers_end__
                0x0000000000029fe8                __sdh_soc_observers_load_end__ = __sdh_soc_observers_end__
                0x0000000000000001                . = ASSERT (((__sdh_soc_observers_start__ == __sdh_soc_observers_end__) || ((__sdh_soc_observers_end__ - __FLASH1_segment_start__) <= __FLASH1_segment_size__)), error: .sdh_soc_observers is too large to fit in FLASH1 memory segment)
                0x0000000000029fe8                __sdh_ble_observers_load_start__ = ALIGN (__sdh_soc_observers_end__, 0x4)

.sdh_ble_observers
                0x0000000000029fe8        0x0
                0x0000000000029fe8                __sdh_ble_observers_start__ = .
                0x0000000000029fe8                __start_sdh_ble_observers = __sdh_ble_observers_start__
 *(SORT_BY_NAME(.sdh_ble_observers*))
                0x0000000000029fe8                __sdh_ble_observers_end__ = (__sdh_ble_observers_start__ + SIZEOF (.sdh_ble_observers))
                0x0000000000000000                __sdh_ble_observers_size__ = SIZEOF (.sdh_ble_observers)
                0x0000000000029fe8                __stop_sdh_ble_observers = __sdh_ble_observers_end__
                0x0000000000029fe8                __sdh_ble_observers_load_end__ = __sdh_ble_observers_end__
                0x0000000000000001                . = ASSERT (((__sdh_ble_observers_start__ == __sdh_ble_observers_end__) || ((__sdh_ble_observers_end__ - __FLASH1_segment_start__) <= __FLASH1_segment_size__)), error: .sdh_ble_observers is too large to fit in FLASH1 memory segment)
                0x0000000000029fe8                __pwr_mgmt_data_load_start__ = ALIGN (__sdh_ble_observers_end__, 0x4)

.pwr_mgmt_data  0x0000000000029fe8        0x0
                0x0000000000029fe8                __pwr_mgmt_data_start__ = .
                0x0000000000029fe8                __start_pwr_mgmt_data = __pwr_mgmt_data_start__
 *(SORT_BY_NAME(.pwr_mgmt_data*))
                0x0000000000029fe8                __pwr_mgmt_data_end__ = (__pwr_mgmt_data_start__ + SIZEOF (.pwr_mgmt_data))
                0x0000000000000000                __pwr_mgmt_data_size__ = SIZEOF (.pwr_mgmt_data)
                0x0000000000029fe8                __stop_pwr_mgmt_data = __pwr_mgmt_data_end__
                0x0000000000029fe8                __pwr_mgmt_data_load_end__ = __pwr_mgmt_data_end__
                0x0000000000000001                . = ASSERT (((__pwr_mgmt_data_start__ == __pwr_mgmt_data_end__) || ((__pwr_mgmt_data_end__ - __FLASH1_segment_start__) <= __FLASH1_segment_size__)), error: .pwr_mgmt_data is too large to fit in FLASH1 memory segment)
                0x0000000000029fe8                __sdh_req_observers_load_start__ = ALIGN (__pwr_mgmt_data_end__, 0x4)

.sdh_req_observers
                0x0000000000029fe8        0x0
                0x0000000000029fe8                __sdh_req_observers_start__ = .
                0x0000000000029fe8                __start_sdh_req_observers = __sdh_req_observers_start__
 *(SORT_BY_NAME(.sdh_req_observers*))
                0x0000000000029fe8                __sdh_req_observers_end__ = (__sdh_req_observers_start__ + SIZEOF (.sdh_req_observers))
                0x0000000000000000                __sdh_req_observers_size__ = SIZEOF (.sdh_req_observers)
                0x0000000000029fe8                __stop_sdh_req_observers = __sdh_req_observers_end__
                0x0000000000029fe8                __sdh_req_observers_load_end__ = __sdh_req_observers_end__
                0x0000000000000001                . = ASSERT (((__sdh_req_observers_start__ == __sdh_req_observers_end__) || ((__sdh_req_observers_end__ - __FLASH1_segment_start__) <= __FLASH1_segment_size__)), error: .sdh_req_observers is too large to fit in FLASH1 memory segment)
                0x0000000000029fe8                __sdh_state_observers_load_start__ = ALIGN (__sdh_req_observers_end__, 0x4)

.sdh_state_observers
                0x0000000000029fe8        0x8
                0x0000000000029fe8                __sdh_state_observers_start__ = .
                0x0000000000029fe8                __start_sdh_state_observers = __sdh_state_observers_start__
 *(SORT_BY_NAME(.sdh_state_observers*))
 .sdh_state_observers0
                0x0000000000029fe8        0x8 Output/Release/Obj/ble_app_beacon_pca10040_s132/nrf_drv_clock.o
                0x0000000000029ff0                __sdh_state_observers_end__ = (__sdh_state_observers_start__ + SIZEOF (.sdh_state_observers))
                0x0000000000000008                __sdh_state_observers_size__ = SIZEOF (.sdh_state_observers)
                0x0000000000029ff0                __stop_sdh_state_observers = __sdh_state_observers_end__
                0x0000000000029ff0                __sdh_state_observers_load_end__ = __sdh_state_observers_end__
                0x0000000000000001                . = ASSERT (((__sdh_state_observers_start__ == __sdh_state_observers_end__) || ((__sdh_state_observers_end__ - __FLASH1_segment_start__) <= __FLASH1_segment_size__)), error: .sdh_state_observers is too large to fit in FLASH1 memory segment)
                0x0000000000029ff0                __sdh_stack_observers_load_start__ = ALIGN (__sdh_state_observers_end__, 0x4)

.sdh_stack_observers
                0x0000000000029ff0       0x10
                0x0000000000029ff0                __sdh_stack_observers_start__ = .
                0x0000000000029ff0                __start_sdh_stack_observers = __sdh_stack_observers_start__
 *(SORT_BY_NAME(.sdh_stack_observers*))
 .sdh_stack_observers0
                0x0000000000029ff0        0x8 Output/Release/Obj/ble_app_beacon_pca10040_s132/nrf_sdh_ble.o
 .sdh_stack_observers0
                0x0000000000029ff8        0x8 Output/Release/Obj/ble_app_beacon_pca10040_s132/nrf_sdh_soc.o
                0x000000000002a000                __sdh_stack_observers_end__ = (__sdh_stack_observers_start__ + SIZEOF (.sdh_stack_observers))
                0x0000000000000010                __sdh_stack_observers_size__ = SIZEOF (.sdh_stack_observers)
                0x000000000002a000                __stop_sdh_stack_observers = __sdh_stack_observers_end__
                0x000000000002a000                __sdh_stack_observers_load_end__ = __sdh_stack_observers_end__
                0x0000000000000001                . = ASSERT (((__sdh_stack_observers_start__ == __sdh_stack_observers_end__) || ((__sdh_stack_observers_end__ - __FLASH1_segment_start__) <= __FLASH1_segment_size__)), error: .sdh_stack_observers is too large to fit in FLASH1 memory segment)
                0x000000000002a000                __nrf_queue_load_start__ = ALIGN (__sdh_stack_observers_end__, 0x4)

.nrf_queue      0x000000000002a000        0x0
                0x000000000002a000                __nrf_queue_start__ = .
                0x000000000002a000                __start_nrf_queue = __nrf_queue_start__
 *(.nrf_queue*)
                0x000000000002a000                __nrf_queue_end__ = (__nrf_queue_start__ + SIZEOF (.nrf_queue))
                0x0000000000000000                __nrf_queue_size__ = SIZEOF (.nrf_queue)
                0x000000000002a000                __stop_nrf_queue = __nrf_queue_end__
                0x000000000002a000                __nrf_queue_load_end__ = __nrf_queue_end__
                0x0000000000000001                . = ASSERT (((__nrf_queue_start__ == __nrf_queue_end__) || ((__nrf_queue_end__ - __FLASH1_segment_start__) <= __FLASH1_segment_size__)), error: .nrf_queue is too large to fit in FLASH1 memory segment)
                0x000000000002a000                __nrf_balloc_load_start__ = ALIGN (__nrf_queue_end__, 0x4)

.nrf_balloc     0x000000000002a000       0x14
                0x000000000002a000                __nrf_balloc_start__ = .
                0x000000000002a000                __start_nrf_balloc = __nrf_balloc_start__
 *(.nrf_balloc*)
 .nrf_balloc    0x000000000002a000       0x14 Output/Release/Obj/ble_app_beacon_pca10040_s132/nrf_log_frontend.o
                0x000000000002a000                log_mempool
                0x000000000002a014                __nrf_balloc_end__ = (__nrf_balloc_start__ + SIZEOF (.nrf_balloc))
                0x0000000000000014                __nrf_balloc_size__ = SIZEOF (.nrf_balloc)
                0x000000000002a014                __stop_nrf_balloc = __nrf_balloc_end__
                0x000000000002a014                __nrf_balloc_load_end__ = __nrf_balloc_end__
                0x0000000000000001                . = ASSERT (((__nrf_balloc_start__ == __nrf_balloc_end__) || ((__nrf_balloc_end__ - __FLASH1_segment_start__) <= __FLASH1_segment_size__)), error: .nrf_balloc is too large to fit in FLASH1 memory segment)
                0x000000000002a014                __cli_command_load_start__ = ALIGN (__nrf_balloc_end__, 0x4)

.cli_command    0x000000000002a014        0x0
                0x000000000002a014                __cli_command_start__ = .
                0x000000000002a014                __start_cli_command = __cli_command_start__
 *(.cli_command*)
                0x000000000002a014                __cli_command_end__ = (__cli_command_start__ + SIZEOF (.cli_command))
                0x0000000000000000                __cli_command_size__ = SIZEOF (.cli_command)
                0x000000000002a014                __stop_cli_command = __cli_command_end__
                0x000000000002a014                __cli_command_load_end__ = __cli_command_end__
                0x0000000000000001                . = ASSERT (((__cli_command_start__ == __cli_command_end__) || ((__cli_command_end__ - __FLASH1_segment_start__) <= __FLASH1_segment_size__)), error: .cli_command is too large to fit in FLASH1 memory segment)
                0x000000000002a014                __crypto_data_load_start__ = ALIGN (__cli_command_end__, 0x4)

.crypto_data    0x000000000002a014        0x0
                0x000000000002a014                __crypto_data_start__ = .
                0x000000000002a014                __start_crypto_data = __crypto_data_start__
 *(SORT_BY_NAME(.crypto_data*))
                0x000000000002a014                __crypto_data_end__ = (__crypto_data_start__ + SIZEOF (.crypto_data))
                0x0000000000000000                __crypto_data_size__ = SIZEOF (.crypto_data)
                0x000000000002a014                __stop_crypto_data = __crypto_data_end__
                0x000000000002a014                __crypto_data_load_end__ = __crypto_data_end__
                0x0000000000000001                . = ASSERT (((__crypto_data_start__ == __crypto_data_end__) || ((__crypto_data_end__ - __FLASH1_segment_start__) <= __FLASH1_segment_size__)), error: .crypto_data is too large to fit in FLASH1 memory segment)
                0x000000000002a014                __log_const_data_load_start__ = ALIGN (__crypto_data_end__, 0x4)

.log_const_data
                0x000000000002a014       0x68
                0x000000000002a014                __log_const_data_start__ = .
                0x000000000002a014                __start_log_const_data = __log_const_data_start__
 *(SORT_BY_NAME(.log_const_data*))
 .log_const_data_CLOCK
                0x000000000002a014        0x8 Output/Release/Obj/ble_app_beacon_pca10040_s132/nrfx_clock.o
                0x000000000002a014                m_nrf_log_CLOCK_logs_data_const
 .log_const_data_GPIOTE
                0x000000000002a01c        0x8 Output/Release/Obj/ble_app_beacon_pca10040_s132/nrfx_gpiote.o
                0x000000000002a01c                m_nrf_log_GPIOTE_logs_data_const
 .log_const_data_PRS
                0x000000000002a024        0x8 Output/Release/Obj/ble_app_beacon_pca10040_s132/nrfx_prs.o
                0x000000000002a024                m_nrf_log_PRS_logs_data_const
 .log_const_data_UARTE
                0x000000000002a02c        0x8 Output/Release/Obj/ble_app_beacon_pca10040_s132/nrfx_uarte.o
                0x000000000002a02c                m_nrf_log_UARTE_logs_data_const
 .log_const_data_app
                0x000000000002a034        0x8 Output/Release/Obj/ble_app_beacon_pca10040_s132/nrf_log_frontend.o
                0x000000000002a034                m_nrf_log_app_logs_data_const
 .log_const_data_app_button
                0x000000000002a03c        0x8 Output/Release/Obj/ble_app_beacon_pca10040_s132/app_button.o
                0x000000000002a03c                m_nrf_log_app_button_logs_data_const
 .log_const_data_app_timer
                0x000000000002a044        0x8 Output/Release/Obj/ble_app_beacon_pca10040_s132/app_timer2.o
                0x000000000002a044                m_nrf_log_app_timer_logs_data_const
 .log_const_data_clock
                0x000000000002a04c        0x8 Output/Release/Obj/ble_app_beacon_pca10040_s132/nrf_drv_clock.o
                0x000000000002a04c                m_nrf_log_clock_logs_data_const
 .log_const_data_nrf_sdh
                0x000000000002a054        0x8 Output/Release/Obj/ble_app_beacon_pca10040_s132/nrf_sdh.o
                0x000000000002a054                m_nrf_log_nrf_sdh_logs_data_const
 .log_const_data_nrf_sdh_ble
                0x000000000002a05c        0x8 Output/Release/Obj/ble_app_beacon_pca10040_s132/nrf_sdh_ble.o
                0x000000000002a05c                m_nrf_log_nrf_sdh_ble_logs_data_const
 .log_const_data_nrf_sdh_soc
                0x000000000002a064        0x8 Output/Release/Obj/ble_app_beacon_pca10040_s132/nrf_sdh_soc.o
                0x000000000002a064                m_nrf_log_nrf_sdh_soc_logs_data_const
 .log_const_data_pwr_mgmt
                0x000000000002a06c        0x8 Output/Release/Obj/ble_app_beacon_pca10040_s132/nrf_pwr_mgmt.o
                0x000000000002a06c                m_nrf_log_pwr_mgmt_logs_data_const
 .log_const_data_sortlist
                0x000000000002a074        0x8 Output/Release/Obj/ble_app_beacon_pca10040_s132/nrf_sortlist.o
                0x000000000002a074                m_nrf_log_sortlist_logs_data_const
                0x000000000002a07c                __log_const_data_end__ = (__log_const_data_start__ + SIZEOF (.log_const_data))
                0x0000000000000068                __log_const_data_size__ = SIZEOF (.log_const_data)
                0x000000000002a07c                __stop_log_const_data = __log_const_data_end__
                0x000000000002a07c                __log_const_data_load_end__ = __log_const_data_end__
                0x0000000000000001                . = ASSERT (((__log_const_data_start__ == __log_const_data_end__) || ((__log_const_data_end__ - __FLASH1_segment_start__) <= __FLASH1_segment_size__)), error: .log_const_data is too large to fit in FLASH1 memory segment)
                0x000000000002a07c                __log_backends_load_start__ = ALIGN (__log_const_data_end__, 0x4)

.log_backends   0x000000000002a07c       0x10
                0x000000000002a07c                __log_backends_start__ = .
                0x000000000002a07c                __start_log_backends = __log_backends_start__
 *(SORT_BY_NAME(.log_backends*))
 .log_backends  0x000000000002a07c       0x10 Output/Release/Obj/ble_app_beacon_pca10040_s132/nrf_log_default_backends.o
                0x000000000002a08c                __log_backends_end__ = (__log_backends_start__ + SIZEOF (.log_backends))
                0x0000000000000010                __log_backends_size__ = SIZEOF (.log_backends)
                0x000000000002a08c                __stop_log_backends = __log_backends_end__
                0x000000000002a08c                __log_backends_load_end__ = __log_backends_end__
                0x0000000000000001                . = ASSERT (((__log_backends_start__ == __log_backends_end__) || ((__log_backends_end__ - __FLASH1_segment_start__) <= __FLASH1_segment_size__)), error: .log_backends is too large to fit in FLASH1 memory segment)
                0x000000000002a08c                __nrf_sections_load_start__ = ALIGN (__log_backends_end__, 0x4)

.nrf_sections   0x000000000002a08c        0x0
                0x000000000002a08c                __nrf_sections_start__ = .
                0x000000000002a08c                __start_nrf_sections = __nrf_sections_start__
 *(.nrf_sections .nrf_sections.*)
                0x000000000002a08c                __nrf_sections_end__ = (__nrf_sections_start__ + SIZEOF (.nrf_sections))
                0x0000000000000000                __nrf_sections_size__ = SIZEOF (.nrf_sections)
                0x000000000002a08c                __nrf_sections_load_end__ = __nrf_sections_end__
                0x0000000000000001                . = ASSERT (((__nrf_sections_start__ == __nrf_sections_end__) || ((__nrf_sections_end__ - __FLASH1_segment_start__) <= __FLASH1_segment_size__)), error: .nrf_sections is too large to fit in FLASH1 memory segment)
                0x000000000002a08c                __cli_sorted_cmd_ptrs_load_start__ = ALIGN (__nrf_sections_end__, 0x4)

.cli_sorted_cmd_ptrs
                0x00000000200018c8        0x0 load address 0x000000000002a08c
                0x00000000200018c8                __cli_sorted_cmd_ptrs_start__ = .
 *(.cli_sorted_cmd_ptrs*)
                0x00000000200018c8                __cli_sorted_cmd_ptrs_end__ = (__cli_sorted_cmd_ptrs_start__ + SIZEOF (.cli_sorted_cmd_ptrs))
                0x0000000000000000                __cli_sorted_cmd_ptrs_size__ = SIZEOF (.cli_sorted_cmd_ptrs)
                0x000000000002a08c                __cli_sorted_cmd_ptrs_load_end__ = (__cli_sorted_cmd_ptrs_load_start__ + SIZEOF (.cli_sorted_cmd_ptrs))
                0x0000000000000001                . = ASSERT (((__cli_sorted_cmd_ptrs_load_start__ == __cli_sorted_cmd_ptrs_load_end__) || ((__cli_sorted_cmd_ptrs_load_end__ - __FLASH1_segment_start__) <= __FLASH1_segment_size__)), error: .cli_sorted_cmd_ptrs is too large to fit in FLASH1 memory segment)

.cli_sorted_cmd_ptrs_run
                0x00000000200018c8        0x0
                0x00000000200018c8                __cli_sorted_cmd_ptrs_run_start__ = .
                0x00000000200018c8                __start_cli_sorted_cmd_ptrs = __cli_sorted_cmd_ptrs_run_start__
                0x00000000200018c8                __cli_sorted_cmd_ptrs_run_end__ = (__cli_sorted_cmd_ptrs_run_start__ + SIZEOF (.cli_sorted_cmd_ptrs))
                0x0000000000000000                __cli_sorted_cmd_ptrs_run_size__ = (__cli_sorted_cmd_ptrs_run_end__ - __cli_sorted_cmd_ptrs_run_start__)
                0x00000000200018c8                __stop_cli_sorted_cmd_ptrs = __cli_sorted_cmd_ptrs_run_end__
                0x00000000200018c8                __cli_sorted_cmd_ptrs_run_load_end__ = __cli_sorted_cmd_ptrs_run_end__
                0x0000000000000001                . = ASSERT (((__cli_sorted_cmd_ptrs_run_start__ == __cli_sorted_cmd_ptrs_run_end__) || ((__cli_sorted_cmd_ptrs_run_end__ - __RAM1_segment_start__) <= __RAM1_segment_size__)), error: .cli_sorted_cmd_ptrs_run is too large to fit in RAM1 memory segment)
                0x000000000002a08c                __fs_data_load_start__ = ALIGN ((__cli_sorted_cmd_ptrs_load_start__ + SIZEOF (.cli_sorted_cmd_ptrs)), 0x4)

.fs_data        0x00000000200018c8        0x0 load address 0x000000000002a08c
                0x00000000200018c8                __fs_data_start__ = .
 *(.fs_data*)
                0x00000000200018c8                __fs_data_end__ = (__fs_data_start__ + SIZEOF (.fs_data))
                0x0000000000000000                __fs_data_size__ = SIZEOF (.fs_data)
                0x000000000002a08c                __fs_data_load_end__ = (__fs_data_load_start__ + SIZEOF (.fs_data))
                0x0000000000000001                . = ASSERT (((__fs_data_load_start__ == __fs_data_load_end__) || ((__fs_data_load_end__ - __FLASH1_segment_start__) <= __FLASH1_segment_size__)), error: .fs_data is too large to fit in FLASH1 memory segment)

.fs_data_run    0x00000000200018c8        0x0
                0x00000000200018c8                __fs_data_run_start__ = .
                0x00000000200018c8                __start_fs_data = __fs_data_run_start__
                0x00000000200018c8                __fs_data_run_end__ = (__fs_data_run_start__ + SIZEOF (.fs_data))
                0x0000000000000000                __fs_data_run_size__ = (__fs_data_run_end__ - __fs_data_run_start__)
                0x00000000200018c8                __stop_fs_data = __fs_data_run_end__
                0x00000000200018c8                __fs_data_run_load_end__ = __fs_data_run_end__
                0x0000000000000001                . = ASSERT (((__fs_data_run_start__ == __fs_data_run_end__) || ((__fs_data_run_end__ - __RAM1_segment_start__) <= __RAM1_segment_size__)), error: .fs_data_run is too large to fit in RAM1 memory segment)
                0x000000000002a08c                __log_dynamic_data_load_start__ = ALIGN ((__fs_data_load_start__ + SIZEOF (.fs_data)), 0x4)

.log_dynamic_data
                0x00000000200018c8        0x0 load address 0x000000000002a08c
                0x00000000200018c8                __log_dynamic_data_start__ = .
 *(SORT_BY_NAME(.log_dynamic_data*))
                0x00000000200018c8                __log_dynamic_data_end__ = (__log_dynamic_data_start__ + SIZEOF (.log_dynamic_data))
                0x0000000000000000                __log_dynamic_data_size__ = SIZEOF (.log_dynamic_data)
                0x000000000002a08c                __log_dynamic_data_load_end__ = (__log_dynamic_data_load_start__ + SIZEOF (.log_dynamic_data))
                0x0000000000000001                . = ASSERT (((__log_dynamic_data_load_start__ == __log_dynamic_data_load_end__) || ((__log_dynamic_data_load_end__ - __FLASH1_segment_start__) <= __FLASH1_segment_size__)), error: .log_dynamic_data is too large to fit in FLASH1 memory segment)

.log_dynamic_data_run
                0x00000000200018c8        0x0
                0x00000000200018c8                __log_dynamic_data_run_start__ = .
                0x00000000200018c8                __start_log_dynamic_data = __log_dynamic_data_run_start__
                0x00000000200018c8                __log_dynamic_data_run_end__ = (__log_dynamic_data_run_start__ + SIZEOF (.log_dynamic_data))
                0x0000000000000000                __log_dynamic_data_run_size__ = (__log_dynamic_data_run_end__ - __log_dynamic_data_run_start__)
                0x00000000200018c8                __stop_log_dynamic_data = __log_dynamic_data_run_end__
                0x00000000200018c8                __log_dynamic_data_run_load_end__ = __log_dynamic_data_run_end__
                0x0000000000000001                . = ASSERT (((__log_dynamic_data_run_start__ == __log_dynamic_data_run_end__) || ((__log_dynamic_data_run_end__ - __RAM1_segment_start__) <= __RAM1_segment_size__)), error: .log_dynamic_data_run is too large to fit in RAM1 memory segment)
                0x000000000002a08c                __log_filter_data_load_start__ = ALIGN ((__log_dynamic_data_load_start__ + SIZEOF (.log_dynamic_data)), 0x4)

.log_filter_data
                0x00000000200018c8        0x0 load address 0x000000000002a08c
                0x00000000200018c8                __log_filter_data_start__ = .
 *(SORT_BY_NAME(.log_filter_data*))
                0x00000000200018c8                __log_filter_data_end__ = (__log_filter_data_start__ + SIZEOF (.log_filter_data))
                0x0000000000000000                __log_filter_data_size__ = SIZEOF (.log_filter_data)
                0x000000000002a08c                __log_filter_data_load_end__ = (__log_filter_data_load_start__ + SIZEOF (.log_filter_data))
                0x0000000000000001                . = ASSERT (((__log_filter_data_load_start__ == __log_filter_data_load_end__) || ((__log_filter_data_load_end__ - __FLASH1_segment_start__) <= __FLASH1_segment_size__)), error: .log_filter_data is too large to fit in FLASH1 memory segment)

.log_filter_data_run
                0x00000000200018c8        0x0
                0x00000000200018c8                __log_filter_data_run_start__ = .
                0x00000000200018c8                __start_log_filter_data = __log_filter_data_run_start__
                0x00000000200018c8                __log_filter_data_run_end__ = (__log_filter_data_run_start__ + SIZEOF (.log_filter_data))
                0x0000000000000000                __log_filter_data_run_size__ = (__log_filter_data_run_end__ - __log_filter_data_run_start__)
                0x00000000200018c8                __stop_log_filter_data = __log_filter_data_run_end__
                0x00000000200018c8                __log_filter_data_run_load_end__ = __log_filter_data_run_end__
                0x0000000000000001                . = ASSERT (((__log_filter_data_run_start__ == __log_filter_data_run_end__) || ((__log_filter_data_run_end__ - __RAM1_segment_start__) <= __RAM1_segment_size__)), error: .log_filter_data_run is too large to fit in RAM1 memory segment)
                0x00000000200018c8                __nrf_sections_run_end_load_start__ = ALIGN (__log_filter_data_run_end__, 0x4)

.nrf_sections_run_end
                0x00000000200018c8        0x0
                0x00000000200018c8                __nrf_sections_run_end_start__ = .
                0x00000000200018c8                __end_nrf_sections_run = __nrf_sections_run_end_start__
 *(.nrf_sections_run_end .nrf_sections_run_end.*)
                0x00000000200018c8                __nrf_sections_run_end_end__ = (__nrf_sections_run_end_start__ + SIZEOF (.nrf_sections_run_end))
                0x0000000000000000                __nrf_sections_run_end_size__ = SIZEOF (.nrf_sections_run_end)
                0x00000000200018c8                __nrf_sections_run_end_load_end__ = __nrf_sections_run_end_end__
                0x0000000000000001                . = ASSERT (((__nrf_sections_run_end_start__ == __nrf_sections_run_end_end__) || ((__nrf_sections_run_end_end__ - __RAM1_segment_start__) <= __RAM1_segment_size__)), error: .nrf_sections_run_end is too large to fit in RAM1 memory segment)
                0x000000000002a08c                __dtors_load_start__ = ALIGN ((__log_filter_data_load_start__ + SIZEOF (.log_filter_data)), 0x4)

.dtors          0x000000000002a08c        0x0
                0x000000000002a08c                __dtors_start__ = .
 *(SORT_BY_NAME(.dtors.*))
 *(.dtors)
 *(.fini_array)
 *(SORT_BY_NAME(.fini_array.*))
                0x000000000002a08c                __dtors_end__ = (__dtors_start__ + SIZEOF (.dtors))
                0x0000000000000000                __dtors_size__ = SIZEOF (.dtors)
                0x000000000002a08c                __dtors_load_end__ = __dtors_end__
                0x0000000000000001                . = ASSERT (((__dtors_start__ == __dtors_end__) || ((__dtors_end__ - __FLASH1_segment_start__) <= __FLASH1_segment_size__)), error: .dtors is too large to fit in FLASH1 memory segment)
                0x000000000002a08c                __ctors_load_start__ = ALIGN (__dtors_end__, 0x4)

.ctors          0x000000000002a08c        0x0
                0x000000000002a08c                __ctors_start__ = .
 *(SORT_BY_NAME(.ctors.*))
 *(.ctors)
 *(.init_array)
 *(SORT_BY_NAME(.init_array.*))
                0x000000000002a08c                __ctors_end__ = (__ctors_start__ + SIZEOF (.ctors))
                0x0000000000000000                __ctors_size__ = SIZEOF (.ctors)
                0x000000000002a08c                __ctors_load_end__ = __ctors_end__
                0x0000000000000001                . = ASSERT (((__ctors_start__ == __ctors_end__) || ((__ctors_end__ - __FLASH1_segment_start__) <= __FLASH1_segment_size__)), error: .ctors is too large to fit in FLASH1 memory segment)
                0x000000000002a08c                __rodata_load_start__ = ALIGN (__ctors_end__, 0x4)

.rodata         0x000000000002a08c      0xc34
                0x000000000002a08c                __rodata_start__ = .
 *(.rodata .rodata.* .gnu.linkonce.r.*)
 .rodata        0x000000000002a08c       0x20 Output/Release/Obj/ble_app_beacon_pca10040_s132/nrf_log_backend_uart.o
 .rodata.nrf_log_backend_uart_api
                0x000000000002a0ac        0xc Output/Release/Obj/ble_app_beacon_pca10040_s132/nrf_log_backend_uart.o
                0x000000000002a0ac                nrf_log_backend_uart_api
 .rodata.str1.1
                0x000000000002a0b8       0x11 Output/Release/Obj/ble_app_beacon_pca10040_s132/nrf_log_default_backends.o
 .rodata.nrf_log_frontend_dequeue.str1.1
                0x000000000002a0c9       0x11 Output/Release/Obj/ble_app_beacon_pca10040_s132/nrf_log_frontend.o
 .rodata.str1.1
                0x000000000002a0da        0x4 Output/Release/Obj/ble_app_beacon_pca10040_s132/nrf_log_frontend.o
 *fill*         0x000000000002a0de        0x2 
 .rodata.m_log_push_ringbuf
                0x000000000002a0e0        0xc Output/Release/Obj/ble_app_beacon_pca10040_s132/nrf_log_frontend.o
 .rodata.prefix_process.str1.1
                0x000000000002a0ec       0x32 Output/Release/Obj/ble_app_beacon_pca10040_s132/nrf_log_str_formatter.o
 .rodata.postfix_process.str1.1
                0x000000000002a11e       0x32 Output/Release/Obj/ble_app_beacon_pca10040_s132/nrf_log_str_formatter.o
                                          0x3 (size before relaxing)
 .rodata.nrf_log_hexdump_entry_process.str1.1
                0x000000000002a11e        0xf Output/Release/Obj/ble_app_beacon_pca10040_s132/nrf_log_str_formatter.o
                                         0x11 (size before relaxing)
 .rodata.str1.1
                0x000000000002a12d       0x4b Output/Release/Obj/ble_app_beacon_pca10040_s132/nrf_log_str_formatter.o
                                         0x51 (size before relaxing)
 .rodata.m_colors
                0x000000000002a178       0x24 Output/Release/Obj/ble_app_beacon_pca10040_s132/nrf_log_str_formatter.o
 .rodata.severity_names
                0x000000000002a19c       0x14 Output/Release/Obj/ble_app_beacon_pca10040_s132/nrf_log_str_formatter.o
 .rodata.str1.1
                0x000000000002a1b0        0xb Output/Release/Obj/ble_app_beacon_pca10040_s132/app_button.o
 *fill*         0x000000000002a1bb        0x1 
 .rodata.m_detection_delay_timer_id
                0x000000000002a1bc        0x4 Output/Release/Obj/ble_app_beacon_pca10040_s132/app_button.o
 .rodata.app_error_fault_handler.str1.1
                0x000000000002a1c0       0x19 Output/Release/Obj/ble_app_beacon_pca10040_s132/app_error_weak.o
 .rodata.str1.1
                0x000000000002a1d9        0xa Output/Release/Obj/ble_app_beacon_pca10040_s132/app_timer2.o
 *fill*         0x000000000002a1e3        0x1 
 .rodata        0x000000000002a1e4        0x4 Output/Release/Obj/ble_app_beacon_pca10040_s132/app_timer2.o
 .rodata.m_app_timer_sortlist
                0x000000000002a1e8        0xc Output/Release/Obj/ble_app_beacon_pca10040_s132/app_timer2.o
 .rodata.drv_rtc_init.str1.1
                0x000000000002a1f4       0x34 Output/Release/Obj/ble_app_beacon_pca10040_s132/drv_rtc.o
 *fill*         0x000000000002a228        0x8 
 .rodata.delay_machine_code.0
                0x000000000002a230        0x6 Output/Release/Obj/ble_app_beacon_pca10040_s132/drv_rtc.o
 .rodata._aV2C.0
                0x000000000002a236       0x10 Output/Release/Obj/ble_app_beacon_pca10040_s132/nrf_fprintf_format.o
 .rodata.str1.1
                0x000000000002a246        0x9 Output/Release/Obj/ble_app_beacon_pca10040_s132/nrf_pwr_mgmt.o
 *fill*         0x000000000002a24f        0x1 
 .rodata.pwr_mgmt_data
                0x000000000002a250        0xc Output/Release/Obj/ble_app_beacon_pca10040_s132/nrf_pwr_mgmt.o
 .rodata.str1.1
                0x000000000002a25c        0x9 Output/Release/Obj/ble_app_beacon_pca10040_s132/nrf_sortlist.o
 .rodata.str1.1
                0x000000000002a265      0x3ba Output/Release/Obj/ble_app_beacon_pca10040_s132/nrf_strerror.o
 .rodata.m_unknown_str
                0x000000000002a61f       0x13 Output/Release/Obj/ble_app_beacon_pca10040_s132/nrf_strerror.o
 *fill*         0x000000000002a632        0x2 
 .rodata.nrf_strerror_array
                0x000000000002a634      0x128 Output/Release/Obj/ble_app_beacon_pca10040_s132/nrf_strerror.o
 .rodata.CSWTCH.14
                0x000000000002a75c        0x4 Output/Release/Obj/ble_app_beacon_pca10040_s132/system_nrf52.o
 .rodata.CSWTCH.18
                0x000000000002a760        0x4 Output/Release/Obj/ble_app_beacon_pca10040_s132/system_nrf52.o
 .rodata.CSWTCH.4
                0x000000000002a764        0x4 Output/Release/Obj/ble_app_beacon_pca10040_s132/system_nrf52.o
 .rodata.m_board_led_list
                0x000000000002a768        0x2 Output/Release/Obj/ble_app_beacon_pca10040_s132/boards.o
 .rodata.str1.1
                0x000000000002a76a        0x6 Output/Release/Obj/ble_app_beacon_pca10040_s132/nrf_drv_clock.o
 .rodata.str1.1
                0x000000000002a770        0x6 Output/Release/Obj/ble_app_beacon_pca10040_s132/nrfx_clock.o
 .rodata.str1.1
                0x000000000002a776        0x7 Output/Release/Obj/ble_app_beacon_pca10040_s132/nrfx_gpiote.o
 .rodata.str1.1
                0x000000000002a77d        0x4 Output/Release/Obj/ble_app_beacon_pca10040_s132/nrfx_prs.o
 .rodata.str1.1
                0x000000000002a781        0x6 Output/Release/Obj/ble_app_beacon_pca10040_s132/nrfx_uarte.o
 *fill*         0x000000000002a787        0x1 
 .rodata.app_buttons
                0x000000000002a788       0x20 Output/Release/Obj/ble_app_beacon_pca10040_s132/bsp.o
 .rodata.m_bsp_alert_tmr
                0x000000000002a7a8        0x4 Output/Release/Obj/ble_app_beacon_pca10040_s132/bsp.o
 .rodata.m_bsp_button_tmr
                0x000000000002a7ac        0x4 Output/Release/Obj/ble_app_beacon_pca10040_s132/bsp.o
 .rodata.m_bsp_leds_tmr
                0x000000000002a7b0        0x4 Output/Release/Obj/ble_app_beacon_pca10040_s132/bsp.o
 .rodata.single_shot_timer_handler.str1.1
                0x000000000002a7b4       0x10 Output/Release/Obj/ble_app_beacon_pca10040_s132/main.o
 .rodata.bsp_event_handler.str1.1
                0x000000000002a7c4       0x10 Output/Release/Obj/ble_app_beacon_pca10040_s132/main.o
 .rodata.main.str1.1
                0x000000000002a7d4       0x11 Output/Release/Obj/ble_app_beacon_pca10040_s132/main.o
 *fill*         0x000000000002a7e5        0x3 
 .rodata.m_single_shot_timer_id
                0x000000000002a7e8        0x4 Output/Release/Obj/ble_app_beacon_pca10040_s132/main.o
 .rodata._DoInit.str1.1
                0x000000000002a7ec       0x14 Output/Release/Obj/ble_app_beacon_pca10040_s132/SEGGER_RTT.o
 .rodata.str1.1
                0x000000000002a800        0x8 Output/Release/Obj/ble_app_beacon_pca10040_s132/nrf_sdh.o
 .rodata        0x000000000002a808        0x4 Output/Release/Obj/ble_app_beacon_pca10040_s132/nrf_sdh.o
 .rodata.sdh_req_observers
                0x000000000002a80c        0xc Output/Release/Obj/ble_app_beacon_pca10040_s132/nrf_sdh.o
 .rodata.sdh_state_observers
                0x000000000002a818        0xc Output/Release/Obj/ble_app_beacon_pca10040_s132/nrf_sdh.o
 .rodata.nrf_sdh_ble_default_cfg_set.str1.1
                0x000000000002a824      0x182 Output/Release/Obj/ble_app_beacon_pca10040_s132/nrf_sdh_ble.o
 .rodata.nrf_sdh_ble_enable.str1.1
                0x000000000002a9a6       0xa7 Output/Release/Obj/ble_app_beacon_pca10040_s132/nrf_sdh_ble.o
 .rodata.str1.1
                0x000000000002aa4d        0xc Output/Release/Obj/ble_app_beacon_pca10040_s132/nrf_sdh_ble.o
 *fill*         0x000000000002aa59        0x3 
 .rodata.sdh_ble_observers
                0x000000000002aa5c        0xc Output/Release/Obj/ble_app_beacon_pca10040_s132/nrf_sdh_ble.o
 .rodata.str1.1
                0x000000000002aa68        0xc Output/Release/Obj/ble_app_beacon_pca10040_s132/nrf_sdh_soc.o
 .rodata.sdh_soc_observers
                0x000000000002aa74        0xc Output/Release/Obj/ble_app_beacon_pca10040_s132/nrf_sdh_soc.o
 .rodata.libc.__RAL_find_locale.str1.4
                0x000000000002aa80        0xa C:/Program Files/SEGGER/SEGGER Embedded Studio for ARM 5.62/lib/libc_v7em_t_le_eabi.a(libc2.o)
 *fill*         0x000000000002aa8a        0x2 
 .rodata.libc.__RAL_ascii_ctype_map
                0x000000000002aa8c       0x80 C:/Program Files/SEGGER/SEGGER Embedded Studio for ARM 5.62/lib/libc_v7em_t_le_eabi.a(libc2.o)
                0x000000000002aa8c                __RAL_ascii_ctype_map
 .rodata.libc.__RAL_ascii_ctype_mask
                0x000000000002ab0c        0xd C:/Program Files/SEGGER/SEGGER Embedded Studio for ARM 5.62/lib/libc_v7em_t_le_eabi.a(libc2.o)
 *fill*         0x000000000002ab19        0x3 
 .rodata.libc.__RAL_c_locale
                0x000000000002ab1c        0xc C:/Program Files/SEGGER/SEGGER Embedded Studio for ARM 5.62/lib/libc_v7em_t_le_eabi.a(libc2.o)
                0x000000000002ab1c                __RAL_c_locale
 .rodata.libc.__RAL_c_locale_abbrev_day_names
                0x000000000002ab28       0x1d C:/Program Files/SEGGER/SEGGER Embedded Studio for ARM 5.62/lib/libc_v7em_t_le_eabi.a(libc2.o)
                0x000000000002ab28                __RAL_c_locale_abbrev_day_names
 *fill*         0x000000000002ab45        0x3 
 .rodata.libc.__RAL_c_locale_abbrev_month_names
                0x000000000002ab48       0x31 C:/Program Files/SEGGER/SEGGER Embedded Studio for ARM 5.62/lib/libc_v7em_t_le_eabi.a(libc2.o)
                0x000000000002ab48                __RAL_c_locale_abbrev_month_names
 *fill*         0x000000000002ab79        0x3 
 .rodata.libc.__RAL_c_locale_am_pm_indicator
                0x000000000002ab7c        0x7 C:/Program Files/SEGGER/SEGGER Embedded Studio for ARM 5.62/lib/libc_v7em_t_le_eabi.a(libc2.o)
                0x000000000002ab7c                __RAL_c_locale_am_pm_indicator
 *fill*         0x000000000002ab83        0x1 
 .rodata.libc.__RAL_c_locale_data
                0x000000000002ab84       0x58 C:/Program Files/SEGGER/SEGGER Embedded Studio for ARM 5.62/lib/libc_v7em_t_le_eabi.a(libc2.o)
                0x000000000002ab84                __RAL_c_locale_data
 .rodata.libc.__RAL_c_locale_date_format
                0x000000000002abdc        0x9 C:/Program Files/SEGGER/SEGGER Embedded Studio for ARM 5.62/lib/libc_v7em_t_le_eabi.a(libc2.o)
                0x000000000002abdc                __RAL_c_locale_date_format
 *fill*         0x000000000002abe5        0x3 
 .rodata.libc.__RAL_c_locale_date_time_format
                0x000000000002abe8        0xf C:/Program Files/SEGGER/SEGGER Embedded Studio for ARM 5.62/lib/libc_v7em_t_le_eabi.a(libc2.o)
                0x000000000002abe8                __RAL_c_locale_date_time_format
 *fill*         0x000000000002abf7        0x1 
 .rodata.libc.__RAL_c_locale_day_names
                0x000000000002abf8       0x3a C:/Program Files/SEGGER/SEGGER Embedded Studio for ARM 5.62/lib/libc_v7em_t_le_eabi.a(libc2.o)
                0x000000000002abf8                __RAL_c_locale_day_names
 *fill*         0x000000000002ac32        0x2 
 .rodata.libc.__RAL_c_locale_month_names
                0x000000000002ac34       0x57 C:/Program Files/SEGGER/SEGGER Embedded Studio for ARM 5.62/lib/libc_v7em_t_le_eabi.a(libc2.o)
                0x000000000002ac34                __RAL_c_locale_month_names
 *fill*         0x000000000002ac8b        0x1 
 .rodata.libc.__RAL_c_locale_time_format
                0x000000000002ac8c        0x9 C:/Program Files/SEGGER/SEGGER Embedded Studio for ARM 5.62/lib/libc_v7em_t_le_eabi.a(libc2.o)
                0x000000000002ac8c                __RAL_c_locale_time_format
 *fill*         0x000000000002ac95        0x3 
 .rodata.libc.__RAL_codeset_ascii
                0x000000000002ac98       0x20 C:/Program Files/SEGGER/SEGGER Embedded Studio for ARM 5.62/lib/libc_v7em_t_le_eabi.a(libc2.o)
                0x000000000002ac98                __RAL_codeset_ascii
 .rodata.libc.__RAL_data_empty_string
                0x000000000002acb8        0x1 C:/Program Files/SEGGER/SEGGER Embedded Studio for ARM 5.62/lib/libc_v7em_t_le_eabi.a(libc2.o)
                0x000000000002acb8                __RAL_data_empty_string
 *fill*         0x000000000002acb9        0x3 
 .rodata.libc.__RAL_data_utf8_period
                0x000000000002acbc        0x2 C:/Program Files/SEGGER/SEGGER Embedded Studio for ARM 5.62/lib/libc_v7em_t_le_eabi.a(libc2.o)
                0x000000000002acbc                __RAL_data_utf8_period
                0x000000000002acc0                . = ALIGN (MAX ((__rodata_start__ + 0x4), .), 0x4)
 *fill*         0x000000000002acbe        0x2 
                0x000000000002acc0                __rodata_end__ = (__rodata_start__ + SIZEOF (.rodata))
                0x0000000000000c34                __rodata_size__ = SIZEOF (.rodata)
                0x000000000002acc0                __rodata_load_end__ = __rodata_end__

.rel.dyn        0x000000000002acc0        0x0
 .rel.iplt      0x000000000002acc0        0x0 Output/Release/Obj/ble_app_beacon_pca10040_s132/thumb_crt0.o
                0x0000000000000001                . = ASSERT (((__rodata_start__ == __rodata_end__) || ((__rodata_end__ - __FLASH1_segment_start__) <= __FLASH1_segment_size__)), error: .rodata is too large to fit in FLASH1 memory segment)
                0x000000000002acc0                __ARM.exidx_load_start__ = ALIGN (__rodata_end__, 0x4)

.ARM.exidx      0x000000000002acc0        0x0
                0x000000000002acc0                __ARM.exidx_start__ = .
                0x000000000002acc0                __exidx_start = __ARM.exidx_start__
 *(.ARM.exidx .ARM.exidx.*)
                0x000000000002acc0                __ARM.exidx_end__ = (__ARM.exidx_start__ + SIZEOF (.ARM.exidx))
                0x0000000000000000                __ARM.exidx_size__ = SIZEOF (.ARM.exidx)
                0x000000000002acc0                __exidx_end = __ARM.exidx_end__
                0x000000000002acc0                __ARM.exidx_load_end__ = __ARM.exidx_end__